D/GCM     (  592): Message class com.google.f.a.a.i
D/ConnectivityService(  375): handleInetConditionHoldEnd: net=1, condition=100, published condition=100
W/ProcessStats(  375): Skipping unknown process pid 26504
D/dalvikvm(  375): GC_CONCURRENT freed 2720K, 23% free 20142K/25844K, paused 8ms+9ms, total 151ms
D/webviewglue(14119): OnTrimMemory with EGL Context 0x0
D/dalvikvm(  375): GC_CONCURRENT freed 2696K, 23% free 20148K/25844K, paused 4ms+10ms, total 139ms
D/webviewglue(14119): OnTrimMemory with EGL Context 0x0
V/DigitalWidgetViewsFactory(16711): DigitalWidget sets next alarm string to null
D/dalvikvm(  375): GC_CONCURRENT freed 2686K, 23% free 20149K/25844K, paused 5ms+9ms, total 151ms
D/GCM     (  592): Message class com.google.f.a.a.i
D/ConnectivityService(  375): handleInetConditionHoldEnd: net=1, condition=100, published condition=100
I/PowerManagerService(  375): Waking up from sleep...
D/webviewglue(14119): OnTrimMemory with EGL Context 0x0
I/ActivityManager(  375): Start proc com.google.android.gallery3d for broadcast com.google.android.gallery3d/com.google.android.picasasync.BatteryReceiver: pid=28481 uid=10017 gids={50017, 1006, 3003, 1015, 1028}
I/WindowManager(  375): Lock screen displayed!
V/DigitalWidgetViewsFactory(16711): DigitalWidget sets next alarm string to null
D/webviewglue(14119): OnTrimMemory with EGL Context 0x0
D/PowerManagerService-JNI(  375): Excessive delay in autosuspend_disable() while turning screen on: 356ms
D/SurfaceFlinger(  124): Screen acquired, type=0 flinger=0x400f2478
D/dalvikvm(28481): GC_CONCURRENT freed 318K, 4% free 9074K/9428K, paused 11ms+2ms, total 47ms
D/webviewglue(14119): OnTrimMemory with EGL Context 0x0
D/dalvikvm(  375): GC_CONCURRENT freed 3414K, 25% free 19536K/25844K, paused 19ms+12ms, total 361ms
D/LightsService(  375): Excessive delay setting light: 124ms
I/ActivityManager(  375): Start proc com.google.android.apps.uploader for broadcast com.google.android.apps.uploader/com.google.android.picasasync.BatteryReceiver: pid=28503 uid=10034 gids={50034, 3003, 1015, 1028}
D/UploadsManager(28481):    wifiOnlyPhoto changed to true
D/UploadsManager(28481):    wifiOnlyVideo changed to true
D/UploadsManager(28481):    syncOnBattery changed to true
D/PicasaSync(28481): sync account database
I/iu.Environment(  768): update battery state; isPlugged? false*
I/GCoreUlr(  576): Starting service, intent=Intent { act=com.google.android.location.reporting.ACTION_UPDATE_WORLD cmp=com.google.android.gms/com.google.android.location.reporting.service.DispatchingService (has extras) }, extras=Bundle[{receiverAction=android.intent.action.ACTION_POWER_DISCONNECTED}]
I/ActivityManager(  375): Start proc com.google.android.apps.plus for broadcast com.google.android.apps.plus/com.google.android.libraries.social.autobackup.AutoBackupEnvironment$BatteryReceiver: pid=28518 uid=10043 gids={50043, 3003, 3002, 1015, 1006, 1028}
I/GCoreUlr(  576): DispatchingService.onCreate()
E/dalvikvm(28518): Could not find class 'android.app.Notification$Action$Builder', referenced from method b.a
W/dalvikvm(28518): VFY: unable to resolve new-instance 298 (Landroid/app/Notification$Action$Builder;) in Lb;
D/dalvikvm(28518): VFY: replacing opcode 0x22 at 0x0000
E/dalvikvm(28518): Could not find class 'android.graphics.drawable.RippleDrawable', referenced from method b.a
W/dalvikvm(28518): VFY: unable to resolve new-instance 459 (Landroid/graphics/drawable/RippleDrawable;) in Lb;
D/dalvikvm(28518): VFY: replacing opcode 0x22 at 0x000b
W/dalvikvm(28518): VFY: unable to find class referenced in signature (Lbfg;)
W/dalvikvm(28518): VFY: unable to find class referenced in signature (Lbfg;)
W/dalvikvm(28518): VFY: unable to find class referenced in signature (Lzt;)
W/dalvikvm(28518): VFY: unable to find class referenced in signature (Lzt;)
W/dalvikvm(28518): VFY: unable to find class referenced in signature (Lzt;)
W/dalvikvm(28518): VFY: unable to find class referenced in signature (Lzt;)
W/dalvikvm(28518): VFY: unable to find class referenced in signature (Lzt;)
W/dalvikvm(28518): VFY: unable to find class referenced in signature (Lzt;)
W/dalvikvm(28518): VFY: unable to find class referenced in signature (Lzt;)
E/dalvikvm(28518): Could not find class 'android.app.Notification$Action$Builder', referenced from method b.a
W/dalvikvm(28518): VFY: unable to resolve new-instance 298 (Landroid/app/Notification$Action$Builder;) in Lb;
D/dalvikvm(28518): VFY: replacing opcode 0x22 at 0x0000
D/dalvikvm(28518): GC_CONCURRENT freed 280K, 4% free 9070K/9388K, paused 15ms+12ms, total 66ms
E/dalvikvm(28518): Could not find class 'android.transition.Transition', referenced from method b.a
W/dalvikvm(28518): VFY: unable to resolve check-cast 669 (Landroid/transition/Transition;) in Lb;
D/dalvikvm(28518): VFY: replacing opcode 0x1f at 0x0000
E/dalvikvm(28518): Could not find class 'android.transition.Transition', referenced from method b.a
W/dalvikvm(28518): VFY: unable to resolve check-cast 669 (Landroid/transition/Transition;) in Lb;
D/dalvikvm(28518): VFY: replacing opcode 0x1f at 0x0005
E/dalvikvm(28518): Could not find class 'android.transition.Transition', referenced from method b.a
W/dalvikvm(28518): VFY: unable to resolve check-cast 669 (Landroid/transition/Transition;) in Lb;
D/dalvikvm(28518): VFY: replacing opcode 0x1f at 0x0000
I/dalvikvm(28518): Could not find method android.view.ViewGroup.isTransitionGroup, referenced from method b.a
W/dalvikvm(28518): VFY: unable to resolve virtual method 4236: Landroid/view/ViewGroup;.isTransitionGroup ()Z
D/dalvikvm(28518): VFY: replacing opcode 0x6e at 0x000c
I/dalvikvm(28518): Could not find method android.view.View.getTransitionName, referenced from method b.a
W/dalvikvm(28518): VFY: unable to resolve virtual method 4054: Landroid/view/View;.getTransitionName ()Ljava/lang/String;
D/dalvikvm(28518): VFY: replacing opcode 0x6e at 0x0006
W/dalvikvm(28518): VFY: unable to find class referenced in signature (Lbml;)
W/dalvikvm(28518): VFY: unable to find class referenced in signature (Lbml;)
W/dalvikvm(28518): VFY: unable to find class referenced in signature ([Landroid/app/RemoteInput;)
E/dalvikvm(28518): Could not find class 'android.app.RemoteInput[]', referenced from method b.a
W/dalvikvm(28518): VFY: unable to resolve new-array 12133 ([Landroid/app/RemoteInput;) in Lb;
D/dalvikvm(28518): VFY: replacing opcode 0x23 at 0x0005
E/dalvikvm(28518): Could not find class 'android.transition.Transition', referenced from method b.b
W/dalvikvm(28518): VFY: unable to resolve check-cast 669 (Landroid/transition/Transition;) in Lb;
D/dalvikvm(28518): VFY: replacing opcode 0x1f at 0x0000
D/dalvikvm(28518): DexOpt: unable to opt direct call 0x050c at 0x0e in Lb;.a
D/dalvikvm(28518): DexOpt: unable to opt direct call 0x0878 at 0x0e in Lb;.a
D/dalvikvm(28518): DexOpt: unable to opt direct call 0x050c at 0x0e in Lb;.a
W/dalvikvm(28518): Unable to resolve superclass of Lar; (667)
W/dalvikvm(28518): Link of class 'Lar;' failed
D/dalvikvm(28518): DexOpt: unable to opt direct call 0x1644 at 0x08 in Lb;.a
W/dalvikvm(28518): Unable to resolve superclass of Lat; (667)
W/dalvikvm(28518): Link of class 'Lat;' failed
D/dalvikvm(28518): DexOpt: unable to opt direct call 0x1662 at 0x2c in Lb;.a
D/dalvikvm(28518): DexOpt: unable to opt direct call 0x0564 at 0x13 in Lb;.a
D/dalvikvm(28518): GC_CONCURRENT freed 365K, 5% free 9151K/9556K, paused 6ms+3ms, total 34ms
I/iu.UploadsManager(  768): num queued entries: 0
I/iu.UploadsManager(  768): num updated entries: 0
I/iu.SyncManager(  768): NEXT; no task
D/PicasaSync(28481): accounts in DB=1
D/PicasaUploader(28503):    wifiOnlyPhoto changed to true
D/PicasaUploader(28503):    wifiOnlyVideo changed to true
D/PicasaUploader(28503):    syncOnBattery changed to true
D/PicasaUploaderSync(28503): sync account database
D/PicasaSyncManager(28481): active network: NetworkInfo: type: WIFI[], state: CONNECTED/CONNECTED, reason: (unspecified), extra: "SGB-TS", roaming: false, failover: false, isAvailable: true
D/PicasaSyncManager(28481): background data: true
D/dalvikvm(28518): Trying to load lib /data/app-lib/com.google.android.apps.plus-1/libcrashreporterer.so 0x42360e70
D/dalvikvm(28518): Added shared lib /data/app-lib/com.google.android.apps.plus-1/libcrashreporterer.so 0x42360e70
D/dalvikvm(28518): GC_CONCURRENT freed 331K, 4% free 9293K/9660K, paused 6ms+8ms, total 46ms
I/GCoreUlr(  576): WorldUpdater received intent Intent { act=com.google.android.location.reporting.ACTION_UPDATE_WORLD cmp=com.google.android.gms/com.google.android.location.reporting.service.DispatchingService (has extras) } with receiverAction android.intent.action.ACTION_POWER_DISCONNECTED
I/ActivityManager(  375): Start proc android.process.acore for content provider com.android.providers.contacts/.ContactsProvider2: pid=28541 uid=10000 gids={50000, 3003, 1015, 1028}
I/dalvikvm(21360): Jit: resizing JitTable from 8192 to 16384
D/PicasaUploaderSync(28503): accounts in DB=1
D/PicasaUploaderSyncManager(28503): active network: NetworkInfo: type: WIFI[], state: CONNECTED/CONNECTED, reason: (unspecified), extra: "SGB-TS", roaming: false, failover: false, isAvailable: true
D/PicasaUploaderSyncManager(28503): background data: true
D/PicasaSyncManager(28481): reject PrefetchAlbumCover (**************************) because master auto sync is off
D/PicasaSyncManager(28481): reject PrefetchScreenNail (**************************) because master auto sync is off
D/PicasaSyncManager(28481): battery info: false
D/dalvikvm(28541): GC_CONCURRENT freed 211K, 3% free 9173K/9420K, paused 4ms+2ms, total 33ms
D/PicasaUploaderSyncManager(28503): battery info: false
I/GCoreUlr(  576): WorldUpdater:android.intent.action.ACTION_POWER_DISCONNECTED: Ensuring that reporting is stopped because of reasons: {account#-9#=[InactiveReason{mVersionCode=0, mIdentifier=6, mName='ReportingNotEnabled'}, InactiveReason{mVersionCode=0, mIdentifier=14, mName='HistoryNotEnabled'}]}
I/GCoreUlr(  576): Unbound from all location providers
I/GCoreUlr(  576): DispatchingService.onDestroy()
I/GCoreUlr(  576): Unbound from all location providers
I/ContactLocale(28541): AddressBook Labels [es_ES]: [, A, B, C, D, E, F, G, H, I, J, K, L, M, N, , O, P, Q, R, S, T, U, V, W, X, Y, Z, , , , , , , , , , , , , , , , , , , , , , , , , , , , , , , , , , , , , , , , , , , , , , , , , , , , , , , , , , , , , , , , , , , , , , , , , , , , , , , , , , , , , , , , , , , , , , , , , , , , , , , , , , , , , , , , , , , , , , , , , , , , , , , , , , , , , , , , , , , , , , , , , , , , , , , , , , , , , , , , , , , , , , , , , , , , , , , , , , , , , , #, ]
D/dalvikvm(28541): GC_CONCURRENT freed 152K, 2% free 9456K/9648K, paused 4ms+4ms, total 28ms
I/GAV2    (28481): Thread[GAThread,5,main]: No campaign data found.
D/LightsService(  375): Excessive delay setting light: 66ms
D/LightsService(  375): Excessive delay setting light: 70ms
D/LightsService(  375): Excessive delay setting light: 66ms
D/LightsService(  375): Excessive delay setting light: 67ms
I/PowerManagerService(  375): Going to sleep due to screen timeout...
I/ActivityManager(  375): No longer want com.google.android.gsf.login (pid 16002): empty for 1823s
D/SurfaceFlinger(  124): Screen released, type=0 flinger=0x400f2478
V/KeyguardHostView(  375): hide transport, gen:1
V/KeyguardHostView(  375): music state changed: 0
D/dalvikvm(  576): GC_CONCURRENT freed 418K, 6% free 10612K/11204K, paused 8ms+4ms, total 45ms
D/GCM     (  592): Message class com.google.f.a.a.i
D/ConnectivityService(  375): handleInetConditionHoldEnd: net=1, condition=100, published condition=100
W/ProcessStats(  375): Skipping unknown process pid 28591
W/ProcessStats(  375): Skipping unknown process pid 28592
W/ProcessStats(  375): Skipping unknown process pid 28593
D/GCM     (  592): Message class com.google.f.a.a.i
D/ConnectivityService(  375): handleInetConditionHoldEnd: net=1, condition=100, published condition=100
I/EventLogService(  768): Aggregate from 1429731674725 (log), 1429731674725 (data)
D/dalvikvm(  375): GC_EXPLICIT freed 1171K, 23% free 19984K/25844K, paused 4ms+13ms, total 121ms
D/GCM     (  592): Message class com.google.f.a.a.i
I/GoogleURLConnFactory(  592): Using platform SSLCertificateSocketFactory
D/dalvikvm(  592): GC_CONCURRENT freed 345K, 5% free 10173K/10684K, paused 4ms+4ms, total 42ms
D/ConnectivityService(  375): handleInetConditionHoldEnd: net=1, condition=100, published condition=100
V/DigitalWidgetViewsFactory(16711): DigitalWidget sets next alarm string to null
D/GCM     (  592): Message class com.google.f.a.a.i
D/ConnectivityService(  375): handleInetConditionHoldEnd: net=1, condition=100, published condition=100
D/GCM     (  592): Message class com.google.f.a.a.i
D/ConnectivityService(  375): handleInetConditionHoldEnd: net=1, condition=100, published condition=100
D/GCM     (  592): Message class com.google.f.a.a.i
D/ConnectivityService(  375): handleInetConditionHoldEnd: net=1, condition=100, published condition=100
D/dalvikvm(  576): GC_CONCURRENT freed 507K, 6% free 10571K/11184K, paused 5ms+4ms, total 39ms
I/ActivityManager(  375): Start proc com.google.android.talk for service com.google.android.talk/com.google.android.apps.babel.realtimechat.RealTimeChatService$AlarmWrapperService: pid=28795 uid=10050 gids={50050, 3003, 1015, 1006, 3002, 1028}
D/dalvikvm(28795): GC_CONCURRENT freed 325K, 4% free 9083K/9444K, paused 10ms+3ms, total 35ms
W/Settings(28795): Setting airplane_mode_on has moved from android.provider.Settings.System to android.provider.Settings.Global, returning read-only value.
D/dalvikvm(28795): GC_CONCURRENT freed 368K, 5% free 9112K/9516K, paused 3ms+3ms, total 29ms
D/dalvikvm(  375): GC_EXPLICIT freed 1447K, 24% free 19730K/25844K, paused 7ms+11ms, total 125ms
D/GCM     (  592): Message class com.google.f.a.a.i
D/ConnectivityService(  375): handleInetConditionHoldEnd: net=1, condition=100, published condition=100
D/dalvikvm(21360): GC_EXPLICIT freed 2379K, 35% free 15022K/22940K, paused 6ms+77ms, total 234ms
D/dalvikvm(21360): GC_EXPLICIT freed 261K, 35% free 14964K/22940K, paused 15ms+43ms, total 147ms
D/dalvikvm(21360): Trying to load lib /data/app-lib/com.facebook.katana-1/libfb_imgproc.so 0x4236ac50
D/dalvikvm(21360): Added shared lib /data/app-lib/com.facebook.katana-1/libfb_imgproc.so 0x4236ac50
I/NativeImageProcessor(21360): == read 42 bytes ==
I/NativeImageProcessor(21360): == read -1 bytes ==
D/dalvikvm(  560): GC_FOR_ALLOC freed 250K, 5% free 9718K/10156K, paused 26ms, total 34ms
W/Settings(21360): Setting sys_storage_threshold_percentage has moved from android.provider.Settings.Secure to android.provider.Settings.Global.
W/Settings(21360): Setting sys_storage_threshold_max_bytes has moved from android.provider.Settings.Secure to android.provider.Settings.Global.
W/IdleConnectionHandler(21360): Removing a connection that never existed!
V/DigitalWidgetViewsFactory(16711): DigitalWidget sets next alarm string to null
D/dalvikvm(21360): GC_EXPLICIT freed 1507K, 31% free 15935K/22940K, paused 70ms+18ms, total 356ms
D/dalvikvm(21360): GC_EXPLICIT freed 427K, 31% free 16024K/22940K, paused 7ms+15ms, total 156ms
W/IdleConnectionHandler(21360): Removing a connection that never existed!
D/dalvikvm(21360): GC_EXPLICIT freed 558K, 30% free 16150K/22940K, paused 6ms+12ms, total 135ms
D/dalvikvm(21360): GC_EXPLICIT freed 119K, 31% free 16039K/22940K, paused 7ms+13ms, total 107ms
W/IdleConnectionHandler(21360): Removing a connection that never existed!
I/wpa_supplicant(  455): wlan0: WPA: Group rekeying completed with c0:c1:c0:57:b4:c7 [GTK=TKIP]
I/wpa_supplicant(  455): wlan0: WPA: Group rekeying completed with c0:c1:c0:57:b4:c7 [GTK=TKIP]
D/GCM     (  592): Message class com.google.f.a.a.i
D/ConnectivityService(  375): handleInetConditionHoldEnd: net=1, condition=100, published condition=100
D/GCM     (  592): Message class com.google.f.a.a.i
D/ConnectivityService(  375): handleInetConditionHoldEnd: net=1, condition=100, published condition=100
D/GCM     (  592): Message class com.google.f.a.a.i
D/ConnectivityService(  375): handleInetConditionHoldEnd: net=1, condition=100, published condition=100
I/EventLogService(  768): Aggregate from 1429733474829 (log), 1429733474829 (data)
D/dalvikvm(  768): GC_CONCURRENT freed 713K, 9% free 11516K/12636K, paused 5ms+5ms, total 54ms
I/ContactAccountLoggerTas(  922): canRun() : Opted Out
I/Velvet.VelvetFactory(  922): refreshing search history.
W/GAV2    (  922): Thread[Thread-170,5,main]: dispatch call queued.  Need to call GAServiceManager.getInstance().initialize().
I/ContactAccountLoggerTas(  922): canRun() : Opted Out
I/ActivityManager(  375): Start proc com.google.android.partnersetup for content provider com.google.android.partnersetup/.RlzAppProvider: pid=29042 uid=10023 gids={50023, 3003, 1028}
D/dalvikvm(  922): GC_CONCURRENT freed 402K, 6% free 9902K/10496K, paused 12ms+6ms, total 48ms
D/dalvikvm(  375): WAIT_FOR_CONCURRENT_GC blocked 1ms
I/GLSUser (  592): [GLSUser] getTokenFromCache: [account: <ELLIDED:27950>, callingPkg: com.google.android.googlequicksearchbox, service: mobilepersonalfeeds]
D/dalvikvm(  375): GC_EXPLICIT freed 1517K, 23% free 19964K/25844K, paused 3ms+13ms, total 134ms
D/dalvikvm(  592): GC_EXPLICIT freed 240K, 5% free 10158K/10684K, paused 2ms+5ms, total 41ms
D/dalvikvm(  922): GC_CONCURRENT freed 343K, 5% free 10001K/10496K, paused 2ms+3ms, total 29ms
D/dalvikvm(  922): GC_CONCURRENT freed 487K, 6% free 10012K/10604K, paused 3ms+10ms, total 37ms
D/dalvikvm(  922): GC_FOR_ALLOC freed 289K, 7% free 9945K/10616K, paused 24ms, total 24ms
I/ContactAccountLoggerTas(  922): canRun() : Opted Out
I/GoogleURLConnFactory(  592): Using platform SSLCertificateSocketFactory
D/GCM     (  592): Message class com.google.f.a.a.i
D/ConnectivityService(  375): handleInetConditionHoldEnd: net=1, condition=100, published condition=100
V/DigitalWidgetViewsFactory(16711): DigitalWidget sets next alarm string to null
D/GCM     (  592): Message class com.google.f.a.a.i
D/ConnectivityService(  375): handleInetConditionHoldEnd: net=1, condition=100, published condition=100
D/dalvikvm(  576): GC_CONCURRENT freed 475K, 6% free 10550K/11180K, paused 11ms+4ms, total 339ms
D/GCM     (  592): Message class com.google.f.a.a.i
D/ConnectivityService(  375): handleInetConditionHoldEnd: net=1, condition=100, published condition=100
W/PowerUI (  449): unknown intent: Intent { act=android.intent.action.ACTION_POWER_CONNECTED flg=0x8000010 }
I/PowerManagerService(  375): Waking up from sleep...
I/EntropyMixer(  375): Writing entropy...
D/PicasaSyncManager(28481): battery info: true
D/PicasaUploaderSyncManager(28503): battery info: true
E/NetworkScheduler.SchedulerReceiver(  592): Invalid parameter app
E/NetworkScheduler.SchedulerReceiver(  592): Invalid package name : Perhaps you didn't include a PendingIntent in the extras?
I/iu.Environment(  768): update battery state; isPlugged? true*
I/iu.UploadsManager(  768): num queued entries: 0
I/iu.FingerprintManager(  768): Start processing all media
I/GCoreUlr(  576): Starting service, intent=Intent { act=com.google.android.location.reporting.ACTION_UPDATE_WORLD cmp=com.google.android.gms/com.google.android.location.reporting.service.DispatchingService (has extras) }, extras=Bundle[{receiverAction=android.intent.action.ACTION_POWER_CONNECTED}]
I/WindowManager(  375): Lock screen displayed!
I/iu.UploadsManager(  768): num updated entries: 0
I/GCoreUlr(  576): DispatchingService.onCreate()
I/iu.FingerprintManager(  768): Start processing media store URI: content://media/external/images/media
I/iu.SyncManager(  768): NEXT; no task
D/PicasaSyncManager(28481): reject PrefetchAlbumCover (**************************) because master auto sync is off
D/PicasaSyncManager(28481): reject PrefetchScreenNail (**************************) because master auto sync is off
I/iu.FingerprintManager(  768): Start processing media store URI: content://media/external/video/media
I/iu.FingerprintManager(  768): Start processing media store URI: content://media/phoneStorage/images/media
I/iu.FingerprintManager(  768): Start processing media store URI: content://media/phoneStorage/video/media
I/iu.FingerprintManager(  768): Finished generating fingerprints; 0,294 seconds
I/iu.FingerprintManager(  768):   numSeen=306 numGenerated=0 numDeleted=0 numFailed=0
D/PowerManagerService-JNI(  375): Excessive delay in autosuspend_disable() while turning screen on: 360ms
D/SurfaceFlinger(  124): Screen acquired, type=0 flinger=0x400f2478
V/DigitalWidgetViewsFactory(16711): DigitalWidget sets next alarm string to null
D/LightsService(  375): Excessive delay setting light: 72ms
D/LightsService(  375): Excessive delay setting light: 63ms
D/dalvikvm(28518): GC_CONCURRENT freed 291K, 4% free 9394K/9756K, paused 5ms+15ms, total 50ms
I/GCoreUlr(  576): WorldUpdater received intent Intent { act=com.google.android.location.reporting.ACTION_UPDATE_WORLD cmp=com.google.android.gms/com.google.android.location.reporting.service.DispatchingService (has extras) } with receiverAction android.intent.action.ACTION_POWER_CONNECTED
D/LightsService(  375): Excessive delay setting light: 84ms
D/LightsService(  375): Excessive delay setting light: 72ms
D/LightsService(  375): Excessive delay setting light: 64ms
I/GCoreUlr(  576): WorldUpdater:android.intent.action.ACTION_POWER_CONNECTED: Ensuring that reporting is stopped because of reasons: {account#-9#=[InactiveReason{mVersionCode=0, mIdentifier=6, mName='ReportingNotEnabled'}, InactiveReason{mVersionCode=0, mIdentifier=14, mName='HistoryNotEnabled'}]}
I/GCoreUlr(  576): Unbound from all location providers
I/GCoreUlr(  576): DispatchingService.onDestroy()
I/GCoreUlr(  576): Unbound from all location providers
D/MtpService(24238): updating state; isCurrentUser=true, mMtpLocked=false
D/MtpService(24238): addStorageLocked 65537 /storage/emulated/0
D/MtpService(24238): updating state; isCurrentUser=true, mMtpLocked=false
D/MtpService(24238): starting MTP server in MTP mode
D/MtpService(24238): addStorageLocked 65537 /storage/emulated/0
D/dalvikvm(  375): GC_EXPLICIT freed 1291K, 24% free 19834K/25844K, paused 5ms+8ms, total 115ms
D/MtpService(24238): updating state; isCurrentUser=true, mMtpLocked=false
D/MtpService(24238): addStorageLocked 65537 /storage/emulated/0
D/MtpService(24238): updating state; isCurrentUser=true, mMtpLocked=false
D/MtpService(24238): starting MTP server in MTP mode
D/MtpService(24238): addStorageLocked 65537 /storage/emulated/0
D/LightsService(  375): Excessive delay setting light: 68ms
D/LightsService(  375): Excessive delay setting light: 68ms
D/LightsService(  375): Excessive delay setting light: 66ms
D/LightsService(  375): Excessive delay setting light: 68ms
I/PowerManagerService(  375): Going to sleep due to screen timeout...
D/SurfaceFlinger(  124): Screen released, type=0 flinger=0x400f2478
V/KeyguardHostView(  375): hide transport, gen:1
V/KeyguardHostView(  375): music state changed: 0
I/PowerManagerService(  375): Waking up from sleep...
I/WindowManager(  375): Lock screen displayed!
D/PicasaSyncManager(28481): battery info: false
I/iu.Environment(  768): update battery state; isPlugged? false*
D/PicasaUploaderSyncManager(28503): battery info: false
I/GCoreUlr(  576): Starting service, intent=Intent { act=com.google.android.location.reporting.ACTION_UPDATE_WORLD cmp=com.google.android.gms/com.google.android.location.reporting.service.DispatchingService (has extras) }, extras=Bundle[{receiverAction=android.intent.action.ACTION_POWER_DISCONNECTED}]
I/GCoreUlr(  576): DispatchingService.onCreate()
W/SystemClock(21360): time going backwards: prev 22445062030877(ioctl) vs now 22445057911004(ioctl), tid=11378
I/iu.UploadsManager(  768): num queued entries: 0
I/iu.UploadsManager(  768): num updated entries: 0
I/iu.SyncManager(  768): NEXT; no task
D/dalvikvm(  922): GC_CONCURRENT freed 405K, 7% free 9927K/10612K, paused 3ms+3ms, total 102ms
V/DigitalWidgetViewsFactory(16711): DigitalWidget sets next alarm string to null
D/PicasaSyncManager(28481): reject PrefetchAlbumCover (**************************) because master auto sync is off
D/PicasaSyncManager(28481): reject PrefetchScreenNail (**************************) because master auto sync is off
I/GCoreUlr(  576): WorldUpdater received intent Intent { act=com.google.android.location.reporting.ACTION_UPDATE_WORLD cmp=com.google.android.gms/com.google.android.location.reporting.service.DispatchingService (has extras) } with receiverAction android.intent.action.ACTION_POWER_DISCONNECTED
D/PowerManagerService-JNI(  375): Excessive delay in autosuspend_disable() while turning screen on: 347ms
D/SurfaceFlinger(  124): Screen acquired, type=0 flinger=0x400f2478
D/dalvikvm(  576): GC_CONCURRENT freed 389K, 6% free 10599K/11196K, paused 3ms+6ms, total 50ms
D/LightsService(  375): Excessive delay setting light: 89ms
D/LightsService(  375): Excessive delay setting light: 64ms
I/GCoreUlr(  576): WorldUpdater:android.intent.action.ACTION_POWER_DISCONNECTED: Ensuring that reporting is stopped because of reasons: {account#-9#=[InactiveReason{mVersionCode=0, mIdentifier=6, mName='ReportingNotEnabled'}, InactiveReason{mVersionCode=0, mIdentifier=14, mName='HistoryNotEnabled'}]}
I/GCoreUlr(  576): Unbound from all location providers
I/GCoreUlr(  576): DispatchingService.onDestroy()
I/GCoreUlr(  576): Unbound from all location providers
D/LightsService(  375): Excessive delay setting light: 68ms
D/LightsService(  375): Excessive delay setting light: 67ms
D/LightsService(  375): Excessive delay setting light: 67ms
D/LightsService(  375): Excessive delay setting light: 68ms
D/LightsService(  375): Excessive delay setting light: 66ms
D/LightsService(  375): Excessive delay setting light: 68ms
I/PowerManagerService(  375): Going to sleep due to screen timeout...
D/SurfaceFlinger(  124): Screen released, type=0 flinger=0x400f2478
V/KeyguardHostView(  375): hide transport, gen:1
V/KeyguardHostView(  375): music state changed: 0
I/PowerManagerService(  375): Waking up from sleep...
D/PicasaSyncManager(28481): battery info: true
W/PowerUI (  449): unknown intent: Intent { act=android.intent.action.ACTION_POWER_CONNECTED flg=0x8000010 }
D/PicasaUploaderSyncManager(28503): battery info: true
I/EntropyMixer(  375): Writing entropy...
I/WindowManager(  375): Lock screen displayed!
D/dalvikvm(28481): GC_CONCURRENT freed 169K, 3% free 9288K/9496K, paused 7ms+10ms, total 66ms
E/NetworkScheduler.SchedulerReceiver(  592): Invalid parameter app
E/NetworkScheduler.SchedulerReceiver(  592): Invalid package name : Perhaps you didn't include a PendingIntent in the extras?
I/iu.Environment(  768): update battery state; isPlugged? true*
I/iu.UploadsManager(  768): num queued entries: 0
I/iu.UploadsManager(  768): num updated entries: 0
I/iu.FingerprintManager(  768): Start processing all media
I/GCoreUlr(  576): Starting service, intent=Intent { act=com.google.android.location.reporting.ACTION_UPDATE_WORLD cmp=com.google.android.gms/com.google.android.location.reporting.service.DispatchingService (has extras) }, extras=Bundle[{receiverAction=android.intent.action.ACTION_POWER_CONNECTED}]
I/GCoreUlr(  576): DispatchingService.onCreate()
I/iu.SyncManager(  768): NEXT; no task
D/dalvikvm(  449): GC_CONCURRENT freed 1505K, 11% free 13511K/15040K, paused 3ms+13ms, total 92ms
I/iu.FingerprintManager(  768): Start processing media store URI: content://media/external/images/media
V/DigitalWidgetViewsFactory(16711): DigitalWidget sets next alarm string to null
I/iu.FingerprintManager(  768): Start processing media store URI: content://media/external/video/media
D/PowerManagerService-JNI(  375): Excessive delay in autosuspend_disable() while turning screen on: 347ms
D/SurfaceFlinger(  124): Screen acquired, type=0 flinger=0x400f2478
I/iu.FingerprintManager(  768): Start processing media store URI: content://media/phoneStorage/images/media
I/iu.FingerprintManager(  768): Start processing media store URI: content://media/phoneStorage/video/media
I/iu.FingerprintManager(  768): Finished generating fingerprints; 0,257 seconds
I/iu.FingerprintManager(  768):   numSeen=306 numGenerated=0 numDeleted=0 numFailed=0
D/dalvikvm(  768): GC_CONCURRENT freed 746K, 9% free 11512K/12632K, paused 4ms+7ms, total 73ms
D/PicasaSyncManager(28481): reject PrefetchAlbumCover (**************************) because master auto sync is off
D/PicasaSyncManager(28481): reject PrefetchScreenNail (**************************) because master auto sync is off
D/dalvikvm(28518): GC_CONCURRENT freed 490K, 6% free 9416K/9944K, paused 6ms+2ms, total 64ms
D/dalvikvm(28518): WAIT_FOR_CONCURRENT_GC blocked 16ms
D/LightsService(  375): Excessive delay setting light: 93ms
I/GCoreUlr(  576): WorldUpdater received intent Intent { act=com.google.android.location.reporting.ACTION_UPDATE_WORLD cmp=com.google.android.gms/com.google.android.location.reporting.service.DispatchingService (has extras) } with receiverAction android.intent.action.ACTION_POWER_CONNECTED
D/LightsService(  375): Excessive delay setting light: 52ms
D/LightsService(  375): Excessive delay setting light: 67ms
I/GCoreUlr(  576): WorldUpdater:android.intent.action.ACTION_POWER_CONNECTED: Ensuring that reporting is stopped because of reasons: {account#-9#=[InactiveReason{mVersionCode=0, mIdentifier=6, mName='ReportingNotEnabled'}, InactiveReason{mVersionCode=0, mIdentifier=14, mName='HistoryNotEnabled'}]}
I/GCoreUlr(  576): Unbound from all location providers
I/GCoreUlr(  576): DispatchingService.onDestroy()
I/GCoreUlr(  576): Unbound from all location providers
D/LightsService(  375): Excessive delay setting light: 66ms
D/dalvikvm(  375): JIT code cache reset in 10 ms (1048428 bytes 4/0)
D/dalvikvm(  375): GC_CONCURRENT freed 1296K, 19% free 21144K/25844K, paused 7ms+24ms, total 138ms
D/MtpService(24238): updating state; isCurrentUser=true, mMtpLocked=false
D/MtpService(24238): addStorageLocked 65537 /storage/emulated/0
D/MtpService(24238): updating state; isCurrentUser=true, mMtpLocked=false
D/MtpService(24238): starting MTP server in MTP mode
D/MtpService(24238): addStorageLocked 65537 /storage/emulated/0
D/MtpService(24238): updating state; isCurrentUser=true, mMtpLocked=false
D/MtpService(24238): addStorageLocked 65537 /storage/emulated/0
D/MtpService(24238): updating state; isCurrentUser=true, mMtpLocked=false
D/MtpService(24238): starting MTP server in MTP mode
D/MtpService(24238): addStorageLocked 65537 /storage/emulated/0
D/PhoneStatusBar(  449): disable: < expand icons alerts ticker system_info BACK HOME recent* CLOCK search >
D/PhoneStatusBar(  449): disable: < expand icons alerts ticker system_info back* home* recent clock* search >
W/InputMethodManagerService(  375): Window already focused, ignoring focus gain of: com.android.internal.view.IInputMethodClient$Stub$Proxy@42be3120 attribute=android.view.inputmethod.EditorInfo@42be08a8, token = android.os.BinderProxy@4281e460
V/TAG     (  375): bug 7643792: fitSystemWindows([0,50][0,0])
D/GCM     (  592): Message class com.google.f.a.a.i
D/ConnectivityService(  375): handleInetConditionHoldEnd: net=1, condition=100, published condition=100
D/LightsService(  375): Excessive delay setting light: 65ms
D/LightsService(  375): Excessive delay setting light: 66ms
D/LightsService(  375): Excessive delay setting light: 66ms
D/LightsService(  375): Excessive delay setting light: 66ms
D/UsbDebuggingManager(  375): Received public key: QAAAAJOgQMJlgvJAxPP9jxs5zCeeeYMMsI8uhqfUQMW0tb3PyPHNCKi0oMUWBQGZ7LqTUaQSKg/Aj+N4fPUAGMzqUnLQRFUtfxnyTtEkW2PhI9NmJunfK+RfXJU/gYIjUaCmhylfHnqrGztjWm3sP509ydF97JzBG6AQq30MmZQSpyfud2n+BKCZGS65hKQZ8JZuw+GMRSiR/cPL4RVQcYTgWUap1yjejeeQM4rd2+f3c4eD9rhwhRIUXTjhnNOZguxyYgWkmnuEjsrb9M0mVvSIdbrLfb1nlHDyLjqh96VjoeGsZPdxuNsGLVtQmw0GvTbZvR9oekQ4Oo8Nb6c3J9DLtaAbGXDiAAgnuzDIUTRHpiwlWmZduUiGbhCv0O13C6NqFzPNhuL8HYBMmmuUzsca7mV9JsYJ0NQK/7kFGnO0wYkxWx3sMHTbpJj53roL+GjnrFGGdmbgHe7xoCRbaUYFLE93xWe4cpEFzk2A1OmocODOCDsxHPThvXVWY3BPKjjK8E/1YkwxFltzNmIinREz1ztuSIX5FcFRXEb0V/6QpXzbfSw1OlgUh2w/mnZ5eDJsDNzZDGoxUb54JOWS3yvjC8pWgJ+JUua3ijHnYo1G63xvvf9qqTp32tXE3/AIl+awXTX5l7047u54tsWTbn8+hg1JYk0ANyTU88vaq8yxtxVDHs7mbwEAAQA=
W/ContextImpl(  375): Calling a method in the system process without a qualified user: android.app.ContextImpl.startActivity:939 com.android.server.usb.UsbDebuggingManager.showConfirmationDialog:259 com.android.server.usb.UsbDebuggingManager.access$900:46 com.android.server.usb.UsbDebuggingManager$UsbDebuggingHandler.handleMessage:215 android.os.Handler.dispatchMessage:99 
W/ContextImpl(  375): Calling a method in the system process without a qualified user: android.app.ContextImpl.startActivity:951 android.app.ContextImpl.startActivity:940 com.android.server.usb.UsbDebuggingManager.showConfirmationDialog:259 com.android.server.usb.UsbDebuggingManager.access$900:46 com.android.server.usb.UsbDebuggingManager$UsbDebuggingHandler.handleMessage:215 
I/ActivityManager(  375): START u0 {flg=0x10000000 cmp=com.android.systemui/.usb.UsbDebuggingActivity (has extras)} from pid 375
I/ActivityManager(  375): Displayed com.android.systemui/.usb.UsbDebuggingActivity: +174ms
I/PowerManagerService(  375): Going to sleep due to screen timeout...
D/SurfaceFlinger(  124): Screen released, type=0 flinger=0x400f2478
D/dalvikvm(  375): GC_FOR_ALLOC freed 2574K, 25% free 19548K/25844K, paused 102ms, total 103ms
D/dalvikvm(  375): GC_FOR_ALLOC freed 803K, 25% free 19488K/25844K, paused 100ms, total 101ms
W/IdleConnectionHandler(21360): Removing a connection that never existed!
V/KeyguardHostView(  375): hide transport, gen:1
V/KeyguardHostView(  375): music state changed: 0
D/PhoneStatusBar(  449): disable: < expand icons alerts ticker system_info back home RECENT* clock search >
V/TAG     (  375): bug 7643792: fitSystemWindows([0,50][0,0])
D/PhoneStatusBar(  449): disable: < expand icons alerts ticker system_info BACK* HOME* RECENT CLOCK* search >
I/WindowManager(  375): Screenshot max retries 4 of Token{42b271e8 ActivityRecord{428eadf0 u0 com.android.launcher/com.android.launcher2.Launcher}} appWin=Window{42a08890 u0 com.android.launcher/com.android.launcher2.Launcher} drawState=4
W/WindowManager(  375): Screenshot failure taking screenshot for (720x1280) to layer 21015
D/SnetService(  768): snet destroyed
I/ActivityManager(  375): Start proc com.google.android.gms:snet for service com.google.android.gms/.security.snet.SnetLaunchService: pid=29202 uid=10009 gids={50009, 3003, 1007, 1028, 1015, 1006, 3002, 3001, 2001, 3006}
W/dalvikvm(29202): VFY: unable to resolve static field 638 (PR_SET_DUMPABLE) in Landroid/system/OsConstants;
D/dalvikvm(29202): VFY: replacing opcode 0x60 at 0x000b
I/MultiDex(29202): VM with version 1.6.0 does not have multidex support
I/MultiDex(29202): install
I/MultiDex(29202): MultiDexExtractor.load(/data/app/com.google.android.gms-1.apk, false)
I/MultiDex(29202): loading existing secondary dex files
I/MultiDex(29202): load found 3 secondary dex files
I/MultiDex(29202): install done
I/ProviderInstaller(29202): Insert disabled by gate 'gms:security:enable_conscrypt_in_gms_application'
D/GCM     (  592): GcmService start Intent { act=com.google.android.gms.INITIALIZE flg=0x10 pkg=com.google.android.gms cmp=com.google.android.gms/.gcm.GcmService } com.google.android.gms.INITIALIZE
D/AuthorizationBluetoothService(  592): Received GmsCore event: Intent { act=com.google.android.gms.INITIALIZE flg=0x10 pkg=com.google.android.gms cmp=com.google.android.gms/.auth.be.proximity.authorization.bt.AuthorizationBluetoothService$AutoStarter }.
E/AuthorizationBluetoothService(  592): Proximity feature is not enabled.
V/GmsCoreStatsServiceLauncher(  768): Received broadcast intent Intent { act=com.google.android.gms.INITIALIZE flg=0x10 pkg=com.google.android.gms cmp=com.google.android.gms/.common.stats.GmsCoreStatsServiceLauncher }
D/LocationInitializer(  768): Restart initialization of location
I/ActivityManager(  375): Start proc com.google.android.gms.wearable for service com.google.android.gms/.wearable.service.WearableService: pid=29218 uid=10009 gids={50009, 3003, 1007, 1028, 1015, 1006, 3002, 3001, 2001, 3006}
W/dalvikvm(29218): VFY: unable to resolve static field 638 (PR_SET_DUMPABLE) in Landroid/system/OsConstants;
D/dalvikvm(29218): VFY: replacing opcode 0x60 at 0x000b
I/dalvikvm(29202): Could not find method android.app.AppOpsManager.checkPackage, referenced from method com.google.android.gms.common.hg.a
W/dalvikvm(29202): VFY: unable to resolve virtual method 118: Landroid/app/AppOpsManager;.checkPackage (ILjava/lang/String;)V
D/dalvikvm(29202): VFY: replacing opcode 0x6e at 0x0012
I/dalvikvm(29202): Could not find method android.content.pm.PackageManager.getPackageInstaller, referenced from method com.google.android.gms.common.hg.a
W/dalvikvm(29202): VFY: unable to resolve virtual method 449: Landroid/content/pm/PackageManager;.getPackageInstaller ()Landroid/content/pm/PackageInstaller;
D/dalvikvm(29202): VFY: replacing opcode 0x6e at 0x000d
I/MultiDex(29218): VM with version 1.6.0 does not have multidex support
I/MultiDex(29218): install
I/MultiDex(29218): MultiDexExtractor.load(/data/app/com.google.android.gms-1.apk, false)
I/MultiDex(29218): loading existing secondary dex files
I/MultiDex(29218): load found 3 secondary dex files
I/MultiDex(29218): install done
I/ProviderInstaller(29218): Insert disabled by gate 'gms:security:enable_conscrypt_in_gms_application'
D/GCM     (  592): GcmService start Intent { act=com.google.android.gms.INITIALIZE flg=0x10 pkg=com.google.android.gms cmp=com.google.android.gms/.gcm.GcmService } com.google.android.gms.INITIALIZE
D/WearableService(29218): callingUid 10009, callindPid: 29218
E/dalvikvm(29218): Could not find class 'android.telecom.TelecomManager', referenced from method com.google.android.gms.wearable.service.y.a
W/dalvikvm(29218): VFY: unable to resolve check-cast 441 (Landroid/telecom/TelecomManager;) in Lcom/google/android/gms/wearable/service/y;
D/dalvikvm(29218): VFY: replacing opcode 0x1f at 0x004c
W/dalvikvm(29218): VFY: unable to find class referenced in signature (Landroid/telecom/TelecomManager;)
D/AuthorizationBluetoothService(  592): Received GmsCore event: Intent { act=com.google.android.gms.INITIALIZE flg=0x10 pkg=com.google.android.gms cmp=com.google.android.gms/.auth.be.proximity.authorization.bt.AuthorizationBluetoothService$AutoStarter }.
E/AuthorizationBluetoothService(  592): Proximity feature is not enabled.
I/dalvikvm(29218): Could not find method android.app.AppOpsManager.checkPackage, referenced from method com.google.android.gms.common.hg.a
W/dalvikvm(29218): VFY: unable to resolve virtual method 118: Landroid/app/AppOpsManager;.checkPackage (ILjava/lang/String;)V
D/dalvikvm(29218): VFY: replacing opcode 0x6e at 0x0012
I/dalvikvm(29218): Could not find method android.content.pm.PackageManager.getPackageInstaller, referenced from method com.google.android.gms.common.hg.a
W/dalvikvm(29218): VFY: unable to resolve virtual method 449: Landroid/content/pm/PackageManager;.getPackageInstaller ()Landroid/content/pm/PackageInstaller;
D/dalvikvm(29218): VFY: replacing opcode 0x6e at 0x000d
V/GmsCoreStatsServiceLauncher(  768): Received broadcast intent Intent { act=com.google.android.gms.INITIALIZE flg=0x10 pkg=com.google.android.gms cmp=com.google.android.gms/.common.stats.GmsCoreStatsServiceLauncher }
E/MDM     (  576): [58] b.run: Couldn't connect to Google API client: ConnectionResult{statusCode=API_UNAVAILABLE, resolution=null}
D/LocationInitializer(  768): Restart initialization of location
D/dalvikvm(29202): GC_CONCURRENT freed 287K, 3% free 9133K/9412K, paused 7ms+16ms, total 129ms
E/MDM     (  576): [59] b.run: Couldn't connect to Google API client: ConnectionResult{statusCode=API_UNAVAILABLE, resolution=null}
D/dalvikvm(29218): GC_CONCURRENT freed 289K, 4% free 9039K/9368K, paused 2ms+3ms, total 62ms
D/dalvikvm(29202): DexOpt: --- BEGIN 'snet.jar' (bootstrap=0) ---
D/dalvikvm(29236): DexOpt: couldn't find field Landroid/app/Notification;.visibility
D/dalvikvm(29236): DexOpt: load 11ms, verify+opt 161ms, 435476 bytes
D/dalvikvm(29202): DexOpt: --- END 'snet.jar' (success) ---
D/dalvikvm(29202): DEX prep '/data/data/com.google.android.gms/snet/installed/snet.jar': unzip in 14ms, rewrite 305ms
D/dalvikvm(  592): GC_EXPLICIT freed 291K, 5% free 10169K/10684K, paused 2ms+5ms, total 42ms
D/com.google.android.snet.Snet(29202): Hi Snet!
D/dalvikvm(  375): GC_CONCURRENT freed 1078K, 19% free 20949K/25844K, paused 3ms+11ms, total 124ms
D/dalvikvm(29202): GC_CONCURRENT freed 362K, 5% free 9273K/9672K, paused 4ms+5ms, total 43ms
D/dalvikvm(29202): GC_CONCURRENT freed 268K, 4% free 9400K/9704K, paused 2ms+6ms, total 38ms
I/dalvikvm(29218): Could not find method android.os.UserManager.getUserProfiles, referenced from method com.google.android.gms.wearable.service.ap.a
W/dalvikvm(29218): VFY: unable to resolve virtual method 1062: Landroid/os/UserManager;.getUserProfiles ()Ljava/util/List;
D/dalvikvm(29218): VFY: replacing opcode 0x6e at 0x004d
D/dalvikvm(29202): GC_CONCURRENT freed 349K, 4% free 9443K/9828K, paused 3ms+4ms, total 27ms
D/dalvikvm(29202): GC_CONCURRENT freed 387K, 5% free 9449K/9872K, paused 3ms+4ms, total 34ms
D/dalvikvm(29202): GC_CONCURRENT freed 387K, 5% free 9455K/9880K, paused 3ms+4ms, total 33ms
D/dalvikvm(29202): GC_CONCURRENT freed 385K, 5% free 9463K/9884K, paused 2ms+4ms, total 32ms
D/dalvikvm(29202): GC_CONCURRENT freed 388K, 5% free 9467K/9892K, paused 11ms+4ms, total 42ms
D/dalvikvm(29202): GC_CONCURRENT freed 387K, 5% free 9473K/9896K, paused 4ms+4ms, total 37ms
D/dalvikvm(29202): GC_CONCURRENT freed 393K, 5% free 9475K/9904K, paused 3ms+4ms, total 34ms
D/dalvikvm(29202): GC_CONCURRENT freed 369K, 5% free 9504K/9908K, paused 2ms+9ms, total 41ms
D/dalvikvm(29202): GC_CONCURRENT freed 386K, 5% free 9516K/9940K, paused 2ms+5ms, total 39ms
D/dalvikvm(29202): GC_CONCURRENT freed 387K, 5% free 9526K/9952K, paused 3ms+4ms, total 39ms
D/dalvikvm(29202): GC_CONCURRENT freed 388K, 5% free 9533K/9956K, paused 3ms+4ms, total 36ms
D/dalvikvm(29202): GC_CONCURRENT freed 391K, 5% free 9540K/9968K, paused 2ms+4ms, total 42ms
D/dalvikvm(29202): GC_CONCURRENT freed 394K, 5% free 9540K/9972K, paused 4ms+5ms, total 29ms
D/dalvikvm(29202): GC_CONCURRENT freed 388K, 5% free 9541K/9972K, paused 3ms+4ms, total 27ms
D/dalvikvm(29202): GC_CONCURRENT freed 382K, 5% free 9551K/9972K, paused 4ms+4ms, total 40ms
D/dalvikvm(29202): GC_CONCURRENT freed 397K, 5% free 9550K/9984K, paused 3ms+4ms, total 37ms
D/dalvikvm(29202): GC_CONCURRENT freed 361K, 5% free 9586K/9992K, paused 9ms+3ms, total 37ms
D/dalvikvm(29202): GC_CONCURRENT freed 383K, 5% free 9596K/10016K, paused 3ms+4ms, total 27ms
D/dalvikvm(29202): GC_CONCURRENT freed 388K, 5% free 9602K/10028K, paused 5ms+4ms, total 39ms
D/dalvikvm(29202): GC_CONCURRENT freed 387K, 5% free 9608K/10032K, paused 3ms+4ms, total 26ms
D/dalvikvm(29202): GC_CONCURRENT freed 387K, 5% free 9614K/10040K, paused 2ms+4ms, total 27ms
D/dalvikvm(29202): GC_CONCURRENT freed 386K, 5% free 9621K/10044K, paused 4ms+4ms, total 28ms
D/dalvikvm(29202): GC_CONCURRENT freed 394K, 5% free 9622K/10052K, paused 3ms+4ms, total 37ms
D/dalvikvm(29202): GC_CONCURRENT freed 377K, 5% free 9636K/10052K, paused 3ms+4ms, total 26ms
D/dalvikvm(29202): GC_CONCURRENT freed 382K, 5% free 9647K/10068K, paused 3ms+4ms, total 29ms
D/dalvikvm(29202): GC_CONCURRENT freed 392K, 5% free 9643K/10072K, paused 5ms+5ms, total 33ms
D/dalvikvm(29202): GC_CONCURRENT freed 375K, 5% free 9661K/10076K, paused 3ms+4ms, total 34ms
D/dalvikvm(29202): GC_CONCURRENT freed 386K, 5% free 9668K/10092K, paused 3ms+4ms, total 27ms
D/dalvikvm(29202): GC_CONCURRENT freed 399K, 5% free 9665K/10100K, paused 3ms+4ms, total 27ms
D/dalvikvm(29202): GC_CONCURRENT freed 351K, 4% free 9705K/10108K, paused 3ms+4ms, total 36ms
D/dalvikvm(29202): GC_CONCURRENT freed 378K, 5% free 9719K/10136K, paused 2ms+5ms, total 36ms
D/dalvikvm(29202): GC_CONCURRENT freed 387K, 5% free 9725K/10152K, paused 2ms+4ms, total 36ms
D/dalvikvm(29202): GC_CONCURRENT freed 389K, 5% free 9728K/10156K, paused 3ms+4ms, total 28ms
D/dalvikvm(29202): GC_CONCURRENT freed 384K, 5% free 9737K/10160K, paused 3ms+6ms, total 40ms
D/dalvikvm(29202): GC_CONCURRENT freed 382K, 5% free 9741K/10172K, paused 6ms+7ms, total 43ms
D/dalvikvm(29202): GC_CONCURRENT freed 385K, 5% free 9747K/10172K, paused 2ms+4ms, total 27ms
D/dalvikvm(29202): GC_CONCURRENT freed 384K, 5% free 9756K/10180K, paused 5ms+5ms, total 31ms
D/dalvikvm(29202): GC_CONCURRENT freed 388K, 5% free 9761K/10188K, paused 5ms+4ms, total 33ms
D/dalvikvm(29202): GC_CONCURRENT freed 385K, 5% free 9769K/10196K, paused 2ms+4ms, total 27ms
D/dalvikvm(29202): GC_CONCURRENT freed 388K, 5% free 9778K/10208K, paused 3ms+4ms, total 42ms
D/dalvikvm(29202): GC_CONCURRENT freed 390K, 5% free 9776K/10208K, paused 3ms+4ms, total 29ms
D/dalvikvm(29202): GC_CONCURRENT freed 382K, 5% free 9782K/10208K, paused 10ms+4ms, total 35ms
D/dalvikvm(29202): GC_CONCURRENT freed 384K, 5% free 9797K/10220K, paused 3ms+4ms, total 28ms
D/dalvikvm(29202): GC_CONCURRENT freed 384K, 5% free 9804K/10228K, paused 3ms+4ms, total 49ms
D/dalvikvm(29202): GC_CONCURRENT freed 390K, 5% free 9809K/10240K, paused 3ms+4ms, total 39ms
D/dalvikvm(29202): GC_CONCURRENT freed 380K, 5% free 9822K/10244K, paused 3ms+4ms, total 35ms
D/dalvikvm(29202): GC_CONCURRENT freed 384K, 5% free 9827K/10252K, paused 2ms+4ms, total 34ms
V/DigitalWidgetViewsFactory(16711): DigitalWidget sets next alarm string to null
D/dalvikvm(29202): GC_CONCURRENT freed 384K, 5% free 9840K/10264K, paused 3ms+4ms, total 29ms
D/dalvikvm(29202): GC_CONCURRENT freed 390K, 5% free 9851K/10284K, paused 2ms+4ms, total 41ms
D/dalvikvm(29202): GC_CONCURRENT freed 385K, 5% free 9853K/10284K, paused 3ms+5ms, total 32ms
D/dalvikvm(29202): GC_CONCURRENT freed 375K, 5% free 9864K/10284K, paused 3ms+4ms, total 31ms
D/dalvikvm(29202): GC_CONCURRENT freed 1001K, 11% free 9266K/10340K, paused 3ms+4ms, total 34ms
D/dalvikvm(29202): GC_CONCURRENT freed 476K, 11% free 9301K/10340K, paused 3ms+3ms, total 24ms
D/dalvikvm(29202): WAIT_FOR_CONCURRENT_GC blocked 14ms
D/dalvikvm(29202): GC_CONCURRENT freed 514K, 11% free 9274K/10340K, paused 3ms+2ms, total 30ms
D/dalvikvm(29202): GC_CONCURRENT freed 458K, 11% free 9233K/10340K, paused 2ms+2ms, total 37ms
D/dalvikvm(29202): GC_CONCURRENT freed 426K, 10% free 9318K/10340K, paused 3ms+2ms, total 24ms
D/dalvikvm(29202): WAIT_FOR_CONCURRENT_GC blocked 16ms
D/dalvikvm(29202): GC_CONCURRENT freed 519K, 11% free 9277K/10340K, paused 2ms+2ms, total 24ms
D/dalvikvm(29202): GC_CONCURRENT freed 482K, 11% free 9257K/10340K, paused 3ms+5ms, total 39ms
W/GCM     (  592): Heartbeat timeout, GCM connection reset -10
D/ConnectivityService(  375): handleInetConditionHoldEnd: net=1, condition=0, published condition=100
D/GCM     (  592): Connected
I/GCM     (  592): GCM message com.google.android.gsf.gtalkservice 
D/GCM     (  592): Message class com.google.f.a.a.r
D/ConnectivityService(  375): handleInetConditionHoldEnd: net=1, condition=100, published condition=0
D/dalvikvm(  576): GC_CONCURRENT freed 462K, 6% free 10621K/11200K, paused 9ms+9ms, total 53ms
D/GCM     (  592): Message class com.google.f.a.a.i
D/ConnectivityService(  375): handleInetConditionHoldEnd: net=1, condition=100, published condition=100
W/SystemClock(  576): time going backwards: prev 23228772815782(ioctl) vs now 23228771778185(ioctl), tid=727
D/dalvikvm(21360): GC_EXPLICIT freed 1268K, 30% free 16182K/22940K, paused 15ms+9ms, total 163ms
I/ActivityManager(  375): No longer want com.synergy.ventures.ventasplus (pid 24155): empty for 1801s
W/ActivityManager(  375): Scheduling restart of crashed service com.synergy.ventures.ventasplus/com.synergy.pushsync.PushSyncService in 5000ms
D/GCM     (  592): Message class com.google.f.a.a.i
D/ConnectivityService(  375): handleInetConditionHoldEnd: net=1, condition=100, published condition=100
I/ActivityManager(  375): Start proc com.synergy.ventures.ventasplus for service com.synergy.ventures.ventasplus/com.synergy.pushsync.PushSyncService: pid=29252 uid=10072 gids={50072, 3003, 1028}
D/dalvikvm(29252): Late-enabling CheckJNI
D/dalvikvm(  125): GC_EXPLICIT freed 41K, 1% free 8928K/9008K, paused 2ms+4ms, total 35ms
D/dalvikvm(  125): GC_EXPLICIT freed <1K, 1% free 8928K/9008K, paused 2ms+3ms, total 28ms
D/dalvikvm(  125): GC_EXPLICIT freed <1K, 1% free 8928K/9008K, paused 2ms+3ms, total 27ms
D/dalvikvm(29252): GC_CONCURRENT freed 248K, 4% free 9083K/9372K, paused 9ms+21ms, total 52ms
I/dalvikvm(21360): Total arena pages for JIT: 13
I/dalvikvm(21360): Total arena pages for JIT: 14
W/IdleConnectionHandler(21360): Removing a connection that never existed!
W/fb4a(:<default>):ComposerShortcutsUpdater(21360): No featured apps
W/IdleConnectionHandler(21360): Removing a connection that never existed!
W/IdleConnectionHandler(21360): Removing a connection that never existed!
I/EventLogService(  768): Aggregate from 1429735274933 (log), 1429735274933 (data)
D/GCM     (  592): Message class com.google.f.a.a.i
D/ConnectivityService(  375): handleInetConditionHoldEnd: net=1, condition=100, published condition=100
V/DigitalWidgetViewsFactory(16711): DigitalWidget sets next alarm string to null
D/dalvikvm(  375): GC_EXPLICIT freed 2978K, 22% free 20339K/25844K, paused 8ms+19ms, total 143ms
D/GCM     (  592): Message class com.google.f.a.a.i
D/ConnectivityService(  375): handleInetConditionHoldEnd: net=1, condition=100, published condition=100
I/ActivityManager(  375): No longer want android.process.acore (pid 28541): empty for 1851s
D/GCM     (  592): Message class com.google.f.a.a.i
D/ConnectivityService(  375): handleInetConditionHoldEnd: net=1, condition=100, published condition=100
I/ActivityManager(  375): No longer want com.google.android.talk (pid 28795): empty for 1803s
I/ActivityManager(  375): No longer want com.google.android.partnersetup (pid 29042): empty for 1806s
