D/BackupManagerService(  375): Received broadcast Intent { act=android.intent.action.PACKAGE_ADDED dat=package:com.ionicframework.banca386741 flg=0x8000010 (has extras) }
V/BackupManagerService(  375): removePackageParticipantsLocked: uid=10086 #1
V/BackupManagerService(  375): addPackageParticipantsLocked: #1
I/ActivityManager(  375): Start proc com.facebook.katana:dash for broadcast com.facebook.katana/com.facebook.dash.receivers.DashPackageUninstallReceiver: pid=12184 uid=10085 gids={50085, 1006, 1015, 1028, 3003}
I/ActivityManager(  375): No longer want com.google.android.gms:snet (pid 4559): empty #17
I/ActivityManager(  375): START u0 {act=android.intent.action.MAIN flg=0x10000000 cmp=com.ionicframework.banca386741/.CordovaApp} from pid 12195
I/ActivityManager(  375): Start proc com.ionicframework.banca386741 for activity com.ionicframework.banca386741/.CordovaApp: pid=12219 uid=10086 gids={50086, 3003, 1015, 1028}
I/ActivityManager(  375): Start proc com.google.android.partnersetup for broadcast com.google.android.partnersetup/.RlzPingBroadcastReceiver: pid=12250 uid=10023 gids={50023, 3003, 1028}
I/ActivityManager(  375): No longer want com.google.android.gsf.login (pid 3190): empty #17
I/ActivityManager(  375): No longer want com.google.android.talk (pid 3007): empty #17
I/ActivityManager(  375): Start proc com.google.android.talk for broadcast com.google.android.talk/com.google.android.apps.babel.phone.PackageReplacedReceiver: pid=12275 uid=10050 gids={50050, 3003, 1015, 1006, 3002, 1028}
I/ActivityManager(  375): No longer want com.google.android.apps.genie.geniewidget (pid 5861): empty #17
I/ActivityManager(  375): No longer want com.google.android.deskclock (pid 3563): empty #17
W/BroadcastQueue(  375): Permission Denial: broadcasting Intent { act=android.net.conn.INET_CONDITION_ACTION flg=0x8000010 (has extras) } from null (pid=-1, uid=-1) requires com.facebook.permission.prod.FB_APP_COMMUNICATION due to registered receiver BroadcastFilter{42bb53f8 u0 ReceiverList{42b885c8 12184 com.facebook.katana:dash/10085/u0 remote:429b1748}}
W/BroadcastQueue(  375): Permission Denial: broadcasting Intent { act=android.net.conn.CONNECTIVITY_CHANGE flg=0x8000010 (has extras) } from null (pid=-1, uid=-1) requires com.facebook.permission.prod.FB_APP_COMMUNICATION due to registered receiver BroadcastFilter{42bb53f8 u0 ReceiverList{42b885c8 12184 com.facebook.katana:dash/10085/u0 remote:429b1748}}
W/BroadcastQueue(  375): Permission Denial: broadcasting Intent { act=android.net.conn.CONNECTIVITY_CHANGE flg=0x8000010 (has extras) } from null (pid=-1, uid=-1) requires com.facebook.permission.prod.FB_APP_COMMUNICATION due to registered receiver BroadcastFilter{43046678 u0 ReceiverList{430465f8 12184 com.facebook.katana:dash/10085/u0 remote:43011b58}}
D/ConnectivityService(  375): handleInetConditionHoldEnd: net=1, condition=100, published condition=100
W/ProcessStats(  375): Skipping unknown process pid 12908
I/ActivityManager(  375): Process com.facebook.katana:dash (pid 12184) has died.
I/ActivityManager(  375): Process com.google.android.apps.plus (pid 1805) has died.
I/ActivityManager(  375): Process com.google.android.gallery3d (pid 1782) has died.
D/CountryDetector(  375): No listener is left
I/ActivityManager(  375): Process com.android.mms (pid 9704) has died.
I/ActivityManager(  375): Process com.google.android.music:main (pid 9674) has died.
I/ActivityManager(  375): Process com.google.android.gms.wearable (pid 1645) has died.
I/ActivityManager(  375): START u0 {act=android.intent.action.MAIN cat=[android.intent.category.HOME] flg=0x10200000 cmp=com.android.launcher/com.android.launcher2.Launcher} from pid 375
I/ActivityManager(  375): START u0 {act=android.intent.action.MAIN cat=[android.intent.category.LAUNCHER] flg=0x10200000 pkg=com.metago.astro cmp=com.metago.astro/.MainActivity bnds=[360,585][520,785]} from pid 631
I/ActivityManager(  375): START u0 {act=android.intent.action.MAIN cat=[android.intent.category.HOME] flg=0x10200000 cmp=com.android.launcher/com.android.launcher2.Launcher} from pid 375
I/ActivityManager(  375): START u0 {act=android.intent.action.MAIN cat=[android.intent.category.HOME] flg=0x10200000 cmp=com.android.launcher/com.android.launcher2.Launcher} from pid 375
I/ActivityManager(  375): START u0 {act=android.intent.action.MAIN cat=[android.intent.category.HOME] flg=0x10200000 cmp=com.android.launcher/com.android.launcher2.Launcher} from pid 375
I/ActivityManager(  375): START u0 {act=android.intent.action.MAIN cat=[android.intent.category.HOME] flg=0x10200000 cmp=com.android.launcher/com.android.launcher2.Launcher} from pid 375
I/ActivityManager(  375): START u0 {act=com.android.systemui.recent.action.TOGGLE_RECENTS flg=0x10800000 cmp=com.android.systemui/.recent.RecentsActivity} from pid 449
I/ActivityManager(  375): Killing 10263:com.metago.astro/u0a10063: remove task
I/WindowState(  375): WIN DEATH: Window{428bd130 u0 com.metago.astro/com.metago.astro.MainActivity}
I/ActivityManager(  375): Killing 12219:com.ionicframework.banca386741/u0a10086: remove task
I/WindowState(  375): WIN DEATH: Window{4286d9f8 u0 com.ionicframework.banca386741/com.ionicframework.banca386741.CordovaApp}
I/ActivityManager(  375): START u0 {act=android.intent.action.MAIN cat=[android.intent.category.HOME] flg=0x10200000 cmp=com.android.launcher/com.android.launcher2.Launcher} from pid 375
I/ActivityManager(  375): START u0 {act=android.intent.action.MAIN cat=[android.intent.category.LAUNCHER] flg=0x10200000 pkg=com.metago.astro cmp=com.metago.astro/.MainActivity bnds=[360,585][520,785]} from pid 631
I/ActivityManager(  375): Start proc com.metago.astro for activity com.metago.astro/.MainActivity: pid=14119 uid=10063 gids={50063, 3003, 1015, 1028}
I/ActivityManager(  375): START u0 {act=android.intent.action.MAIN cat=[android.intent.category.HOME] flg=0x10200000 cmp=com.android.launcher/com.android.launcher2.Launcher} from pid 375
I/ActivityManager(  375): START u0 {act=android.intent.action.MAIN cat=[android.intent.category.HOME] flg=0x10200000 cmp=com.android.launcher/com.android.launcher2.Launcher} from pid 375
I/ActivityManager(  375): START u0 {act=android.intent.action.MAIN cat=[android.intent.category.HOME] flg=0x10200000 cmp=com.android.launcher/com.android.launcher2.Launcher} from pid 375
V/PanelView(  449): animationTick called with dtms=0; nothing to do (h=557.0 v=-1606.1696)
V/PanelView(  449): animationTick called with dtms=-2; nothing to do (h=557.0 v=-1606.1696)
W/InputMethodManagerService(  375): Window already focused, ignoring focus gain of: com.android.internal.view.IInputMethodClient$Stub$Proxy@42bfc538 attribute=null, token = android.os.BinderProxy@4281e460
D/ConnectivityService(  375): handleInetConditionHoldEnd: net=1, condition=100, published condition=100
W/ActivityManager(  375): No content provider found for permission revoke: file:///data/local/tmp/CordovaApp-debug.apk
W/ActivityManager(  375): No content provider found for permission revoke: file:///data/local/tmp/CordovaApp-debug.apk
I/PackageManager(  375): Copying native libraries to /data/app-lib/vmdl92759080
I/ActivityManager(  375): Force stopping package com.ionicframework.banca386741 appid=10086 user=-1
I/PackageManager(  375): Package com.ionicframework.banca386741 codePath changed from /data/app/com.ionicframework.banca386741-2.apk to /data/app/com.ionicframework.banca386741-1.apk; Retaining data and using new
I/ActivityManager(  375): Force stopping package com.ionicframework.banca386741 appid=10086 user=-1
W/PackageManager(  375): Code path for pkg : com.ionicframework.banca386741 changing from /data/app/com.ionicframework.banca386741-2.apk to /data/app/com.ionicframework.banca386741-1.apk
W/PackageManager(  375): Resource path for pkg : com.ionicframework.banca386741 changing from /data/app/com.ionicframework.banca386741-2.apk to /data/app/com.ionicframework.banca386741-1.apk
I/ActivityManager(  375): Force stopping package com.ionicframework.banca386741 appid=10086 user=0
I/ActivityManager(  375): Start proc com.google.android.gallery3d for broadcast com.google.android.gallery3d/com.android.gallery3d.app.PackagesMonitor: pid=14840 uid=10017 gids={50017, 1006, 3003, 1015, 1028}
W/ContextImpl(12098): Calling a method in the system process without a qualified user: android.app.ContextImpl.startService:1385 android.content.ContextWrapper.startService:473 android.content.ContextWrapper.startService:473 com.android.keychain.KeyChainBroadcastReceiver.onReceive:12 android.app.ActivityThread.handleReceiver:2424 
D/BackupManagerService(  375): Received broadcast Intent { act=android.intent.action.PACKAGE_REMOVED dat=package:com.ionicframework.banca386741 flg=0x8000010 (has extras) }
D/BackupManagerService(  375): Received broadcast Intent { act=android.intent.action.PACKAGE_ADDED dat=package:com.ionicframework.banca386741 flg=0x8000010 (has extras) }
V/BackupManagerService(  375): removePackageParticipantsLocked: uid=10086 #1
V/BackupManagerService(  375): addPackageParticipantsLocked: #1
I/ActivityManager(  375): Start proc com.google.android.apps.plus for broadcast com.google.android.apps.plus/.service.PackagesMediaMonitor: pid=14880 uid=10043 gids={50043, 3003, 3002, 1015, 1006, 1028}
I/ActivityManager(  375): START u0 {act=android.intent.action.MAIN flg=0x10000000 cmp=com.ionicframework.banca386741/.CordovaApp} from pid 14903
I/ActivityManager(  375): Start proc com.ionicframework.banca386741 for activity com.ionicframework.banca386741/.CordovaApp: pid=14924 uid=10086 gids={50086, 3003, 1015, 1028}
I/ActivityManager(  375): Start proc com.facebook.katana:dash for broadcast com.facebook.katana/com.facebook.dash.receivers.DashPackageUninstallReceiver: pid=14949 uid=10085 gids={50085, 1006, 1015, 1028, 3003}
I/ActivityManager(  375): Start proc com.google.android.gms.wearable for service com.google.android.gms/.wearable.service.WearableControlService: pid=15002 uid=10009 gids={50009, 3003, 1007, 1028, 1015, 1006, 3002, 3001, 2001, 3006}
W/BroadcastQueue(  375): Permission Denial: broadcasting Intent { act=android.net.conn.INET_CONDITION_ACTION flg=0x8000010 (has extras) } from null (pid=-1, uid=-1) requires com.facebook.permission.prod.FB_APP_COMMUNICATION due to registered receiver BroadcastFilter{42b0f038 u0 ReceiverList{42b0efd8 14949 com.facebook.katana:dash/10085/u0 remote:42a58c18}}
W/BroadcastQueue(  375): Permission Denial: broadcasting Intent { act=android.net.conn.CONNECTIVITY_CHANGE flg=0x8000010 (has extras) } from null (pid=-1, uid=-1) requires com.facebook.permission.prod.FB_APP_COMMUNICATION due to registered receiver BroadcastFilter{42b0f038 u0 ReceiverList{42b0efd8 14949 com.facebook.katana:dash/10085/u0 remote:42a58c18}}
W/BroadcastQueue(  375): Permission Denial: broadcasting Intent { act=android.net.conn.CONNECTIVITY_CHANGE flg=0x8000010 (has extras) } from null (pid=-1, uid=-1) requires com.facebook.permission.prod.FB_APP_COMMUNICATION due to registered receiver BroadcastFilter{42ba8800 u0 ReceiverList{42ba8780 14949 com.facebook.katana:dash/10085/u0 remote:42b07050}}
I/ActivityManager(  375): Process com.facebook.katana:dash (pid 14949) has died.
I/ActivityManager(  375): Process com.google.android.apps.plus (pid 14880) has died.
I/ActivityManager(  375): START u0 {act=com.android.systemui.recent.action.TOGGLE_RECENTS flg=0x10800000 cmp=com.android.systemui/.recent.RecentsActivity (has extras)} from pid 449
I/ActivityManager(  375): Killing 14924:com.ionicframework.banca386741/u0a10086: remove task
I/WindowState(  375): WIN DEATH: Window{428bd130 u0 com.ionicframework.banca386741/com.ionicframework.banca386741.CordovaApp}
I/ActivityManager(  375): START u0 {act=android.intent.action.MAIN cat=[android.intent.category.HOME] flg=0x10200000 cmp=com.android.launcher/com.android.launcher2.Launcher} from pid 375
I/ActivityManager(  375): START u0 {act=android.intent.action.MAIN cat=[android.intent.category.HOME] flg=0x10200000 cmp=com.android.launcher/com.android.launcher2.Launcher} from pid 375
I/ActivityManager(  375): START u0 {act=android.intent.action.MAIN cat=[android.intent.category.HOME] flg=0x10200000 cmp=com.android.launcher/com.android.launcher2.Launcher} from pid 375
I/ActivityManager(  375): START u0 {act=android.intent.action.MAIN cat=[android.intent.category.HOME] flg=0x10200000 cmp=com.android.launcher/com.android.launcher2.Launcher} from pid 375
I/ActivityManager(  375): START u0 {act=android.intent.action.MAIN cat=[android.intent.category.HOME] flg=0x10200000 cmp=com.android.launcher/com.android.launcher2.Launcher} from pid 375
I/ActivityManager(  375): START u0 {act=android.intent.action.MAIN cat=[android.intent.category.HOME] flg=0x10200000 cmp=com.android.launcher/com.android.launcher2.Launcher} from pid 375
I/ActivityManager(  375): START u0 {act=android.intent.action.MAIN cat=[android.intent.category.HOME] flg=0x10200000 cmp=com.android.launcher/com.android.launcher2.Launcher} from pid 375
I/ActivityManager(  375): START u0 {act=android.intent.action.MAIN cat=[android.intent.category.HOME] flg=0x10200000 cmp=com.android.launcher/com.android.launcher2.Launcher} from pid 375
I/ActivityManager(  375): START u0 {act=android.intent.action.MAIN cat=[android.intent.category.HOME] flg=0x10200000 cmp=com.android.launcher/com.android.launcher2.Launcher} from pid 375
I/ActivityManager(  375): START u0 {act=android.intent.action.MAIN cat=[android.intent.category.HOME] flg=0x10200000 cmp=com.android.launcher/com.android.launcher2.Launcher} from pid 375
I/ActivityManager(  375): START u0 {act=android.intent.action.MAIN cat=[android.intent.category.HOME] flg=0x10200000 cmp=com.android.launcher/com.android.launcher2.Launcher} from pid 375
I/ActivityManager(  375): START u0 {act=android.intent.action.MAIN cat=[android.intent.category.HOME] flg=0x10200000 cmp=com.android.launcher/com.android.launcher2.Launcher} from pid 375
D/ConnectivityService(  375): handleInetConditionHoldEnd: net=1, condition=100, published condition=100
I/PowerManagerService(  375): Going to sleep due to screen timeout...
I/ActivityManager(  375): Start proc com.google.android.deskclock for service com.google.android.deskclock/com.android.alarmclock.DigitalAppWidgetService: pid=16711 uid=10012 gids={50012, 1028}
D/PhoneStatusBar(  449): disable: < expand icons alerts ticker system_info back home RECENT* clock search >
D/PhoneStatusBar(  449): disable: < expand icons alerts ticker system_info BACK* HOME* RECENT CLOCK* search >
D/ConnectivityService(  375): handleInetConditionHoldEnd: net=1, condition=100, published condition=100
D/ConnectivityService(  375): handleInetConditionHoldEnd: net=1, condition=100, published condition=100
W/ProcessStats(  375): Skipping unknown process pid 21252
D/ConnectivityService(  375): handleInetConditionHoldEnd: net=1, condition=100, published condition=100
D/ConnectivityService(  375): handleInetConditionHoldEnd: net=1, condition=100, published condition=100
I/ActivityManager(  375): No longer want com.synergy.ventures.ventasplus (pid 1600): empty for 1849s
I/ActivityManager(  375): No longer want com.google.android.apps.uploader (pid 5368): empty for 1849s
W/ActivityManager(  375): Scheduling restart of crashed service com.synergy.ventures.ventasplus/com.synergy.pushsync.PushSyncService in 5000ms
I/ActivityManager(  375): Start proc com.synergy.ventures.ventasplus for service com.synergy.ventures.ventasplus/com.synergy.pushsync.PushSyncService: pid=24453 uid=10072 gids={50072, 3003, 1028}
W/ProcessStats(  375): Skipping unknown process pid 24849
D/ConnectivityService(  375): handleInetConditionHoldEnd: net=1, condition=100, published condition=100
W/ProcessStats(  375): Skipping unknown process pid 25937
D/ConnectivityService(  375): handleInetConditionHoldEnd: net=1, condition=100, published condition=100
I/ActivityManager(  375): No longer want android.process.acore (pid 2412): empty for 1813s
I/ActivityManager(  375): No longer want com.google.android.gms.wearable (pid 15002): empty for 1825s
I/ActivityManager(  375): No longer want com.android.defcontainer (pid 12028): empty for 1826s
I/ActivityManager(  375): No longer want com.google.android.apps.magazines (pid 3035): empty for 1826s
I/ActivityManager(  375): No longer want com.google.android.talk (pid 12275): empty for 1826s
I/ActivityManager(  375): No longer want com.android.musicfx (pid 2886): empty for 1827s
I/ActivityManager(  375): No longer want com.google.android.partnersetup (pid 12250): empty for 1827s
I/ActivityManager(  375): No longer want com.google.android.gallery3d (pid 14840): empty for 1827s
I/ActivityManager(  375): No longer want android.process.media (pid 739): empty for 1829s
I/ActivityManager(  375): No longer want com.android.keychain (pid 12098): empty for 1831s
W/ActivityManager(  375): Scheduling restart of crashed service com.android.providers.media/.MtpService in 5000ms
I/ActivityManager(  375): Start proc android.process.media for service com.android.providers.media/.MtpService: pid=27783 uid=10013 gids={50013, 1015, 1023, 1024, 1028, 2001, 3003, 3007}
D/ConnectivityService(  375): handleInetConditionHoldEnd: net=1, condition=100, published condition=100
D/ConnectivityService(  375): handleInetConditionHoldEnd: net=1, condition=100, published condition=100
D/ConnectivityService(  375): handleInetConditionHoldEnd: net=1, condition=100, published condition=100
D/ConnectivityService(  375): handleInetConditionHoldEnd: net=1, condition=100, published condition=100
W/ProcessStats(  375): Skipping unknown process pid 1720
D/ConnectivityService(  375): handleInetConditionHoldEnd: net=1, condition=100, published condition=100
W/ProcessStats(  375): Skipping unknown process pid 4032
D/ConnectivityService(  375): handleInetConditionHoldEnd: net=1, condition=100, published condition=100
I/ActivityManager(  375): No longer want com.android.vending (pid 12129): empty for 3192s
D/ConnectivityService(  375): handleInetConditionHoldEnd: net=1, condition=100, published condition=100
I/PowerManagerService(  375): Waking up from sleep...
I/WindowManager(  375): Lock screen displayed!
I/PowerManagerService(  375): Going to sleep by user request...
I/ActivityManager(  375): Start proc com.google.android.talk for service com.google.android.talk/com.google.android.apps.babel.realtimechat.RealTimeChatService$AlarmWrapperService: pid=7469 uid=10050 gids={50050, 3003, 1015, 1006, 3002, 1028}
I/ActivityManager(  375): No longer want com.synergy.ventures.ventasplus (pid 24453): empty for 2175s
W/ActivityManager(  375): Scheduling restart of crashed service com.synergy.ventures.ventasplus/com.synergy.pushsync.PushSyncService in 5000ms
I/ActivityManager(  375): Start proc com.synergy.ventures.ventasplus for service com.synergy.ventures.ventasplus/com.synergy.pushsync.PushSyncService: pid=7539 uid=10072 gids={50072, 3003, 1028}
W/ProcessStats(  375): Skipping unknown process pid 7806
D/ConnectivityService(  375): handleInetConditionHoldEnd: net=1, condition=100, published condition=100
I/ActivityManager(  375): No longer want android.process.media (pid 27783): empty for 1854s
W/ActivityManager(  375): Scheduling restart of crashed service com.android.providers.media/.MtpService in 5000ms
I/ActivityManager(  375): Start proc android.process.media for service com.android.providers.media/.MtpService: pid=8660 uid=10013 gids={50013, 1015, 1023, 1024, 1028, 2001, 3003, 3007}
D/ConnectivityService(  375): handleInetConditionHoldEnd: net=1, condition=100, published condition=100
D/ConnectivityService(  375): handleInetConditionHoldEnd: net=1, condition=100, published condition=100
W/ProcessStats(  375): Skipping unknown process pid 12864
D/ConnectivityService(  375): handleInetConditionHoldEnd: net=1, condition=100, published condition=100
W/ProcessStats(  375): Skipping unknown process pid 14112
D/ConnectivityService(  375): handleInetConditionHoldEnd: net=1, condition=100, published condition=100
D/ConnectivityService(  375): handleInetConditionHoldEnd: net=1, condition=100, published condition=100
W/ProcessStats(  375): Skipping unknown process pid 16668
W/ProcessStats(  375): Skipping unknown process pid 17098
D/ConnectivityService(  375): handleInetConditionHoldEnd: net=1, condition=100, published condition=100
D/ConnectivityService(  375): handleInetConditionHoldEnd: net=1, condition=100, published condition=100
I/ActivityManager(  375): No longer want com.google.android.talk (pid 7469): empty for 1839s
I/ActivityManager(  375): No longer want com.facebook.katana (pid 1047): empty for 1975s
W/ActivityManager(  375): Scheduling restart of crashed service com.facebook.katana/com.facebook.push.mqtt.service.MqttPushService in 5000ms
D/ConnectivityService(  375): handleInetConditionHoldEnd: net=1, condition=100, published condition=100
I/ActivityManager(  375): Start proc com.facebook.katana for service com.facebook.katana/com.facebook.push.mqtt.service.MqttPushService: pid=21360 uid=10085 gids={50085, 1006, 1015, 1028, 3003}
W/BroadcastQueue(  375): Permission Denial: broadcasting Intent { act=android.net.conn.INET_CONDITION_ACTION flg=0x8000010 (has extras) } from null (pid=-1, uid=-1) requires com.facebook.permission.prod.FB_APP_COMMUNICATION due to registered receiver BroadcastFilter{429415e0 u0 ReceiverList{42941560 21360 com.facebook.katana/10085/u0 remote:42916bc0}}
W/BroadcastQueue(  375): Permission Denial: broadcasting Intent { act=android.net.conn.CONNECTIVITY_CHANGE flg=0x8000010 (has extras) } from null (pid=-1, uid=-1) requires com.facebook.permission.prod.FB_APP_COMMUNICATION due to registered receiver BroadcastFilter{429415e0 u0 ReceiverList{42941560 21360 com.facebook.katana/10085/u0 remote:42916bc0}}
W/BroadcastQueue(  375): Permission Denial: broadcasting Intent { act=android.net.conn.CONNECTIVITY_CHANGE flg=0x8000010 (has extras) } from null (pid=-1, uid=-1) requires com.facebook.permission.prod.FB_APP_COMMUNICATION due to registered receiver BroadcastFilter{42d17520 u0 ReceiverList{42c22868 21360 com.facebook.katana/10085/u0 remote:429ddfd8}}
W/ProcessStats(  375): Skipping unknown process pid 22141
D/ConnectivityService(  375): handleInetConditionHoldEnd: net=1, condition=100, published condition=100
D/ConnectivityService(  375): handleInetConditionHoldEnd: net=1, condition=100, published condition=100
D/ConnectivityService(  375): handleInetConditionHoldEnd: net=1, condition=100, published condition=100
I/ActivityManager(  375): Start proc com.google.android.partnersetup for content provider com.google.android.partnersetup/.RlzAppProvider: pid=27238 uid=10023 gids={50023, 3003, 1028}
I/ActivityManager(  375): No longer want com.synergy.ventures.ventasplus (pid 7539): empty for 2815s
W/ActivityManager(  375): Scheduling restart of crashed service com.synergy.ventures.ventasplus/com.synergy.pushsync.PushSyncService in 5000ms
I/ActivityManager(  375): Start proc com.synergy.ventures.ventasplus for service com.synergy.ventures.ventasplus/com.synergy.pushsync.PushSyncService: pid=27295 uid=10072 gids={50072, 3003, 1028}
D/ConnectivityService(  375): handleInetConditionHoldEnd: net=1, condition=100, published condition=100
W/ActivityThread(  560): ClassLoader.loadClass: The class loader returned by Thread.getContextClassLoader() may fail for processes that host multiple applications. You should explicitly specify a context class loader. For example: Thread.setContextClassLoader(getClass().getClassLoader());
D/ConnectivityService(  375): handleInetConditionHoldEnd: net=1, condition=100, published condition=100
D/ConnectivityService(  375): handleInetConditionHoldEnd: net=1, condition=100, published condition=100
I/ActivityManager(  375): Start proc com.google.android.apps.genie.geniewidget for broadcast com.google.android.apps.genie.geniewidget/.miniwidget.UpdateReceiver: pid=32671 uid=10018 gids={50018, 3003, 1015, 1028}
I/ActivityManager(  375): No longer want android.process.media (pid 8660): empty for 3469s
W/ActivityManager(  375): Scheduling restart of crashed service com.android.providers.media/.MtpService in 5000ms
I/ActivityManager(  375): Start proc android.process.media for service com.android.providers.media/.MtpService: pid=736 uid=10013 gids={50013, 1015, 1023, 1024, 1028, 2001, 3003, 3007}
D/ConnectivityService(  375): handleInetConditionHoldEnd: net=1, condition=100, published condition=100
W/ProcessStats(  375): Skipping unknown process pid 1810
W/ProcessStats(  375): Skipping unknown process pid 2680
D/ConnectivityService(  375): handleInetConditionHoldEnd: net=1, condition=100, published condition=100
W/ProcessStats(  375): Skipping unknown process pid 2773
D/ConnectivityService(  375): handleInetConditionHoldEnd: net=1, condition=100, published condition=100
D/ConnectivityService(  375): handleInetConditionHoldEnd: net=1, condition=100, published condition=100
W/ProcessStats(  375): Skipping unknown process pid 6337
I/ActivityManager(  375): Start proc com.google.android.talk for service com.google.android.talk/com.google.android.apps.babel.realtimechat.RealTimeChatService$AlarmWrapperService: pid=6863 uid=10050 gids={50050, 3003, 1015, 1006, 3002, 1028}
I/ActivityManager(  375): No longer want com.synergy.ventures.ventasplus (pid 27295): empty for 1803s
I/ActivityManager(  375): No longer want com.google.android.partnersetup (pid 27238): empty for 1809s
W/ActivityManager(  375): Scheduling restart of crashed service com.synergy.ventures.ventasplus/com.synergy.pushsync.PushSyncService in 5000ms
D/ConnectivityService(  375): handleInetConditionHoldEnd: net=1, condition=100, published condition=100
I/ActivityManager(  375): Start proc com.synergy.ventures.ventasplus for service com.synergy.ventures.ventasplus/com.synergy.pushsync.PushSyncService: pid=7815 uid=10072 gids={50072, 3003, 1028}
D/ConnectivityService(  375): handleInetConditionHoldEnd: net=1, condition=100, published condition=100
D/ConnectivityService(  375): ConnectivityChange for WIFI: DISCONNECTED/DISCONNECTED
D/ConnectivityService(  375): Attempting to switch to mobile
D/ConnectivityService(  375): Attempting to switch to BLUETOOTH_TETHER
D/ConnectivityService(  375): Attempting to switch to ETHERNET
D/ConnectivityService(  375): resetConnections(wlan0, 3)
D/Nat464Xlat(  375): requiresClat: netType=1, hasIPv4Address=false
D/ConnectivityService(  375): handleInetConditionChange: no active default network - ignore
D/ConnectivityService(  375): handleInetConditionChange: no active default network - ignore
I/ActivityManager(  375): Start proc com.google.android.music:main for broadcast com.google.android.music/.homewidgets.IFLWidgetProvider: pid=10846 uid=10036 gids={50036, 3003, 1015, 1028}
I/ActivityManager(  375): Start proc com.google.android.gallery3d for broadcast com.google.android.gallery3d/com.google.android.picasasync.ConnectivityReceiver: pid=10877 uid=10017 gids={50017, 1006, 3003, 1015, 1028}
I/ActivityManager(  375): Start proc com.google.android.apps.uploader for broadcast com.google.android.apps.uploader/com.google.android.picasasync.ConnectivityReceiver: pid=10905 uid=10034 gids={50034, 3003, 1015, 1028}
I/ActivityManager(  375): Start proc com.android.mms for broadcast com.android.mms/.transaction.MmsSystemEventReceiver: pid=10919 uid=10035 gids={50035, 3003, 1015, 1028}
D/CountryDetector(  375): The first listener is added
I/ActivityManager(  375): Start proc com.google.android.apps.plus for broadcast com.google.android.apps.plus/.service.ConnectivityReceiver: pid=10955 uid=10043 gids={50043, 3003, 3002, 1015, 1006, 1028}
I/ActivityManager(  375): Start proc android.process.acore for content provider com.android.providers.contacts/.ContactsProvider2: pid=10967 uid=10000 gids={50000, 3003, 1015, 1028}
--------- beginning of /dev/log/main
D/dalvikvm(10955): DexOpt: unable to opt direct call 0x050c at 0x0e in Lb;.a
D/dalvikvm(10955): DexOpt: unable to opt direct call 0x0878 at 0x0e in Lb;.a
D/dalvikvm(10955): DexOpt: unable to opt direct call 0x050c at 0x0e in Lb;.a
W/dalvikvm(10955): Unable to resolve superclass of Lar; (667)
W/dalvikvm(10955): Link of class 'Lar;' failed
D/dalvikvm(10955): DexOpt: unable to opt direct call 0x1644 at 0x08 in Lb;.a
W/dalvikvm(10955): Unable to resolve superclass of Lat; (667)
W/dalvikvm(10955): Link of class 'Lat;' failed
D/dalvikvm(10955): DexOpt: unable to opt direct call 0x1662 at 0x2c in Lb;.a
D/dalvikvm(10955): DexOpt: unable to opt direct call 0x0564 at 0x13 in Lb;.a
D/dalvikvm(10955): GC_CONCURRENT freed 367K, 5% free 9167K/9568K, paused 4ms+2ms, total 29ms
D/dalvikvm(10955): Trying to load lib /data/app-lib/com.google.android.apps.plus-1/libcrashreporterer.so 0x42362ad0
D/dalvikvm(10955): Added shared lib /data/app-lib/com.google.android.apps.plus-1/libcrashreporterer.so 0x42362ad0
D/dalvikvm(10955): GC_CONCURRENT freed 330K, 4% free 9285K/9652K, paused 4ms+2ms, total 38ms
D/dalvikvm(10955): GC_FOR_ALLOC freed 127K, 4% free 9339K/9692K, paused 25ms, total 25ms
I/dalvikvm-heap(10955): Grow heap (frag case) to 10.889MB for 1821008-byte allocation
I/ActivityManager(  375): Start proc com.google.android.apps.magazines for broadcast com.google.android.apps.magazines/com.google.apps.dots.android.newsstand.appwidget.NewsWidgetProvider: pid=10998 uid=10032 gids={50032, 3003, 1015, 1028}
D/dalvikvm(10955): GC_FOR_ALLOC freed <1K, 4% free 11117K/11472K, paused 26ms, total 26ms
D/dalvikvm(10955): GC_CONCURRENT freed <1K, 4% free 11117K/11472K, paused 5ms+2ms, total 27ms
D/dalvikvm(10967): GC_CONCURRENT freed 259K, 4% free 9327K/9624K, paused 2ms+5ms, total 27ms
D/dalvikvm(  375): GC_CONCURRENT freed 2645K, 22% free 20200K/25844K, paused 4ms+10ms, total 168ms
I/dalvikvm(10998): Could not find method android.webkit.WebView.setWebContentsDebuggingEnabled, referenced from method com.google.apps.dots.android.newsstand.NSDepend.setupInternal
W/dalvikvm(10998): VFY: unable to resolve static method 7743: Landroid/webkit/WebView;.setWebContentsDebuggingEnabled (Z)V
D/dalvikvm(10998): VFY: replacing opcode 0x71 at 0x00c8
I/dalvikvm(10998): Could not find method android.accounts.AccountManager.getPreviousName, referenced from method com.google.apps.dots.android.newsstand.auth.AccountManagerDelegate.getPreviousName
W/dalvikvm(10998): VFY: unable to resolve virtual method 7: Landroid/accounts/AccountManager;.getPreviousName (Landroid/accounts/Account;)Ljava/lang/String;
D/dalvikvm(10998): VFY: replacing opcode 0x6e at 0x0002
D/dalvikvm(10998): GC_CONCURRENT freed 336K, 4% free 9099K/9472K, paused 5ms+3ms, total 43ms
I/dalvikvm(10998): Could not find method android.graphics.Bitmap.getAllocationByteCount, referenced from method com.google.apps.dots.android.newsstand.bitmap.CachingBitmapPool.isGoodForMutableBitmapRequest
W/dalvikvm(10998): VFY: unable to resolve virtual method 570: Landroid/graphics/Bitmap;.getAllocationByteCount ()I
D/dalvikvm(10998): VFY: replacing opcode 0x6e at 0x0018
I/dalvikvm(10998): Could not find method android.graphics.Bitmap.reconfigure, referenced from method com.google.apps.dots.android.newsstand.bitmap.CachingBitmapPool.reconfigureBitmap
W/dalvikvm(10998): VFY: unable to resolve virtual method 577: Landroid/graphics/Bitmap;.reconfigure (IILandroid/graphics/Bitmap$Config;)V
D/dalvikvm(10998): VFY: replacing opcode 0x6e at 0x0008
D/dalvikvm(10998): GC_CONCURRENT freed 243K, 3% free 9272K/9552K, paused 4ms+3ms, total 24ms
I/NSApplication(10998): Starting up...
D/PSS::   ( 7815): Connecting changed: connected=false
V/SmsReceiverService(10919): onStart: #1 mResultCode: -1 = Activity.RESULT_OK
W/MagazinesUserContentService(10998): Magazines are not enabled for this country, so no offers or magazines
W/MagazinesUserContentService(10998): Magazines are not enabled for this country, so no offers or magazines
D/dalvikvm(10967): GC_CONCURRENT freed 187K, 3% free 9527K/9752K, paused 3ms+3ms, total 31ms
I/ActivityManager(  375): Start proc com.google.android.gms.wearable for service com.google.android.gms/.wearable.service.WearableService: pid=11054 uid=10009 gids={50009, 3003, 1007, 1028, 1015, 1006, 3002, 3001, 2001, 3006}
D/dalvikvm(10846): GC_CONCURRENT freed 317K, 4% free 9724K/10080K, paused 4ms+4ms, total 43ms
W/dalvikvm(11054): VFY: unable to resolve static field 638 (PR_SET_DUMPABLE) in Landroid/system/OsConstants;
D/dalvikvm(11054): VFY: replacing opcode 0x60 at 0x000b
I/MultiDex(11054): VM with version 1.6.0 does not have multidex support
I/MultiDex(11054): install
I/GHttpClientFactory(10846): Using the GMSCore's GoogleHttpClient
I/MultiDex(11054): MultiDexExtractor.load(/data/app/com.google.android.gms-1.apk, false)
I/MultiDex(11054): loading existing secondary dex files
I/MultiDex(11054): load found 3 secondary dex files
I/MusicLeanback(10846): Conditions not met for autocaching.
I/MusicLeanback(10846): Stop autocaching.
I/MultiDex(11054): install done
I/ProviderInstaller(11054): Insert disabled by gate 'gms:security:enable_conscrypt_in_gms_application'
D/WearableService(11054): callingUid 10009, callindPid: 11054
D/GCM     (  592): GcmService start Intent { act=com.google.android.gms.INITIALIZE flg=0x10 pkg=com.google.android.gms cmp=com.google.android.gms/.gcm.GcmService } com.google.android.gms.INITIALIZE
E/dalvikvm(11054): Could not find class 'android.telecom.TelecomManager', referenced from method com.google.android.gms.wearable.service.y.a
W/dalvikvm(11054): VFY: unable to resolve check-cast 441 (Landroid/telecom/TelecomManager;) in Lcom/google/android/gms/wearable/service/y;
D/dalvikvm(11054): VFY: replacing opcode 0x1f at 0x004c
W/dalvikvm(11054): VFY: unable to find class referenced in signature (Landroid/telecom/TelecomManager;)
I/dalvikvm(11054): Could not find method android.app.AppOpsManager.checkPackage, referenced from method com.google.android.gms.common.hg.a
W/dalvikvm(11054): VFY: unable to resolve virtual method 118: Landroid/app/AppOpsManager;.checkPackage (ILjava/lang/String;)V
D/dalvikvm(11054): VFY: replacing opcode 0x6e at 0x0012
I/dalvikvm(11054): Could not find method android.content.pm.PackageManager.getPackageInstaller, referenced from method com.google.android.gms.common.hg.a
W/dalvikvm(11054): VFY: unable to resolve virtual method 449: Landroid/content/pm/PackageManager;.getPackageInstaller ()Landroid/content/pm/PackageInstaller;
D/dalvikvm(11054): VFY: replacing opcode 0x6e at 0x000d
D/AuthorizationBluetoothService(  592): Received GmsCore event: Intent { act=com.google.android.gms.INITIALIZE flg=0x10 pkg=com.google.android.gms cmp=com.google.android.gms/.auth.be.proximity.authorization.bt.AuthorizationBluetoothService$AutoStarter }.
I/GAV2    (10877): Thread[GAThread,5,main]: No campaign data found.
E/AuthorizationBluetoothService(  592): Proximity feature is not enabled.
V/GmsCoreStatsServiceLauncher(  768): Received broadcast intent Intent { act=com.google.android.gms.INITIALIZE flg=0x10 pkg=com.google.android.gms cmp=com.google.android.gms/.common.stats.GmsCoreStatsServiceLauncher }
E/GmsUtils(10846): Failed to connect to Google API client: ConnectionResult{statusCode=unknown status code 16, resolution=null}
E/GmsUtils(10846): Failed to connect to Google API client: ConnectionResult{statusCode=unknown status code 16, resolution=null}
D/dalvikvm(11054): GC_CONCURRENT freed 322K, 4% free 9041K/9404K, paused 3ms+3ms, total 55ms
D/LocationInitializer(  768): Restart initialization of location
E/MDM     (  576): [73] b.run: Couldn't connect to Google API client: ConnectionResult{statusCode=API_UNAVAILABLE, resolution=null}
I/GAV4    (10998): Thread[GAThread,5,main]: No campaign data found.
I/dalvikvm(11054): Could not find method android.os.UserManager.getUserProfiles, referenced from method com.google.android.gms.wearable.service.ap.a
W/dalvikvm(11054): VFY: unable to resolve virtual method 1062: Landroid/os/UserManager;.getUserProfiles ()Ljava/util/List;
D/dalvikvm(11054): VFY: replacing opcode 0x6e at 0x004d
W/SocketClient(  121): write error (Broken pipe)
D/ConnectivityService(  375): handleInetConditionChange: no active default network - ignore
D/dalvikvm(10955): GC_FOR_ALLOC freed <1K, 4% free 11117K/11468K, paused 31ms, total 31ms
I/dalvikvm-heap(10955): Grow heap (frag case) to 12.625MB for 1821008-byte allocation
D/dalvikvm(10955): GC_FOR_ALLOC freed 0K, 3% free 12895K/13248K, paused 20ms, total 20ms
D/dalvikvm(10955): GC_CONCURRENT freed <1K, 3% free 12895K/13248K, paused 3ms+3ms, total 22ms
I/EntropyMixer(  375): Writing entropy...
I/wpa_supplicant(  455): wlan0: Trying to associate with c0:c1:c0:57:b4:c7 (SSID='SGB-TS' freq=2437 MHz)
I/wpa_supplicant(  455): wlan0: Associated with c0:c1:c0:57:b4:c7
I/wpa_supplicant(  455): wlan0: WPA: Key negotiation completed with c0:c1:c0:57:b4:c7 [PTK=CCMP GTK=TKIP]
I/wpa_supplicant(  455): wlan0: CTRL-EVENT-CONNECTED - Connection to c0:c1:c0:57:b4:c7 completed (auth) [id=14 id_str=]
D/ConnectivityService(  375): Captive portal check NetworkInfo: type: WIFI[], state: CONNECTING/CAPTIVE_PORTAL_CHECK, reason: (unspecified), extra: "SGB-TS", roaming: false, failover: false, isAvailable: true
D/ConnectivityService(  375): ConnectivityChange for WIFI: CONNECTED/CONNECTED
D/Nat464Xlat(  375): requiresClat: netType=1, hasIPv4Address=true
I/GCoreUlr(  576): Wifi connected, attempting upload
I/GCoreUlr(  576): Starting service, intent=Intent { act=com.google.android.location.reporting.WIFI_TRIGGERED_UPLOAD cmp=com.google.android.gms/com.google.android.location.reporting.service.DispatchingService }, extras=null
I/GCoreUlr(  576): DispatchingService.onCreate()
D/dalvikvm(  576): GC_CONCURRENT freed 391K, 6% free 10559K/11184K, paused 9ms+4ms, total 55ms
W/GCoreUlr(  576): DispatchingService ignoring Intent { act=com.google.android.location.reporting.WIFI_TRIGGERED_UPLOAD cmp=com.google.android.gms/com.google.android.location.reporting.service.DispatchingService } because ULR inactive
I/GCoreUlr(  576): DispatchingService.onDestroy()
I/GCoreUlr(  576): Unbound from all location providers
D/ConnectivityService(  375): NetTransition Wakelock for ConnectedState released by timeout
D/Tethering(  375): MasterInitialState.processMessage what=3
I/NetworkMonitor(10846): type=WIFI subType= reason=null isConnected=true
D/PicasaSyncManager(10877): active network: NetworkInfo: type: WIFI[], state: CONNECTED/CONNECTED, reason: (unspecified), extra: "SGB-TS", roaming: false, failover: false, isAvailable: true
D/PicasaUploaderSyncManager(10905): active network: NetworkInfo: type: WIFI[], state: CONNECTED/CONNECTED, reason: (unspecified), extra: "SGB-TS", roaming: false, failover: false, isAvailable: true
I/iu.Environment(  768): update connectivity state; isNetworkMetered? false, isRoaming? false, isBackgroundDataAllowed? true*
D/dalvikvm(10955): GC_FOR_ALLOC freed 2K, 3% free 12895K/13244K, paused 22ms, total 22ms
D/dalvikvm(10877): GC_CONCURRENT freed 171K, 3% free 9288K/9496K, paused 3ms+3ms, total 55ms
I/dalvikvm-heap(10955): Grow heap (frag case) to 14.362MB for 1821008-byte allocation
D/PicasaSyncManager(10877): reject PrefetchAlbumCover (**************************) because master auto sync is off
D/PicasaSyncManager(10877): reject PrefetchScreenNail (**************************) because master auto sync is off
D/dalvikvm(10955): GC_FOR_ALLOC freed <1K, 3% free 14674K/15024K, paused 22ms, total 22ms
I/iu.UploadsManager(  768): num queued entries: 0
I/iu.UploadsManager(  768): num updated entries: 0
I/iu.SyncManager(  768): NEXT; no task
D/PSS::   ( 7815): Connecting changed: connected=true
D/PSS::Try to connect( 7815): ws://192.168.1.204:9000
D/dalvikvm(10955): GC_CONCURRENT freed 5K, 3% free 14678K/15024K, paused 4ms+6ms, total 35ms
D/dalvikvm(10955): WAIT_FOR_CONCURRENT_GC blocked 20ms
I/dalvikvm-heap(10955): Grow heap (frag case) to 16.103MB for 1821008-byte allocation
D/dalvikvm(10955): GC_FOR_ALLOC freed <1K, 3% free 16456K/16804K, paused 20ms, total 20ms
D/de.tavendo.autobahn.WebSocketConnection( 7815): created
D/GCM     (  592): Connected
I/GCM     (  592): GCM message com.google.android.gsf.gtalkservice 
D/GCM     (  592): Message class com.google.f.a.a.r
D/ConnectivityService(  375): handleInetConditionHoldEnd: net=1, condition=100, published condition=0
D/PSS::OnCloSe Connection closed.( 7815): failed to connect to /192.168.1.204 (port 9000) after 6000ms: isConnected failed: EHOSTUNREACH (No route to host)
D/dalvikvm(  375): GC_CONCURRENT freed 2624K, 22% free 20273K/25844K, paused 4ms+10ms, total 126ms
D/dalvikvm(  375): GC_CONCURRENT freed 2772K, 22% free 20244K/25844K, paused 4ms+9ms, total 147ms
D/dalvikvm(  375): GC_CONCURRENT freed 2742K, 22% free 20244K/25844K, paused 4ms+9ms, total 128ms
D/GCM     (  592): Message class com.google.f.a.a.i
D/ConnectivityService(  375): handleInetConditionHoldEnd: net=1, condition=100, published condition=100
D/dalvikvm(  375): GC_CONCURRENT freed 2734K, 22% free 20251K/25844K, paused 4ms+9ms, total 147ms
W/ProcessStats(  375): Skipping unknown process pid 13411
I/ActivityManager(  375): No longer want com.google.android.apps.genie.geniewidget (pid 32671): empty for 1806s
D/dalvikvm(  375): GC_CONCURRENT freed 2732K, 22% free 20250K/25844K, paused 4ms+10ms, total 145ms
D/dalvikvm(  375): GC_CONCURRENT freed 2734K, 22% free 20237K/25844K, paused 3ms+8ms, total 142ms
W/ProcessStats(  375): Skipping unknown process pid 14566
D/GCM     (  592): Message class com.google.f.a.a.i
D/ConnectivityService(  375): handleInetConditionHoldEnd: net=1, condition=100, published condition=100
D/dalvikvm(  375): GC_CONCURRENT freed 2731K, 22% free 20246K/25844K, paused 5ms+8ms, total 144ms
V/DigitalWidgetViewsFactory(16711): DigitalWidget sets next alarm string to null
D/dalvikvm(16711): GC_CONCURRENT freed 272K, 4% free 9048K/9356K, paused 11ms+2ms, total 38ms
D/dalvikvm(  375): GC_CONCURRENT freed 2735K, 22% free 20238K/25844K, paused 3ms+9ms, total 142ms
I/ActivityManager(  375): Start proc com.google.android.gsf.login for service com.google.android.gsf.login/com.google.android.gsf.loginservice.GoogleLoginService: pid=16002 uid=10009 gids={50009, 3003, 1007, 1028, 1015, 1006, 3002, 3001, 2001, 3006}
D/dalvikvm(  125): GC_EXPLICIT freed 40K, 1% free 8928K/9008K, paused 3ms+3ms, total 34ms
D/dalvikvm(  125): GC_EXPLICIT freed <1K, 1% free 8928K/9008K, paused 2ms+4ms, total 29ms
D/dalvikvm(  125): GC_EXPLICIT freed <1K, 1% free 8928K/9008K, paused 3ms+3ms, total 30ms
I/GLSUser (  592): [GLSUser] getTokenFromCache: [account: <ELLIDED:27950>, callingPkg: com.google.android.gms, service: oauth2:https://www.googleapis.com/auth/ads_measurement]
I/Auth.Core(  592): [TokenCache] Missing snowballing token: no granted scopes set.
D/dalvikvm(  592): GC_CONCURRENT freed 429K, 6% free 10129K/10720K, paused 3ms+4ms, total 47ms
I/GLSUser (  592): [GLSUser] getTokenFromGoogle [account: <ELLIDED:27950>, callingPkg: com.google.android.gms, service: oauth2:https://www.googleapis.com/auth/ads_measurement
I/dalvikvm(  592): Jit: resizing JitTable from 4096 to 8192
I/GLSUser (  592): [GLSUser] getAuthtoken(<ELLIDED:27950>, oauth2:https://www.googleapis.com/auth/ads_measurement) -> status: null)
I/GLSUser (  592): [GLSUser] Extracting token using key: Auth
W/GLSUser (  592): [GLSUser] Permission for com.google.android.gms to access oauth2:https://www.googleapis.com/auth/ads_measurement will be managed locally.
D/dalvikvm(  592): GC_CONCURRENT freed 410K, 6% free 10116K/10720K, paused 3ms+3ms, total 53ms
D/dalvikvm(  768): DexOpt: --- BEGIN 'ads127247162.jar' (bootstrap=0) ---
D/dalvikvm(16041): DexOpt: load 5ms, verify+opt 13ms, 182532 bytes
D/dalvikvm(  768): DexOpt: --- END 'ads127247162.jar' (success) ---
D/dalvikvm(  768): DEX prep '/data/data/com.google.android.gms/cache/ads127247162.jar': unzip in 0ms, rewrite 153ms
D/dalvikvm(  768): GC_CONCURRENT freed 760K, 10% free 11495K/12636K, paused 6ms+6ms, total 76ms
D/dalvikvm(  375): GC_CONCURRENT freed 2725K, 22% free 20245K/25844K, paused 5ms+9ms, total 143ms
D/GCM     (  592): Message class com.google.f.a.a.i
D/ConnectivityService(  375): handleInetConditionHoldEnd: net=1, condition=100, published condition=100
W/ProcessStats(  375): Skipping unknown process pid 16668
W/IdleConnectionHandler(21360): Removing a connection that never existed!
D/dalvikvm(  375): GC_CONCURRENT freed 2744K, 22% free 20224K/25844K, paused 5ms+9ms, total 138ms
I/wpa_supplicant(  455): wlan0: WPA: Group rekeying completed with c0:c1:c0:57:b4:c7 [GTK=TKIP]
D/dalvikvm(  375): GC_CONCURRENT freed 2727K, 22% free 20225K/25844K, paused 4ms+10ms, total 121ms
D/dalvikvm(  375): GC_CONCURRENT freed 2712K, 22% free 20218K/25844K, paused 5ms+8ms, total 140ms
D/GCM     (  592): Message class com.google.f.a.a.i
D/ConnectivityService(  375): handleInetConditionHoldEnd: net=1, condition=100, published condition=100
D/dalvikvm(  375): GC_CONCURRENT freed 2723K, 22% free 20219K/25844K, paused 12ms+9ms, total 133ms
D/dalvikvm(  375): GC_CONCURRENT freed 2710K, 22% free 20222K/25844K, paused 7ms+9ms, total 162ms
D/dalvikvm(  375): GC_CONCURRENT freed 2740K, 22% free 20220K/25844K, paused 3ms+9ms, total 140ms
I/ActivityManager(  375): No longer want com.google.android.talk (pid 6863): empty for 1813s
D/GCM     (  592): Message class com.google.f.a.a.i
D/ConnectivityService(  375): handleInetConditionHoldEnd: net=1, condition=100, published condition=100
I/EventLogService(  768): Aggregate from 1429729874614 (log), 1429729874614 (data)
D/dalvikvm(  375): GC_CONCURRENT freed 2731K, 22% free 20223K/25844K, paused 4ms+9ms, total 147ms
D/dalvikvm(  375): GC_CONCURRENT freed 2727K, 22% free 20223K/25844K, paused 7ms+10ms, total 123ms
W/ProcessStats(  375): Skipping unknown process pid 21228
I/GoogleURLConnFactory(  592): Using platform SSLCertificateSocketFactory
D/GCM     (  592): Message class com.google.f.a.a.i
D/ConnectivityService(  375): handleInetConditionHoldEnd: net=1, condition=100, published condition=100
D/dalvikvm(  375): GC_CONCURRENT freed 2731K, 22% free 20220K/25844K, paused 4ms+9ms, total 115ms
V/DigitalWidgetViewsFactory(16711): DigitalWidget sets next alarm string to null
D/dalvikvm(  449): GC_CONCURRENT freed 789K, 9% free 13508K/14696K, paused 2ms+5ms, total 40ms
D/dalvikvm(  375): GC_CONCURRENT freed 2729K, 22% free 20222K/25844K, paused 5ms+9ms, total 172ms
D/dalvikvm(  375): GC_CONCURRENT freed 2705K, 22% free 20219K/25844K, paused 4ms+9ms, total 148ms
D/dalvikvm(  922): GC_CONCURRENT freed 386K, 6% free 9893K/10504K, paused 6ms+2ms, total 31ms
D/GCM     (  592): Message class com.google.f.a.a.i
D/ConnectivityService(  375): handleInetConditionHoldEnd: net=1, condition=100, published condition=100
W/ProcessStats(  375): Skipping unknown process pid 23144
D/dalvikvm(  375): GC_CONCURRENT freed 2710K, 22% free 20226K/25844K, paused 5ms+9ms, total 140ms
I/ActivityManager(  375): No longer want com.google.android.gms.wearable (pid 11054): empty for 1805s
I/ActivityManager(  375): No longer want android.process.acore (pid 10967): empty for 1808s
D/dalvikvm(  375): GC_CONCURRENT freed 2736K, 22% free 20209K/25844K, paused 4ms+8ms, total 148ms
I/ActivityManager(  375): No longer want com.synergy.ventures.ventasplus (pid 7815): empty for 1828s
I/ActivityManager(  375): No longer want com.google.android.apps.magazines (pid 10998): empty for 1828s
I/ActivityManager(  375): No longer want com.google.android.apps.plus (pid 10955): empty for 1828s
I/ActivityManager(  375): No longer want com.android.mms (pid 10919): empty for 1828s
I/ActivityManager(  375): No longer want com.google.android.apps.uploader (pid 10905): empty for 1828s
I/ActivityManager(  375): No longer want com.google.android.gallery3d (pid 10877): empty for 1828s
I/ActivityManager(  375): No longer want android.process.media (pid 736): empty for 1828s
I/ActivityManager(  375): No longer want com.google.android.music:main (pid 10846): empty for 1828s
W/ActivityManager(  375): Scheduling restart of crashed service com.synergy.ventures.ventasplus/com.synergy.pushsync.PushSyncService in 5000ms
W/ActivityManager(  375): Scheduling restart of crashed service com.android.providers.media/.MtpService in 14970ms
D/CountryDetector(  375): No listener is left
D/dalvikvm(24155): Late-enabling CheckJNI
I/ActivityManager(  375): Start proc com.synergy.ventures.ventasplus for service com.synergy.ventures.ventasplus/com.synergy.pushsync.PushSyncService: pid=24155 uid=10072 gids={50072, 3003, 1028}
D/dalvikvm(24155): GC_CONCURRENT freed 283K, 4% free 9117K/9436K, paused 3ms+1ms, total 34ms
I/ActivityManager(  375): Start proc android.process.media for service com.android.providers.media/.MtpService: pid=24238 uid=10013 gids={50013, 1015, 1023, 1024, 1028, 2001, 3003, 3007}
D/MtpService(24238): updating state; isCurrentUser=true, mMtpLocked=false
D/MtpService(24238): addStorageLocked 65537 /storage/emulated/0
D/MtpService(24238): updating state; isCurrentUser=true, mMtpLocked=false
D/MtpService(24238): starting MTP server in MTP mode
D/MtpService(24238): addStorageLocked 65537 /storage/emulated/0
D/dalvikvm(24238): GC_CONCURRENT freed 198K, 3% free 9118K/9352K, paused 4ms+2ms, total 29ms
D/dalvikvm(  375): GC_CONCURRENT freed 2745K, 22% free 20175K/25844K, paused 4ms+9ms, total 145ms
D/GCM     (  592): Message class com.google.f.a.a.i
D/ConnectivityService(  375): handleInetConditionHoldEnd: net=1, condition=100, published condition=100
D/dalvikvm(  576): GC_CONCURRENT freed 445K, 6% free 10567K/11184K, paused 7ms+16ms, total 62ms
D/dalvikvm(  375): GC_CONCURRENT freed 2748K, 23% free 20147K/25844K, paused 4ms+9ms, total 150ms
D/dalvikvm(  375): GC_CONCURRENT freed 2702K, 23% free 20136K/25844K, paused 5ms+8ms, total 120ms
D/webviewglue(14119): OnTrimMemory with EGL Context 0x0
D/webviewglue(14119): OnTrimMemory with EGL Context 0x0
D/webviewglue(14119): OnTrimMemory with EGL Context 0x0
D/webviewglue(14119): OnTrimMemory with EGL Context 0x0
D/dalvikvm(  631): GC_CONCURRENT freed 2531K, 19% free 16741K/20552K, paused 4ms+6ms, total 47ms
D/dalvikvm(  375): GC_CONCURRENT freed 2688K, 23% free 20152K/25844K, paused 6ms+10ms, total 125ms
