I/ActivityManager(  375): No longer want com.google.android.apps.plus (pid 28518): empty for 1809s
I/ActivityManager(  375): No longer want com.google.android.apps.uploader (pid 28503): empty for 1809s
I/ActivityManager(  375): No longer want com.google.android.gallery3d (pid 28481): empty for 1809s
I/ActivityManager(  375): No longer want android.process.media (pid 24238): empty for 1818s
W/ActivityManager(  375): Scheduling restart of crashed service com.android.providers.media/.MtpService in 5000ms
D/GCM     (  592): Message class com.google.f.a.a.i
D/ConnectivityService(  375): handleInetConditionHoldEnd: net=1, condition=100, published condition=100
I/ActivityManager(  375): Start proc android.process.media for service com.android.providers.media/.MtpService: pid=29293 uid=10013 gids={50013, 1015, 1023, 1024, 1028, 2001, 3003, 3007}
D/MtpService(29293): updating state; isCurrentUser=true, mMtpLocked=false
D/MtpService(29293): addStorageLocked 65537 /storage/emulated/0
D/MtpService(29293): updating state; isCurrentUser=true, mMtpLocked=false
D/MtpService(29293): starting MTP server in MTP mode
D/MtpService(29293): addStorageLocked 65537 /storage/emulated/0
D/dalvikvm(  576): GC_CONCURRENT freed 542K, 6% free 10541K/11184K, paused 5ms+4ms, total 47ms
I/ActivityManager(  375): No longer want com.google.android.gms:snet (pid 29202): empty for 1849s
I/wpa_supplicant(  455): wlan0: WPA: Group rekeying completed with c0:c1:c0:57:b4:c7 [GTK=TKIP]
I/wpa_supplicant(  455): wlan0: WPA: Group rekeying completed with c0:c1:c0:57:b4:c7 [GTK=TKIP]
D/GCM     (  592): Message class com.google.f.a.a.i
D/ConnectivityService(  375): handleInetConditionHoldEnd: net=1, condition=100, published condition=100
D/webviewglue(14119): OnTrimMemory with EGL Context 0x0
V/DigitalWidgetViewsFactory(16711): DigitalWidget sets next alarm string to null
D/GCM     (  592): Message class com.google.f.a.a.i
D/ConnectivityService(  375): handleInetConditionHoldEnd: net=1, condition=100, published condition=100
D/webviewglue(14119): OnTrimMemory with EGL Context 0x0
D/GCM     (  592): Message class com.google.f.a.a.i
D/ConnectivityService(  375): handleInetConditionHoldEnd: net=1, condition=100, published condition=100
D/dalvikvm(  375): GC_EXPLICIT freed 2107K, 24% free 19826K/25844K, paused 5ms+12ms, total 127ms
I/ActivityManager(  375): No longer want com.google.android.gms.wearable (pid 29218): empty for 2509s
D/webviewglue(14119): OnTrimMemory with EGL Context 0x0
I/ActivityManager(  375): Start proc com.google.android.talk for service com.google.android.talk/com.google.android.apps.babel.realtimechat.RealTimeChatService$AlarmWrapperService: pid=29320 uid=10050 gids={50050, 3003, 1015, 1006, 3002, 1028}
W/Settings(29320): Setting airplane_mode_on has moved from android.provider.Settings.System to android.provider.Settings.Global, returning read-only value.
D/dalvikvm(29320): GC_CONCURRENT freed 370K, 5% free 9063K/9472K, paused 194ms+4ms, total 292ms
D/dalvikvm(29320): WAIT_FOR_CONCURRENT_GC blocked 15ms
I/ActivityManager(  375): No longer want com.synergy.ventures.ventasplus (pid 29252): empty for 1826s
W/ActivityManager(  375): Scheduling restart of crashed service com.synergy.ventures.ventasplus/com.synergy.pushsync.PushSyncService in 5000ms
D/dalvikvm(29320): GC_CONCURRENT freed 335K, 4% free 9131K/9504K, paused 8ms+2ms, total 30ms
D/dalvikvm(  592): GC_EXPLICIT freed 247K, 5% free 10160K/10684K, paused 2ms+6ms, total 41ms
I/ActivityManager(  375): Start proc com.synergy.ventures.ventasplus for service com.synergy.ventures.ventasplus/com.synergy.pushsync.PushSyncService: pid=29347 uid=10072 gids={50072, 3003, 1028}
D/dalvikvm(29347): Late-enabling CheckJNI
D/dalvikvm(29347): GC_CONCURRENT freed 264K, 3% free 9141K/9424K, paused 4ms+3ms, total 38ms
D/webviewglue(14119): OnTrimMemory with EGL Context 0x0
D/dalvikvm(  922): GC_CONCURRENT freed 366K, 6% free 9953K/10528K, paused 7ms+3ms, total 33ms
I/EventLogService(  768): Aggregate from 1429737075047 (log), 1429737075047 (data)
D/GCM     (  592): Message class com.google.f.a.a.i
D/ConnectivityService(  375): handleInetConditionHoldEnd: net=1, condition=100, published condition=100
D/webviewglue(14119): OnTrimMemory with EGL Context 0x0
V/DigitalWidgetViewsFactory(16711): DigitalWidget sets next alarm string to null
I/GoogleURLConnFactory(  592): Using platform SSLCertificateSocketFactory
D/GCM     (  592): Message class com.google.f.a.a.i
D/ConnectivityService(  375): handleInetConditionHoldEnd: net=1, condition=100, published condition=100
D/GCM     (  592): Message class com.google.f.a.a.i
D/ConnectivityService(  375): handleInetConditionHoldEnd: net=1, condition=100, published condition=100
D/webviewglue(14119): OnTrimMemory with EGL Context 0x0
D/dalvikvm(29293): GC_CONCURRENT freed 197K, 3% free 9117K/9352K, paused 5ms+2ms, total 35ms
D/dalvikvm(  576): GC_CONCURRENT freed 433K, 6% free 10555K/11184K, paused 12ms+4ms, total 51ms
W/GCM     (  592): Heartbeat timeout, GCM connection reset -7
D/dalvikvm(  375): GC_EXPLICIT freed 1299K, 24% free 19787K/25844K, paused 6ms+10ms, total 122ms
D/ConnectivityService(  375): handleInetConditionHoldEnd: net=1, condition=0, published condition=100
D/webviewglue(14119): OnTrimMemory with EGL Context 0x0
D/webviewglue(14119): OnTrimMemory with EGL Context 0x0
I/ActivityManager(  375): Start proc com.google.android.apps.genie.geniewidget for broadcast com.google.android.apps.genie.geniewidget/.miniwidget.UpdateReceiver: pid=29376 uid=10018 gids={50018, 3003, 1015, 1028}
I/System.out(29376): [INFO:13]: LogSource: Logging disabled
W/Genie   (29376): Cache file not found: java.io.FileNotFoundException: /data/data/com.google.android.apps.genie.geniewidget/cache/genie_iconcache: open failed: ENOENT (No such file or directory)
I/Genie   (29376): waking up to refresh News & Weather
D/dalvikvm(29376): GC_CONCURRENT freed 219K, 3% free 9128K/9380K, paused 5ms+3ms, total 31ms
I/LatinIME:LogUtils(  541): Dictionary info: dictionary = PersonalizationDictionary.es ; version = 1429037692 ; date = 1429739720
I/LatinIME:LogUtils(  541): Dictionary info: dictionary = UserHistoryDictionary.es ; version = 1414982844 ; date = 1429739720
D/ConnectivityService(  375): handleInetConditionHoldEnd: net=1, condition=0, published condition=0
D/dalvikvm(  560): GC_CONCURRENT freed 403K, 5% free 9724K/10192K, paused 3ms+5ms, total 38ms
D/dalvikvm(  560): GC_CONCURRENT freed 589K, 7% free 9633K/10268K, paused 4ms+3ms, total 46ms
D/dalvikvm(  560): WAIT_FOR_CONCURRENT_GC blocked 10ms
I/ActivityManager(  375): No longer want com.facebook.katana (pid 21360): empty for 2736s
W/ActivityManager(  375): Scheduling restart of crashed service com.facebook.katana/com.facebook.push.mqtt.service.MqttPushService in 5000ms
I/ActivityManager(  375): Start proc com.facebook.katana for service com.facebook.katana/com.facebook.push.mqtt.service.MqttPushService: pid=29402 uid=10085 gids={50085, 1006, 1015, 1028, 3003}
W/dalvikvm(29402): VFY: unable to resolve static field 27745 (a) in Lcom/facebook/katana/app/WorkAppTypes;
D/dalvikvm(29402): VFY: replacing opcode 0x62 at 0x0013
W/dalvikvm(29402): VFY: unable to resolve static field 27746 (b) in Lcom/facebook/katana/app/WorkAppTypes;
D/dalvikvm(29402): VFY: replacing opcode 0x62 at 0x001d
E/dalvikvm(29402): Could not find class 'com.facebook.katana.app.WallpaperFacebookApplicationImpl', referenced from method com.facebook.katana.app.FacebookApplication.a
W/dalvikvm(29402): VFY: unable to resolve new-instance 427 (Lcom/facebook/katana/app/WallpaperFacebookApplicationImpl;) in Lcom/facebook/katana/app/FacebookApplication;
D/dalvikvm(29402): VFY: replacing opcode 0x22 at 0x00a9
D/dalvikvm(29402): DexOpt: unable to opt direct call 0x05a5 at 0xab in Lcom/facebook/katana/app/FacebookApplication;.a
I/dalvikvm(29402): Could not find method android.app.AlarmManager.setExact, referenced from method com.facebook.nobreak.DefaultCatchMeIfYouCan.b
W/dalvikvm(29402): VFY: unable to resolve virtual method 11: Landroid/app/AlarmManager;.setExact (IJLandroid/app/PendingIntent;)V
D/dalvikvm(29402): VFY: replacing opcode 0x6e at 0x004d
D/CatchMeIfYouCan(29402): Process (<default>) ca: '/data/data/com.facebook.katana/app_cmiyc/A1657CCD543F12E66E587EE52ED9D802E22AAC4701'
D/CatchMeIfYouCan(29402): Process (<default>) fc: '/data/data/com.facebook.katana/app_cmiyc/A1657CCD543F12E66E587EE52ED9D802E22AAC4702'
D/CatchMeIfYouCan(29402): Process (<default>) cp: '('default', 3, 120000, silent [true], restart [false], logout [false])'
I/dalvikvm(29402): Could not find method android.app.ActivityManager.isLowRamDevice, referenced from method com.facebook.acra.ErrorReporter.getConstantDeviceData
W/dalvikvm(29402): VFY: unable to resolve virtual method 9: Landroid/app/ActivityManager;.isLowRamDevice ()Z
D/dalvikvm(29402): VFY: replacing opcode 0x6e at 0x00c1
D/dalvikvm(29402): GC_CONCURRENT freed 242K, 3% free 9103K/9384K, paused 3ms+3ms, total 26ms
D/ACRA    (29402): ACRA is enabled for com.facebook.katana, intializing...
D/ACRA    (29402): Looking for error files in /data/data/com.facebook.katana/app_acra-reports
D/ACRA    (29402): Looking for error files in /data/data/com.facebook.katana/app_minidumps
D/dalvikvm(29402): Trying to load lib /data/app-lib/com.facebook.katana-1/libgnustl_shared.so 0x42368ea0
D/dalvikvm(29402): Added shared lib /data/app-lib/com.facebook.katana-1/libgnustl_shared.so 0x42368ea0
D/dalvikvm(29402): No JNI_OnLoad found in /data/app-lib/com.facebook.katana-1/libgnustl_shared.so 0x42368ea0, skipping init
D/dalvikvm(29402): Trying to load lib /data/app-lib/com.facebook.katana-1/libfb_breakpad_client.so 0x42368ea0
D/dalvikvm(29402): Added shared lib /data/app-lib/com.facebook.katana-1/libfb_breakpad_client.so 0x42368ea0
D/dalvikvm(29402): No JNI_OnLoad found in /system/lib/libstdc++.so 0x42368ea0, skipping init
D/dalvikvm(29402): Trying to load lib /data/app-lib/com.facebook.katana-1/libsigmux.so 0x42368ea0
D/dalvikvm(29402): Added shared lib /data/app-lib/com.facebook.katana-1/libsigmux.so 0x42368ea0
D/dalvikvm(29402): No JNI_OnLoad found in /data/app-lib/com.facebook.katana-1/libsigmux.so 0x42368ea0, skipping init
D/dalvikvm(29402): Trying to load lib /data/app-lib/com.facebook.katana-1/libdistract.so 0x42368ea0
D/dalvikvm(29402): Added shared lib /data/app-lib/com.facebook.katana-1/libdistract.so 0x42368ea0
D/dalvikvm(29402): No JNI_OnLoad found in /data/app-lib/com.facebook.katana-1/libdistract.so 0x42368ea0, skipping init
D/dalvikvm(29402): Trying to load lib /data/app-lib/com.facebook.katana-1/libfb_dalvik-internals.so 0x42368ea0
D/dalvikvm(29402): Added shared lib /data/app-lib/com.facebook.katana-1/libfb_dalvik-internals.so 0x42368ea0
V/DexLibLoader(29402): about to lock: /data/data/com.facebook.katana/mdex_lock
V/DexLibLoader(29402): locking /data/data/com.facebook.katana/mdex_lock took 1 ms
V/DexLibLoader(29402): Secondary program dex metadata: secondary-1.dex.jar.xz c0d34653f435a7e59cc5f46e9bd47feaf68b0041 secondary.dex01.Canary
V/DexLibLoader(29402): Secondary program dex metadata: secondary-2.dex.jar.xz 3651d03ae513595a1029ff9eae54d36128fdeb5e secondary.dex02.Canary
V/DexLibLoader(29402): Secondary program dex metadata: secondary-3.dex.jar.xz 020c6d0135a14f0280ede88da3e858d29f1b9ed5 secondary.dex03.Canary
V/DexLibLoader(29402): Secondary program dex metadata: secondary-4.dex.jar.xz 3cf3244a0d1c3e39128f7b89ad90b4842a36a05f secondary.dex04.Canary
V/DexLibLoader(29402): Secondary program dex metadata: secondary-5.dex.jar.xz 666d745bfcb3c0496ae90e343db057d6082ce0c3 secondary.dex05.Canary
V/DexLibLoader(29402): Secondary program dex metadata: secondary-6.dex.jar.xz 0089f1fba5ba3a3fb61d98c516e2bbc2e6adfa05 secondary.dex06.Canary
V/DexLibLoader(29402): Secondary program dex metadata: secondary-7.dex.jar.xz 7cecb34308ef8d54acae00b06e3ade52d8da6d49 secondary.dex07.Canary
V/DexLibLoader(29402): directory "/data/data/com.facebook.katana/app_secondary_program_dex" contains "program-c0d34653f435a7e59cc5f46e9bd47feaf68b00419512848d.dex.jar" as expected
V/DexLibLoader(29402): directory "/data/data/com.facebook.katana/app_secondary_program_dex" contains "program-3651d03ae513595a1029ff9eae54d36128fdeb5e9512848d.dex.jar" as expected
V/DexLibLoader(29402): directory "/data/data/com.facebook.katana/app_secondary_program_dex" contains "program-020c6d0135a14f0280ede88da3e858d29f1b9ed59512848d.dex.jar" as expected
V/DexLibLoader(29402): directory "/data/data/com.facebook.katana/app_secondary_program_dex" contains "program-3cf3244a0d1c3e39128f7b89ad90b4842a36a05f9512848d.dex.jar" as expected
V/DexLibLoader(29402): directory "/data/data/com.facebook.katana/app_secondary_program_dex" contains "program-666d745bfcb3c0496ae90e343db057d6082ce0c39512848d.dex.jar" as expected
V/DexLibLoader(29402): directory "/data/data/com.facebook.katana/app_secondary_program_dex" contains "program-0089f1fba5ba3a3fb61d98c516e2bbc2e6adfa059512848d.dex.jar" as expected
V/DexLibLoader(29402): directory "/data/data/com.facebook.katana/app_secondary_program_dex" contains "program-7cecb34308ef8d54acae00b06e3ade52d8da6d499512848d.dex.jar" as expected
D/DexLibLoader(29402): ignoring file "program-c0d34653f435a7e59cc5f46e9bd47feaf68b00419512848d.dex.odex" in "/data/data/com.facebook.katana/app_secondary_program_dex"
D/DexLibLoader(29402): ignoring file "program-3651d03ae513595a1029ff9eae54d36128fdeb5e9512848d.dex.odex" in "/data/data/com.facebook.katana/app_secondary_program_dex"
D/DexLibLoader(29402): ignoring file "program-020c6d0135a14f0280ede88da3e858d29f1b9ed59512848d.dex.odex" in "/data/data/com.facebook.katana/app_secondary_program_dex"
D/DexLibLoader(29402): ignoring file "program-3cf3244a0d1c3e39128f7b89ad90b4842a36a05f9512848d.dex.odex" in "/data/data/com.facebook.katana/app_secondary_program_dex"
D/DexLibLoader(29402): ignoring file "program-666d745bfcb3c0496ae90e343db057d6082ce0c39512848d.dex.odex" in "/data/data/com.facebook.katana/app_secondary_program_dex"
D/DexLibLoader(29402): ignoring file "program-0089f1fba5ba3a3fb61d98c516e2bbc2e6adfa059512848d.dex.odex" in "/data/data/com.facebook.katana/app_secondary_program_dex"
D/DexLibLoader(29402): ignoring file "program-7cecb34308ef8d54acae00b06e3ade52d8da6d499512848d.dex.odex" in "/data/data/com.facebook.katana/app_secondary_program_dex"
D/DexLibLoader(29402): directory "/data/data/com.facebook.katana/app_secondary_program_dex" is valid
D/DexLibLoader(29402): ignoring file "primary_deps" in "/data/data/com.facebook.katana/app_secondary_program_dex_opt"
V/DexLibLoader(29402): directory "/data/data/com.facebook.katana/app_secondary_program_dex_opt" contains "program-c0d34653f435a7e59cc5f46e9bd47feaf68b00419512848d.dex.dex" as expected
V/DexLibLoader(29402): directory "/data/data/com.facebook.katana/app_secondary_program_dex_opt" contains "program-3651d03ae513595a1029ff9eae54d36128fdeb5e9512848d.dex.dex" as expected
V/DexLibLoader(29402): directory "/data/data/com.facebook.katana/app_secondary_program_dex_opt" contains "program-020c6d0135a14f0280ede88da3e858d29f1b9ed59512848d.dex.dex" as expected
V/DexLibLoader(29402): directory "/data/data/com.facebook.katana/app_secondary_program_dex_opt" contains "program-3cf3244a0d1c3e39128f7b89ad90b4842a36a05f9512848d.dex.dex" as expected
V/DexLibLoader(29402): directory "/data/data/com.facebook.katana/app_secondary_program_dex_opt" contains "program-666d745bfcb3c0496ae90e343db057d6082ce0c39512848d.dex.dex" as expected
V/DexLibLoader(29402): directory "/data/data/com.facebook.katana/app_secondary_program_dex_opt" contains "program-0089f1fba5ba3a3fb61d98c516e2bbc2e6adfa059512848d.dex.dex" as expected
V/DexLibLoader(29402): directory "/data/data/com.facebook.katana/app_secondary_program_dex_opt" contains "program-7cecb34308ef8d54acae00b06e3ade52d8da6d499512848d.dex.dex" as expected
D/DexLibLoader(29402): directory "/data/data/com.facebook.katana/app_secondary_program_dex_opt" is valid
D/DexLibLoader(29402): loading pre-built cross-dex opt odex files
V/dalvik-internals(29402): hooked dvmResolveClass using jump ()
V/dalvik-internals(29402): hooked dvmFlushBreakpoints using jump ()
V/MultiDexClassLoader(29402): installing MultiDexClassLoader before application classloader
I/dalvikvm(29402): Could not find method dalvik.system.DexFile.loadClassBinaryName, referenced from method com.facebook.common.dextricks.DexFileLoadNew.a
W/dalvikvm(29402): VFY: unable to resolve virtual method 2808: Ldalvik/system/DexFile;.loadClassBinaryName (Ljava/lang/String;Ljava/lang/ClassLoader;Ljava/util/List;)Ljava/lang/Class;
D/dalvikvm(29402): VFY: replacing opcode 0x6e at 0x0001
D/DexLibLoader(29402): released odex store lock
D/DexLibLoader(29402): DexLibLoader.loadAll took 50 ms
D/MemoryReductionHack(29402): Marked as initialized entry corresponding to path /data/app/com.facebook.katana-1.apk
D/GcOptimizer(29402): Enabled
V/dalvik-internals(29402): hooked dvmLinearAlloc using jump ()
V/dalvik-internals(29402): hooked dvmLinearRealloc using jump ()
V/dalvik-internals(29402): hooked dvmLinearFree using jump ()
V/dalvik-internals(29402): hooked dvmLinearStrdup using jump ()
V/dalvik-internals(29402): hooked dvmLinearAllocContains using jump ()
I/dalvik-internals(29402): enlarged linearalloc buffer to 33554432 bytes
D/dalvikvm(29402): Trying to load lib /data/app-lib/com.facebook.katana-1/libdextr.so 0x42368ea0
D/dalvikvm(29402): Added shared lib /data/app-lib/com.facebook.katana-1/libdextr.so 0x42368ea0
I/Dextr   (29402): LogQueue params desc: IIJIIIJJ
D/dalvikvm(29402): GC_CONCURRENT freed 305K, 4% free 9302K/9640K, paused 3ms+3ms, total 24ms
W/StaticBindingVerifier(29402): Verify
I/dalvikvm(29402): Could not find method com.facebook.resources.FbResources.getDrawable, referenced from method com.facebook.resources.impl.DownloadedFbResources.getDrawable
W/dalvikvm(29402): VFY: unable to resolve virtual method 46880: Lcom/facebook/resources/FbResources;.getDrawable (ILandroid/content/res/Resources$Theme;)Landroid/graphics/drawable/Drawable;
D/dalvikvm(29402): VFY: replacing opcode 0x6f at 0x0031
D/dalvikvm(29402): GC_CONCURRENT freed 739K, 8% free 10104K/10880K, paused 3ms+4ms, total 33ms
D/dalvikvm(29402): Trying to load lib /data/app-lib/com.facebook.katana-1/libfb.so 0x42368ea0
D/dalvikvm(29402): Added shared lib /data/app-lib/com.facebook.katana-1/libfb.so 0x42368ea0
D/dalvikvm(29402): No JNI_OnLoad found in /data/app-lib/com.facebook.katana-1/libfb.so 0x42368ea0, skipping init
D/dalvikvm(29402): Trying to load lib /data/app-lib/com.facebook.katana-1/libfbjni.so 0x42368ea0
D/dalvikvm(29402): Added shared lib /data/app-lib/com.facebook.katana-1/libfbjni.so 0x42368ea0
D/dalvikvm(29402): Trying to load lib /data/app-lib/com.facebook.katana-1/libcares.so 0x42368ea0
D/dalvikvm(29402): Added shared lib /data/app-lib/com.facebook.katana-1/libcares.so 0x42368ea0
D/dalvikvm(29402): No JNI_OnLoad found in /data/app-lib/com.facebook.katana-1/libcares.so 0x42368ea0, skipping init
D/dalvikvm(29402): Trying to load lib /data/app-lib/com.facebook.katana-1/libdouble-conversion.so 0x42368ea0
D/dalvikvm(29402): Added shared lib /data/app-lib/com.facebook.katana-1/libdouble-conversion.so 0x42368ea0
D/dalvikvm(29402): No JNI_OnLoad found in /data/app-lib/com.facebook.katana-1/libdouble-conversion.so 0x42368ea0, skipping init
D/dalvikvm(29402): Trying to load lib /data/app-lib/com.facebook.katana-1/libevent.so 0x42368ea0
D/dalvikvm(29402): Added shared lib /data/app-lib/com.facebook.katana-1/libevent.so 0x42368ea0
D/dalvikvm(29402): No JNI_OnLoad found in /data/app-lib/com.facebook.katana-1/libevent.so 0x42368ea0, skipping init
D/dalvikvm(29402): Trying to load lib /data/app-lib/com.facebook.katana-1/libliger.so 0x42368ea0
D/dalvikvm(29402): Added shared lib /data/app-lib/com.facebook.katana-1/libliger.so 0x42368ea0
D/dalvikvm(29402): Trying to load lib /data/app-lib/com.facebook.katana-1/libheartbleed.so 0x42368ea0
D/dalvikvm(29402): Added shared lib /data/app-lib/com.facebook.katana-1/libheartbleed.so 0x42368ea0
D/Genie   (29376): Request failed at, 22 de abril, 17:26 next auto-refresh time =10800000
D/dalvikvm(29376): GC_CONCURRENT freed 294K, 4% free 9317K/9648K, paused 13ms+5ms, total 58ms
I/ActivityManager(  375): No longer want android.process.media (pid 29293): empty for 1815s
W/ActivityManager(  375): Scheduling restart of crashed service com.android.providers.media/.MtpService in 5000ms
D/webviewglue(14119): OnTrimMemory with EGL Context 0x0
W/BroadcastQueue(  375): Permission Denial: broadcasting Intent { act=android.net.conn.INET_CONDITION_ACTION flg=0x8000010 (has extras) } from null (pid=-1, uid=-1) requires com.facebook.permission.prod.FB_APP_COMMUNICATION due to registered receiver BroadcastFilter{42bb7de0 u0 ReceiverList{42bb7d60 29402 com.facebook.katana/10085/u0 remote:42b7e9f0}}
W/BroadcastQueue(  375): Permission Denial: broadcasting Intent { act=android.net.conn.CONNECTIVITY_CHANGE flg=0x8000010 (has extras) } from null (pid=-1, uid=-1) requires com.facebook.permission.prod.FB_APP_COMMUNICATION due to registered receiver BroadcastFilter{42bb7de0 u0 ReceiverList{42bb7d60 29402 com.facebook.katana/10085/u0 remote:42b7e9f0}}
W/dalvikvm(29402): Unable to resolve superclass of Lcom/facebook/push/adm/ADMBroadcastReceiver; (403)
W/dalvikvm(29402): Link of class 'Lcom/facebook/push/adm/ADMBroadcastReceiver;' failed
E/dalvikvm(29402): Could not find class 'com.facebook.push.adm.ADMBroadcastReceiver', referenced from method com.facebook.push.adm.ADMPushManager.b
W/dalvikvm(29402): VFY: unable to resolve const-class 9460 (Lcom/facebook/push/adm/ADMBroadcastReceiver;) in Lcom/facebook/push/adm/ADMPushManager;
D/dalvikvm(29402): VFY: replacing opcode 0x1c at 0x000e
D/dalvikvm(29402): GC_CONCURRENT freed 2087K, 15% free 12776K/14884K, paused 5ms+7ms, total 76ms
E/fb4a(:<default>):FbWallpaperService(29402): com.facebook.wallpaper.wallpaperprocess.FbWallpaperService
W/fb4a(:<default>):AbstractMqttPushService(29402): Attempt to start service that is already started
W/BroadcastQueue(  375): Permission Denial: broadcasting Intent { act=android.net.conn.CONNECTIVITY_CHANGE flg=0x8000010 (has extras) } from null (pid=-1, uid=-1) requires com.facebook.permission.prod.FB_APP_COMMUNICATION due to registered receiver BroadcastFilter{429d9e60 u0 ReceiverList{42a15fb8 29402 com.facebook.katana/10085/u0 remote:429cedc8}}
D/GcOptimizer(29402): Configure for next cold start: enable
D/ConnectivityService(  375): handleInetConditionHoldEnd: net=1, condition=0, published condition=0
D/dalvikvm(  560): GC_CONCURRENT freed 425K, 7% free 9622K/10260K, paused 2ms+5ms, total 37ms
D/webviewglue(14119): OnTrimMemory with EGL Context 0x0
D/dalvikvm(29376): GC_CONCURRENT freed 379K, 5% free 9358K/9776K, paused 4ms+16ms, total 46ms
D/dalvikvm(29376): GC_CONCURRENT freed 405K, 5% free 9367K/9816K, paused 3ms+11ms, total 41ms
D/dalvikvm(29402): GC_CONCURRENT freed 7446K, 36% free 13522K/21004K, paused 6ms+8ms, total 111ms
D/dalvikvm(29402): WAIT_FOR_CONCURRENT_GC blocked 51ms
D/dalvikvm(29402): GC_EXPLICIT freed 309K, 37% free 13424K/21004K, paused 5ms+8ms, total 77ms
D/dalvikvm(29402): GC_EXPLICIT freed 141K, 36% free 13496K/21004K, paused 10ms+7ms, total 78ms
I/dalvikvm(29402): Could not find method android.provider.DocumentsContract.isDocumentUri, referenced from method com.facebook.common.tempfile.BackingFileResolver.c
W/dalvikvm(29402): VFY: unable to resolve static method 842: Landroid/provider/DocumentsContract;.isDocumentUri (Landroid/content/Context;Landroid/net/Uri;)Z
D/dalvikvm(29402): VFY: replacing opcode 0x71 at 0x0002
I/dalvikvm(29402): Could not find method android.provider.DocumentsContract.getDocumentId, referenced from method com.facebook.common.tempfile.BackingFileResolver.d
W/dalvikvm(29402): VFY: unable to resolve static method 841: Landroid/provider/DocumentsContract;.getDocumentId (Landroid/net/Uri;)Ljava/lang/String;
D/dalvikvm(29402): VFY: replacing opcode 0x71 at 0x0002
D/webviewglue(14119): OnTrimMemory with EGL Context 0x0
D/dalvikvm(29376): GC_FOR_ALLOC freed 216K, 4% free 9509K/9880K, paused 21ms, total 21ms
I/ActivityManager(  375): Start proc android.process.media for service com.android.providers.media/.MtpService: pid=29469 uid=10013 gids={50013, 1015, 1023, 1024, 1028, 2001, 3003, 3007}
D/MtpService(29469): updating state; isCurrentUser=true, mMtpLocked=false
D/MtpService(29469): addStorageLocked 65537 /storage/emulated/0
D/MtpService(29469): updating state; isCurrentUser=true, mMtpLocked=false
D/MtpService(29469): starting MTP server in MTP mode
D/MtpService(29469): addStorageLocked 65537 /storage/emulated/0
D/dalvikvm(  375): GC_EXPLICIT freed 850K, 24% free 19819K/25844K, paused 4ms+11ms, total 126ms
D/dalvikvm(29376): GC_CONCURRENT freed 520K, 6% free 9483K/10048K, paused 4ms+5ms, total 51ms
D/dalvikvm(29469): GC_CONCURRENT freed 209K, 3% free 9116K/9360K, paused 4ms+2ms, total 62ms
D/dalvikvm(29376): GC_CONCURRENT freed 450K, 6% free 9506K/10048K, paused 4ms+2ms, total 29ms
D/webviewglue(14119): OnTrimMemory with EGL Context 0x0
W/ResponseProcessCookies(29402): Invalid cookie header: "Set-Cookie: Expires=deleted; expires=Thu, 01-Jan-1970 00:00:01 GMT; Max-Age=-1429739774; path=/; domain=.facebook.com; httponly". Negative max-age attribute: -1429739774
D/webviewglue(14119): OnTrimMemory with EGL Context 0x0
W/ResponseProcessCookies(29402): Invalid cookie header: "Set-Cookie: Domain=deleted; expires=Thu, 01-Jan-1970 00:00:01 GMT; Max-Age=-1429739774; path=/; domain=.facebook.com; httponly". Negative max-age attribute: -1429739774
W/ResponseProcessCookies(29402): Invalid cookie header: "Set-Cookie: Path=deleted; expires=Thu, 01-Jan-1970 00:00:01 GMT; Max-Age=-1429739774; path=/; domain=.facebook.com; httponly". Negative max-age attribute: -1429739774
W/ResponseProcessCookies(29402): Invalid cookie header: "Set-Cookie: secure=deleted; expires=Thu, 01-Jan-1970 00:00:01 GMT; Max-Age=-1429739774; path=/; domain=.facebook.com; httponly". Negative max-age attribute: -1429739774
D/dalvikvm(29376): GC_CONCURRENT freed 458K, 6% free 9470K/10048K, paused 2ms+3ms, total 27ms
D/dalvikvm(29376): GC_CONCURRENT freed 388K, 6% free 9512K/10048K, paused 3ms+3ms, total 36ms
D/webviewglue(14119): OnTrimMemory with EGL Context 0x0
D/dalvikvm(  576): GC_CONCURRENT freed 480K, 6% free 10565K/11184K, paused 3ms+4ms, total 66ms
D/dalvikvm(29376): GC_CONCURRENT freed 379K, 5% free 9639K/10060K, paused 4ms+2ms, total 36ms
D/dalvikvm(29376): WAIT_FOR_CONCURRENT_GC blocked 8ms
W/IdleConnectionHandler(29402): Removing a connection that never existed!
W/IdleConnectionHandler(29402): Removing a connection that never existed!
D/dalvikvm(  560): GC_CONCURRENT freed 514K, 6% free 9619K/10176K, paused 3ms+3ms, total 29ms
D/dalvikvm(  560): WAIT_FOR_CONCURRENT_GC blocked 12ms
W/IdleConnectionHandler(29402): Removing a connection that never existed!
D/GCM     (  592): Connected
I/GCM     (  592): GCM message com.google.android.gsf.gtalkservice 
D/GCM     (  592): Message class com.google.f.a.a.r
D/ConnectivityService(  375): handleInetConditionHoldEnd: net=1, condition=100, published condition=0
D/webviewglue(14119): OnTrimMemory with EGL Context 0x0
V/DigitalWidgetViewsFactory(16711): DigitalWidget sets next alarm string to null
W/GCM     (  592): Heartbeat timeout, GCM connection reset -7
D/ConnectivityService(  375): handleInetConditionHoldEnd: net=1, condition=0, published condition=100
D/GCM     (  592): Connected
I/GCM     (  592): GCM message com.google.android.gsf.gtalkservice 
D/GCM     (  592): Message class com.google.f.a.a.r
D/ConnectivityService(  375): handleInetConditionHoldEnd: net=1, condition=100, published condition=0
W/SystemClock(  576): time going backwards: prev 26648853260118(ioctl) vs now 26648850696641(ioctl), tid=833
D/webviewglue(14119): OnTrimMemory with EGL Context 0x0
W/GCM     (  592): Heartbeat timeout, GCM connection reset -7
D/ConnectivityService(  375): handleInetConditionHoldEnd: net=1, condition=0, published condition=100
D/dalvikvm(  592): GC_CONCURRENT freed 411K, 6% free 10139K/10684K, paused 5ms+4ms, total 40ms
D/ConnectivityService(  375): handleInetConditionHoldEnd: net=1, condition=0, published condition=0
D/ConnectivityService(  375): handleInetConditionHoldEnd: net=1, condition=0, published condition=0
D/webviewglue(14119): OnTrimMemory with EGL Context 0x0
D/ConnectivityService(  375): handleInetConditionHoldEnd: net=1, condition=0, published condition=0
I/ActivityManager(  375): No longer want com.google.android.talk (pid 29320): empty for 1817s
D/GCM     (  592): Connected
I/GCM     (  592): GCM message com.google.android.gsf.gtalkservice 
D/GCM     (  592): Message class com.google.f.a.a.r
D/ConnectivityService(  375): handleInetConditionHoldEnd: net=1, condition=100, published condition=0
I/dalvikvm(29402): Jit: resizing JitTable from 4096 to 8192
I/EventLogService(  768): Aggregate from 1429738875162 (log), 1429738875162 (data)
D/dalvikvm(  375): GC_EXPLICIT freed 1743K, 24% free 19826K/25844K, paused 9ms+11ms, total 129ms
I/PowerManagerService(  375): Waking up from sleep...
I/WindowManager(  375): Lock screen displayed!
W/SystemClock(29402): time going backwards: prev 27168826770861(ioctl) vs now 27168826648790(ioctl), tid=29446
V/DigitalWidgetViewsFactory(16711): DigitalWidget sets next alarm string to null
D/webviewglue(14119): OnTrimMemory with EGL Context 0x0
D/PowerManagerService-JNI(  375): Excessive delay in autosuspend_disable() while turning screen on: 349ms
D/SurfaceFlinger(  124): Screen acquired, type=0 flinger=0x400f2478
D/LightsService(  375): Excessive delay setting light: 82ms
D/LightsService(  375): Excessive delay setting light: 68ms
D/LightsService(  375): Excessive delay setting light: 67ms
D/LightsService(  375): Excessive delay setting light: 67ms
D/PhoneStatusBar(  449): disable: < expand icons alerts ticker system_info BACK HOME recent* CLOCK search >
D/PhoneStatusBar(  449): disable: < expand icons alerts ticker system_info back* home* recent clock* search >
W/InputMethodManagerService(  375): Window already focused, ignoring focus gain of: com.android.internal.view.IInputMethodClient$Stub$Proxy@42b6e1f8 attribute=android.view.inputmethod.EditorInfo@42b20310, token = android.os.BinderProxy@4281e460
I/GoogleURLConnFactory(  592): Using platform SSLCertificateSocketFactory
V/TAG     (  375): bug 7643792: fitSystemWindows([0,50][0,0])
D/dalvikvm(  449): GC_FOR_ALLOC freed 1025K, 9% free 13830K/15040K, paused 37ms, total 37ms
I/ActivityManager(  375): START u0 {act=com.android.systemui.recent.action.TOGGLE_RECENTS flg=0x10800000 cmp=com.android.systemui/.recent.RecentsActivity} from pid 449
D/dalvikvm(  375): GC_FOR_ALLOC freed 1134K, 24% free 19872K/25844K, paused 83ms, total 83ms
D/dalvikvm(  375): GC_FOR_ALLOC freed 812K, 25% free 19460K/25844K, paused 96ms, total 96ms
D/dalvikvm(  375): GC_FOR_ALLOC freed 748K, 25% free 19455K/25844K, paused 78ms, total 78ms
E/x       (14119): fromIntent NO CATEGORY FOUND shortcut:Intent {  }
I/Ads     (14119): Scheduling ad refresh 20000 milliseconds from now.
D/TilesManager(14119): new EGLContext from framework: 5b417750 
D/GLWebViewState(14119): Reinit shader
D/GLWebViewState(14119): Reinit transferQueue
W/ar      (14119): validateShortcut USING LOGIC 1
D/dalvikvm(14119): GC_CONCURRENT freed 1841K, 11% free 15865K/17740K, paused 20ms+16ms, total 106ms
D/dalvikvm(  375): GC_FOR_ALLOC freed 799K, 25% free 19466K/25844K, paused 126ms, total 127ms
D/dalvikvm(  375): GC_FOR_ALLOC freed 784K, 25% free 19427K/25844K, paused 78ms, total 78ms
I/ActivityManager(  375): START u0 {act=android.intent.action.MAIN cat=[android.intent.category.HOME] flg=0x10200000 cmp=com.android.launcher/com.android.launcher2.Launcher} from pid 375
D/dalvikvm(  449): GC_FOR_ALLOC freed 1239K, 15% free 13258K/15496K, paused 27ms, total 27ms
D/dalvikvm(  449): GC_FOR_ALLOC freed 32K, 13% free 13627K/15496K, paused 26ms, total 26ms
I/dalvikvm-heap(  449): Grow heap (frag case) to 13.705MB for 380496-byte allocation
D/dalvikvm(  449): GC_FOR_ALLOC freed 0K, 12% free 13998K/15868K, paused 35ms, total 35ms
I/ActivityManager(  375): START u0 {act=android.intent.action.MAIN cat=[android.intent.category.HOME] flg=0x10200000 cmp=com.android.launcher/com.android.launcher2.Launcher} from pid 375
W/IInputConnectionWrapper(14119): showStatusIcon on inactive InputConnection
D/dalvikvm(  449): GC_FOR_ALLOC freed 1014K, 17% free 13251K/15868K, paused 24ms, total 24ms
I/ActivityManager(  375): START u0 {act=android.intent.action.MAIN cat=[android.intent.category.HOME] flg=0x10200000 cmp=com.android.launcher/com.android.launcher2.Launcher} from pid 375
I/ActivityManager(  375): START u0 {act=android.intent.action.MAIN cat=[android.intent.category.HOME] flg=0x10200000 cmp=com.android.launcher/com.android.launcher2.Launcher} from pid 375
D/dalvikvm(  449): GC_FOR_ALLOC freed 996K, 17% free 13253K/15868K, paused 44ms, total 45ms
I/ActivityManager(  375): START u0 {act=android.intent.action.MAIN cat=[android.intent.category.HOME] flg=0x10200000 cmp=com.android.launcher/com.android.launcher2.Launcher} from pid 375
I/ActivityManager(  375): START u0 {flg=0x10000000 cmp=com.google.android.deskclock/com.android.deskclock.DeskClock bnds=[56,201][344,569]} from pid -1
D/dalvikvm(  375): GC_FOR_ALLOC freed 875K, 25% free 19523K/25844K, paused 107ms, total 108ms
D/dalvikvm(  375): GC_FOR_ALLOC freed 763K, 25% free 19511K/25844K, paused 84ms, total 84ms
D/webviewglue(14119): OnTrimMemory with EGL Context 0x5b417750
D/dalvikvm(16711): GC_CONCURRENT freed 192K, 3% free 9272K/9504K, paused 2ms+1ms, total 25ms
D/dalvikvm(16711): GC_FOR_ALLOC freed 40K, 3% free 9330K/9524K, paused 15ms, total 16ms
I/dalvikvm-heap(16711): Grow heap (frag case) to 10.462MB for 1382992-byte allocation
D/dalvikvm(16711): GC_FOR_ALLOC freed 1K, 2% free 10679K/10876K, paused 16ms, total 16ms
D/dalvikvm(16711): GC_CONCURRENT freed 1K, 2% free 10677K/10876K, paused 2ms+1ms, total 19ms
D/dalvikvm(16711): GC_FOR_ALLOC freed <1K, 2% free 10678K/10876K, paused 14ms, total 14ms
I/dalvikvm-heap(16711): Grow heap (frag case) to 11.779MB for 1382992-byte allocation
D/dalvikvm(16711): GC_FOR_ALLOC freed <1K, 2% free 12028K/12228K, paused 22ms, total 22ms
D/dalvikvm(16711): GC_CONCURRENT freed 0K, 2% free 12030K/12228K, paused 3ms+1ms, total 19ms
D/dalvikvm(16711): WAIT_FOR_CONCURRENT_GC blocked 15ms
I/dalvikvm-heap(16711): Grow heap (frag case) to 13.099MB for 1382992-byte allocation
D/dalvikvm(16711): GC_FOR_ALLOC freed <1K, 2% free 13380K/13580K, paused 23ms, total 23ms
D/dalvikvm(16711): GC_CONCURRENT freed <1K, 2% free 13381K/13580K, paused 2ms+1ms, total 16ms
D/dalvikvm(16711): WAIT_FOR_CONCURRENT_GC blocked 12ms
I/dalvikvm-heap(16711): Grow heap (frag case) to 14.418MB for 1382992-byte allocation
D/dalvikvm(16711): GC_FOR_ALLOC freed <1K, 2% free 14731K/14932K, paused 21ms, total 21ms
D/libEGL  (16711): loaded /vendor/lib/egl/libEGL_POWERVR_SGX540_120.so
D/libEGL  (16711): loaded /vendor/lib/egl/libGLESv1_CM_POWERVR_SGX540_120.so
D/libEGL  (16711): loaded /vendor/lib/egl/libGLESv2_POWERVR_SGX540_120.so
D/OpenGLRenderer(16711): Enabling debug mode 0
I/ActivityManager(  375): Displayed com.google.android.deskclock/com.android.deskclock.DeskClock: +741ms
D/dalvikvm(  375): GC_FOR_ALLOC freed 411K, 23% free 19903K/25844K, paused 111ms, total 113ms
D/dalvikvm(  375): GC_FOR_ALLOC freed 843K, 25% free 19433K/25844K, paused 130ms, total 131ms
W/ViewRootImpl(  631): Dropping event due to no window focus: KeyEvent { action=ACTION_DOWN, keyCode=KEYCODE_BACK, scanCode=0, metaState=0, flags=0x48, repeatCount=0, eventTime=18307655, downTime=18307655, deviceId=-1, source=0x101 }
D/dalvikvm(  631): GC_FOR_ALLOC freed 1886K, 16% free 17310K/20520K, paused 30ms, total 30ms
D/dalvikvm(  631): GC_FOR_ALLOC freed 112K, 13% free 17931K/20520K, paused 24ms, total 24ms
I/ActivityManager(  375): START u0 {act=android.intent.action.MAIN cat=[android.intent.category.LAUNCHER] flg=0x10200000 cmp=com.ionicframework.banca386741/.CordovaApp} from pid 631
D/dalvikvm(  375): GC_FOR_ALLOC freed 49K, 22% free 20198K/25844K, paused 99ms, total 99ms
I/dalvikvm-heap(  375): Grow heap (frag case) to 20.125MB for 380496-byte allocation
D/dalvikvm(  375): GC_FOR_ALLOC freed 3K, 22% free 20566K/26216K, paused 76ms, total 76ms
D/dalvikvm(  375): GC_FOR_ALLOC freed 748K, 25% free 19818K/26216K, paused 101ms, total 101ms
D/dalvikvm(29569): Late-enabling CheckJNI
I/ActivityManager(  375): Start proc com.ionicframework.banca386741 for activity com.ionicframework.banca386741/.CordovaApp: pid=29569 uid=10086 gids={50086, 3003, 1015, 1028}
I/CordovaLog(29569): Changing log level to DEBUG(3)
D/CordovaActivity(29569): CordovaActivity.init()
I/dalvikvm(29569): Could not find method android.webkit.WebView.setWebContentsDebuggingEnabled, referenced from method org.apache.cordova.CordovaWebView.enableRemoteDebugging
W/dalvikvm(29569): VFY: unable to resolve static method 283: Landroid/webkit/WebView;.setWebContentsDebuggingEnabled (Z)V
D/dalvikvm(29569): VFY: replacing opcode 0x71 at 0x0001
D/CordovaWebView(29569): CordovaWebView is running on device made by: samsung
D/CordovaActivity(29569): CordovaActivity.createViews()
D/dalvikvm(29569): GC_FOR_ALLOC freed 112K, 2% free 9024K/9172K, paused 20ms, total 20ms
I/dalvikvm-heap(29569): Grow heap (frag case) to 12.361MB for 3686416-byte allocation
D/dalvikvm(29569): GC_FOR_ALLOC freed 2K, 2% free 12622K/12776K, paused 38ms, total 38ms
D/dalvikvm(29569): GC_CONCURRENT freed 1K, 1% free 12701K/12776K, paused 2ms+3ms, total 26ms
D/CordovaWebView(29569): >>> loadUrl(file:///android_asset/www/index.html)
D/PluginManager(29569): init()
D/CordovaWebView(29569): >>> loadUrlNow()
D/CordovaActivity(29569): Resuming the App
D/libEGL  (29569): loaded /vendor/lib/egl/libEGL_POWERVR_SGX540_120.so
D/libEGL  (29569): loaded /vendor/lib/egl/libGLESv1_CM_POWERVR_SGX540_120.so
D/libEGL  (29569): loaded /vendor/lib/egl/libGLESv2_POWERVR_SGX540_120.so
D/chromium(29569): Unknown chromium error: -6
D/OpenGLRenderer(29569): Enabling debug mode 0
D/SoftKeyboardDetect(29569): Ignore this event
D/CordovaWebViewClient(29569): onPageStarted(file:///android_asset/www/index.html)
D/CordovaActivity(29569): onMessage(onPageStarted,file:///android_asset/www/index.html)
D/SoftKeyboardDetect(29569): Ignore this event
I/ActivityManager(  375): Displayed com.ionicframework.banca386741/.CordovaApp: +1s113ms
D/chromium(29569): Unknown chromium error: -6
D/dalvikvm(29569): GC_CONCURRENT freed 610K, 5% free 13266K/13932K, paused 2ms+2ms, total 17ms
D/chromium(29569): Unknown chromium error: -6
D/JsMessageQueue(29569): Set native->JS mode to OnlineEventsBridgeMode
D/chromium(29569): Unknown chromium error: -6
D/CordovaWebViewClient(29569): onPageFinished(file:///android_asset/www/index.html#/languages/dashboard)
D/CordovaActivity(29569): onMessage(onPageFinished,file:///android_asset/www/index.html#/languages/dashboard)
D/CordovaLog(29569): file:///android_asset/www/js/dashboardController.js: Line 103 : $window.localStorage["listDashboard"]: {"object": [{"id": "Identificador","type": "APL","message": "El mensaje del popup","url": "","txtEN": "Mobile Bank","txtES": "Banca Mvil","descEN": "The best way of manage your accounts","descES": "La mejor manera de manejar tus cuentas","clrBack": "Colorenhexadecimal","alpha": 0.5,"icon": "tlf.png"},{"id": "Identificador","type": "MSJ","message": "Esto es un mensaje que viene del json de ADICO.","url": "","txtEN": "Tutorial","txtES": "Tutorial","descEN": "Bancaplus award your happiness","descES": "Banca+ premia tu felicidad","clrBack": "Colorenhexadecimal","alpha": 0.5,"icon": "tutorial.png"},{"id": "Identificador","type": "WEB","message": "Esto es un mensaje que viene del json de ADICO.","url": "","txtEN": "Find Us","txtES": "Ubcanos","descEN": "Locate your bank fast","descES": "Localiza tu banco rpidamente","clrBack": "Colorenhexadecimal","alpha": 0.5,"icon": "geo.png"},{"id": "Identificador","type": "FUN","message": "Esto es un mensaje que viene del json de ADICO.","url": "","txtEN": "Contact Us","txtES": "Contctanos","descEN": "Find your agency","descES": "Encuentra tu agencia","clrBack": "Colorenhexadecimal","alpha": 0.5,"icon": "contactenos.png"}]}
I/Web Console(29569): $window.localStorage["listDashboard"]: {"object": [{"id": "Identificador","type": "APL","message": "El mensaje del popup","url": "","txtEN": "Mobile Bank","txtES": "Banca Mvil","descEN": "The best way of manage your accounts","descES": "La mejor manera de manejar tus cuentas","clrBack": "Colorenhexadecimal","alpha": 0.5,"icon": "tlf.png"},{"id": "Identificador","type": "MSJ","message": "Esto es un mensaje que viene del json de ADICO.","url": "","txtEN": "Tutorial","txtES": "Tutorial","descEN": "Bancaplus award your happiness","descES": "Banca+ premia tu felicidad","clrBack": "Colorenhexadecimal","alpha": 0.5,"icon": "tutorial.png"},{"id": "Identificador","type": "WEB","message": "Esto es un mensaje que viene del json de ADICO.","url": "","txtEN": "Find Us","txtES": "Ubcanos","descEN": "Locate your bank fast","descES": "Localiza tu banco rpidamente","clrBack": "Colorenhexadecimal","alpha": 0.5,"icon": "geo.png"},{"id": "Identificador","type": "FUN","message": "Esto es un mensaje que viene del json de ADICO.","url": "","txtEN": "Contact Us","txtES": "Contctanos","descEN": "Find your agency","descES": "Encuentra tu agencia","clrBack": "Colorenhexadecimal","alpha": 0.5,"icon": "contactenos.png"}]} at file:///android_asset/www/js/dashboardController.js:103
D/CordovaLog(29569): file:///android_asset/www/js/dashboardController.js: Line 104 : $window.localStorage["listDashboard"] str: "{\"object\": [{\"id\": \"Identificador\",\"type\": \"APL\",\"message\": \"El mensaje del popup\",\"url\": \"\",\"txtEN\": \"Mobile Bank\",\"txtES\": \"Banca Mvil\",\"descEN\": \"The best way of manage your accounts\",\"descES\": \"La mejor manera de manejar tus cuentas\",\"clrBack\": \"Colorenhexadecimal\",\"alpha\": 0.5,\"icon\": \"tlf.png\"},{\"id\": \"Identificador\",\"type\": \"MSJ\",\"message\": \"Esto es un mensaje que viene del json de ADICO.\",\"url\": \"\",\"txtEN\": \"Tutorial\",\"txtES\": \"Tutorial\",\"descEN\": \"Bancaplus award your happiness\",\"descES\": \"Banca+ premia tu felicidad\",\"clrBack\": \"Colorenhexadecimal\",\"alpha\": 0.5,\"icon\": \"tutorial.png\"},{\"id\": \"Identificador\",\"type\": \"WEB\",\"message\": \"Esto es un mensaje que viene del json de ADICO.\",\"url\": \"\",\"txtEN\": \"Find Us\",\"txtES\": \"Ubcanos\",\"descEN\": \"Locate your bank fast\",\"descES\": \"Localiza tu banco rpidamente\",\"clrBack\": \"Colorenhexadecimal\",\"alpha\": 0.5,\"icon\": \"geo.png\"},{\"id\": \"Identificador\",\"type\": \"FUN\",\"message\": \"Esto es un mensaje que viene del json de ADICO.\",\"url\": \"\",\"txtEN\": \"Contact Us\",\"txtES\": \"Contctanos\",\"descEN\": \"Find your agency\",\"descES\": \"Encuentra tu agencia\",\"clrBack\": \"Colorenhexadecimal\",\"alpha\": 0.5,\"icon\": \"contactenos.png\"}]}"
I/Web Console(29569): $window.localStorage["listDashboard"] str: "{\"object\": [{\"id\": \"Identificador\",\"type\": \"APL\",\"message\": \"El mensaje del popup\",\"url\": \"\",\"txtEN\": \"Mobile Bank\",\"txtES\": \"Banca Mvil\",\"descEN\": \"The best way of manage your accounts\",\"descES\": \"La mejor manera de manejar tus cuentas\",\"clrBack\": \"Colorenhexadecimal\",\"alpha\": 0.5,\"icon\": \"tlf.png\"},{\"id\": \"Identificador\",\"type\": \"MSJ\",\"message\": \"Esto es un mensaje que viene del json de ADICO.\",\"url\": \"\",\"txtEN\": \"Tutorial\",\"txtES\": \"Tutorial\",\"descEN\": \"Bancaplus award your happiness\",\"descES\": \"Banca+ premia tu felicidad\",\"clrBack\": \"Colorenhexadecimal\",\"alpha\": 0.5,\"icon\": \"tutorial.png\"},{\"id\": \"Identificador\",\"type\": \"WEB\",\"message\": \"Esto es un mensaje que viene del json de ADICO.\",\"url\": \"\",\"txtEN\": \"Find Us\",\"txtES\": \"Ubcanos\",\"descEN\": \"Locate your bank fast\",\"descES\": \"Localiza tu banco rpidamente\",\"clrBack\": \"Colorenhexadecimal\",\"alpha\": 0.5,\"icon\": \"geo.png\"},{\"id\": \"Identificador\",\"type\": \"FUN\",\"message\": \"Esto es un mensaje que viene del json de ADICO.\",\"url\": \"\",\"txtEN\": \"Contact Us\",\"txtES\": \"Contctanos\",\"descEN\": \"Find your agency\",\"descES\": \"Encuentra tu agencia\",\"clrBack\": \"Colorenhexadecimal\",\"alpha\": 0.5,\"icon\": \"contactenos.png\"}]}" at file:///android_asset/www/js/dashboardController.js:104
D/CordovaLog(29569): file:///android_asset/www/js/dashboardController.js: Line 123 : Dashboard: [{"image":"tlf.png","type":"APL","message":"El mensaje del popup","title":"Banca Mvil","description":"La mejor manera de manejar tus cuentas"},{"image":"tutorial.png","type":"MSJ","message":"Esto es un mensaje que viene del json de ADICO.","title":"Tutorial","description":"Banca+ premia tu felicidad"},{"image":"geo.png","type":"WEB","message":"Esto es un mensaje que viene del json de ADICO.","title":"Ubcanos","description":"Localiza tu banco rpidamente"},{"image":"contactenos.png","type":"FUN","message":"Esto es un mensaje que viene del json de ADICO.","title":"Contctanos","description":"Encuentra tu agencia"}]
I/Web Console(29569): Dashboard: [{"image":"tlf.png","type":"APL","message":"El mensaje del popup","title":"Banca Mvil","description":"La mejor manera de manejar tus cuentas"},{"image":"tutorial.png","type":"MSJ","message":"Esto es un mensaje que viene del json de ADICO.","title":"Tutorial","description":"Banca+ premia tu felicidad"},{"image":"geo.png","type":"WEB","message":"Esto es un mensaje que viene del json de ADICO.","title":"Ubcanos","description":"Localiza tu banco rpidamente"},{"image":"contactenos.png","type":"FUN","message":"Esto es un mensaje que viene del json de ADICO.","title":"Contctanos","description":"Encuentra tu agencia"}] at file:///android_asset/www/js/dashboardController.js:123
D/CordovaLog(29569): file:///android_asset/www/js/loginController.js: Line 49 : actualVersion: V. 1.0
I/Web Console(29569): actualVersion: V. 1.0 at file:///android_asset/www/js/loginController.js:49
D/dalvikvm(29569): GC_CONCURRENT freed 1074K, 9% free 13537K/14724K, paused 1ms+4ms, total 19ms
D/dalvikvm(29569): WAIT_FOR_CONCURRENT_GC blocked 9ms
D/CordovaActivity(29569): onMessage(spinner,stop)
D/CordovaNetworkManager(29569): Connection Type: wifi
D/CordovaNetworkManager(29569): Connection Extra Info: "SGB-TS"
D/TilesManager(29569): Starting TG #0, 0x598ff228
D/TilesManager(29569): new EGLContext from framework: 57f09b00 
D/GLWebViewState(29569): Reinit shader
D/GLWebViewState(29569): Reinit transferQueue
D/CordovaNetworkManager(29569): Connection Type: wifi
D/CordovaNetworkManager(29569): Connection Extra Info: "SGB-TS"
D/CordovaActivity(29569): onMessage(networkconnection,wifi)
I/App     (29569): WARNING: Back Button Default Behavior will be overridden.  The backbutton event will be fired!
D/YoikScreenOrientation(29569): execute action: screenOrientation
D/YoikScreenOrientation(29569): Requested ScreenOrientation: portrait
W/System.err(29569): java.io.FileNotFoundException
W/System.err(29569): 	at org.apache.cordova.file.LocalFilesystem.getEntryForLocalURL(LocalFilesystem.java:142)
W/System.err(29569): 	at org.apache.cordova.file.FileUtils.resolveLocalFileSystemURI(FileUtils.java:632)
W/System.err(29569): 	at org.apache.cordova.file.FileUtils.access$400(FileUtils.java:52)
W/System.err(29569): 	at org.apache.cordova.file.FileUtils$14.run(FileUtils.java:389)
W/System.err(29569): 	at org.apache.cordova.file.FileUtils$25.run(FileUtils.java:555)
W/System.err(29569): 	at java.util.concurrent.ThreadPoolExecutor.runWorker(ThreadPoolExecutor.java:1080)
W/System.err(29569): 	at java.util.concurrent.ThreadPoolExecutor$Worker.run(ThreadPoolExecutor.java:573)
W/System.err(29569): 	at java.lang.Thread.run(Thread.java:841)
W/System.err(29569): java.io.FileNotFoundException
W/System.err(29569): 	at org.apache.cordova.file.LocalFilesystem.getEntryForLocalURL(LocalFilesystem.java:142)
W/System.err(29569): 	at org.apache.cordova.file.FileUtils.resolveLocalFileSystemURI(FileUtils.java:632)
W/System.err(29569): 	at org.apache.cordova.file.FileUtils.access$400(FileUtils.java:52)
W/System.err(29569): 	at org.apache.cordova.file.FileUtils$14.run(FileUtils.java:389)
W/System.err(29569): 	at org.apache.cordova.file.FileUtils$25.run(FileUtils.java:555)
W/System.err(29569): 	at java.util.concurrent.ThreadPoolExecutor.runWorker(ThreadPoolExecutor.java:1080)
W/System.err(29569): 	at java.util.concurrent.ThreadPoolExecutor$Worker.run(ThreadPoolExecutor.java:573)
W/System.err(29569): 	at java.lang.Thread.run(Thread.java:841)
D/CordovaLog(29569): file:///android_asset/www/js/app.js: Line 91 : No se consiguio el css: {"code":1}
I/Web Console(29569): No se consiguio el css: {"code":1} at file:///android_asset/www/js/app.js:91
D/CordovaActivity(29569): onMessage(spinner,stop)
D/CordovaLog(29569): file:///android_asset/www/js/loginController.js: Line 49 : actualVersion: V. 1.0
I/Web Console(29569): actualVersion: V. 1.0 at file:///android_asset/www/js/loginController.js:49
D/SoftKeyboardDetect(29569): Ignore this event
I/LatinIME(  541): Starting input. Cursor position = 0,0
I/ActivityManager(  375): Start proc android.process.acore for content provider com.android.providers.userdictionary/.UserDictionaryProvider: pid=29602 uid=10000 gids={50000, 3003, 1015, 1028}
D/dalvikvm(29602): GC_CONCURRENT freed 221K, 3% free 9175K/9432K, paused 4ms+3ms, total 39ms
I/LatinIME:LogUtils(  541): Dictionary info: dictionary = ContextualDictionary.es ; version = 1429740831 ; date = ?
I/ActivityManager(  375): No longer want com.synergy.ventures.ventasplus (pid 29347): empty for 2006s
W/ActivityManager(  375): Scheduling restart of crashed service com.synergy.ventures.ventasplus/com.synergy.pushsync.PushSyncService in 5000ms
D/SoftKeyboardDetect(29569): Ignore this event
D/dalvikvm(  541): GC_FOR_ALLOC freed 2913K, 21% free 11288K/14236K, paused 39ms, total 43ms
