W/ContextImpl(  375): Calling a method in the system process without a qualified user: android.app.ContextImpl.startActivity:939 com.android.server.usb.UsbDebuggingManager.showConfirmationDialog:259 com.android.server.usb.UsbDebuggingManager.access$900:46 com.android.server.usb.UsbDebuggingManager$UsbDebuggingHandler.handleMessage:215 android.os.Handler.dispatchMessage:99 
W/ContextImpl(  375): Calling a method in the system process without a qualified user: android.app.ContextImpl.startActivity:951 android.app.ContextImpl.startActivity:940 com.android.server.usb.UsbDebuggingManager.showConfirmationDialog:259 com.android.server.usb.UsbDebuggingManager.access$900:46 com.android.server.usb.UsbDebuggingManager$UsbDebuggingHandler.handleMessage:215 
I/ActivityManager(  375): START u0 {flg=0x10000000 cmp=com.android.systemui/.usb.UsbDebuggingActivity (has extras)} from pid 375
W/InputMethodManagerService(  375): Window already focused, ignoring focus gain of: com.android.internal.view.IInputMethodClient$Stub$Proxy@42c31918 attribute=null, token = android.os.BinderProxy@4281e460
I/ActivityManager(  375): No longer want com.google.android.youtube (pid 1358): empty #17
D/ConnectivityService(  375): handleInetConditionChange: no active default network - ignore
W/SocketClient(  121): write error (Broken pipe)
I/ActivityManager(  375): No longer want com.google.android.gsf.login (pid 1514): empty #17
D/UsbDebuggingManager(  375): Received public key: QAAAAJOgQMJlgvJAxPP9jxs5zCeeeYMMsI8uhqfUQMW0tb3PyPHNCKi0oMUWBQGZ7LqTUaQSKg/Aj+N4fPUAGMzqUnLQRFUtfxnyTtEkW2PhI9NmJunfK+RfXJU/gYIjUaCmhylfHnqrGztjWm3sP509ydF97JzBG6AQq30MmZQSpyfud2n+BKCZGS65hKQZ8JZuw+GMRSiR/cPL4RVQcYTgWUap1yjejeeQM4rd2+f3c4eD9rhwhRIUXTjhnNOZguxyYgWkmnuEjsrb9M0mVvSIdbrLfb1nlHDyLjqh96VjoeGsZPdxuNsGLVtQmw0GvTbZvR9oekQ4Oo8Nb6c3J9DLtaAbGXDiAAgnuzDIUTRHpiwlWmZduUiGbhCv0O13C6NqFzPNhuL8HYBMmmuUzsca7mV9JsYJ0NQK/7kFGnO0wYkxWx3sMHTbpJj53roL+GjnrFGGdmbgHe7xoCRbaUYFLE93xWe4cpEFzk2A1OmocODOCDsxHPThvXVWY3BPKjjK8E/1YkwxFltzNmIinREz1ztuSIX5FcFRXEb0V/6QpXzbfSw1OlgUh2w/mnZ5eDJsDNzZDGoxUb54JOWS3yvjC8pWgJ+JUua3ijHnYo1G63xvvf9qqTp32tXE3/AIl+awXTX5l7047u54tsWTbn8+hg1JYk0ANyTU88vaq8yxtxVDHs7mbwEAAQA=
W/ContextImpl(  375): Calling a method in the system process without a qualified user: android.app.ContextImpl.startActivity:939 com.android.server.usb.UsbDebuggingManager.showConfirmationDialog:259 com.android.server.usb.UsbDebuggingManager.access$900:46 com.android.server.usb.UsbDebuggingManager$UsbDebuggingHandler.handleMessage:215 android.os.Handler.dispatchMessage:99 
W/ContextImpl(  375): Calling a method in the system process without a qualified user: android.app.ContextImpl.startActivity:951 android.app.ContextImpl.startActivity:940 com.android.server.usb.UsbDebuggingManager.showConfirmationDialog:259 com.android.server.usb.UsbDebuggingManager.access$900:46 com.android.server.usb.UsbDebuggingManager$UsbDebuggingHandler.handleMessage:215 
I/ActivityManager(  375): START u0 {flg=0x10000000 cmp=com.android.systemui/.usb.UsbDebuggingActivity (has extras)} from pid 375
D/ConnectivityService(  375): Captive portal check NetworkInfo: type: WIFI[], state: CONNECTING/CAPTIVE_PORTAL_CHECK, reason: (unspecified), extra: "SGB-TS", roaming: false, failover: false, isAvailable: true
D/ConnectivityService(  375): ConnectivityChange for WIFI: CONNECTED/CONNECTED
D/Nat464Xlat(  375): requiresClat: netType=1, hasIPv4Address=true
I/EntropyMixer(  375): Writing entropy...
W/PowerUI (  449): unknown intent: Intent { act=android.intent.action.ACTION_POWER_CONNECTED flg=0x8000010 }
W/ActivityThread(  768): ClassLoader.loadClass: The class loader returned by Thread.getContextClassLoader() may fail for processes that host multiple applications. You should explicitly specify a context class loader. For example: Thread.setContextClassLoader(getClass().getClassLoader());
I/ActivityManager(  375): Start proc com.google.android.gsf.login for service com.google.android.gsf.login/com.google.android.gsf.loginservice.GoogleLoginService: pid=1942 uid=10009 gids={50009, 3003, 1007, 1028, 1015, 1006, 3002, 3001, 2001, 3006}
W/InputMethodManagerService(  375): Window already focused, ignoring focus gain of: com.android.internal.view.IInputMethodClient$Stub$Proxy@42bcfa58 attribute=null, token = android.os.BinderProxy@4281e460
I/ActivityManager(  375): Start proc com.google.android.apps.magazines for broadcast com.google.android.apps.magazines/com.google.apps.dots.android.newsstand.appwidget.NewsWidgetProvider: pid=2013 uid=10032 gids={50032, 3003, 1015, 1028}
I/ActivityManager(  375): No longer want com.google.android.partnersetup (pid 934): empty #17
I/ActivityManager(  375): No longer want com.android.settings (pid 1619): empty #17
D/ConnectivityService(  375): handleInetConditionHoldEnd: net=1, condition=100, published condition=0
I/ActivityManager(  375): Start proc com.google.android.gms.unstable for service com.google.android.gms/.droidguard.DroidGuardService: pid=2074 uid=10009 gids={50009, 3003, 1007, 1028, 1015, 1006, 3002, 3001, 2001, 3006}
D/UsbDebuggingManager(  375): Received public key: QAAAAJOgQMJlgvJAxPP9jxs5zCeeeYMMsI8uhqfUQMW0tb3PyPHNCKi0oMUWBQGZ7LqTUaQSKg/Aj+N4fPUAGMzqUnLQRFUtfxnyTtEkW2PhI9NmJunfK+RfXJU/gYIjUaCmhylfHnqrGztjWm3sP509ydF97JzBG6AQq30MmZQSpyfud2n+BKCZGS65hKQZ8JZuw+GMRSiR/cPL4RVQcYTgWUap1yjejeeQM4rd2+f3c4eD9rhwhRIUXTjhnNOZguxyYgWkmnuEjsrb9M0mVvSIdbrLfb1nlHDyLjqh96VjoeGsZPdxuNsGLVtQmw0GvTbZvR9oekQ4Oo8Nb6c3J9DLtaAbGXDiAAgnuzDIUTRHpiwlWmZduUiGbhCv0O13C6NqFzPNhuL8HYBMmmuUzsca7mV9JsYJ0NQK/7kFGnO0wYkxWx3sMHTbpJj53roL+GjnrFGGdmbgHe7xoCRbaUYFLE93xWe4cpEFzk2A1OmocODOCDsxHPThvXVWY3BPKjjK8E/1YkwxFltzNmIinREz1ztuSIX5FcFRXEb0V/6QpXzbfSw1OlgUh2w/mnZ5eDJsDNzZDGoxUb54JOWS3yvjC8pWgJ+JUua3ijHnYo1G63xvvf9qqTp32tXE3/AIl+awXTX5l7047u54tsWTbn8+hg1JYk0ANyTU88vaq8yxtxVDHs7mbwEAAQA=
W/ContextImpl(  375): Calling a method in the system process without a qualified user: android.app.ContextImpl.startActivity:939 com.android.server.usb.UsbDebuggingManager.showConfirmationDialog:259 com.android.server.usb.UsbDebuggingManager.access$900:46 com.android.server.usb.UsbDebuggingManager$UsbDebuggingHandler.handleMessage:215 android.os.Handler.dispatchMessage:99 
W/ContextImpl(  375): Calling a method in the system process without a qualified user: android.app.ContextImpl.startActivity:951 android.app.ContextImpl.startActivity:940 com.android.server.usb.UsbDebuggingManager.showConfirmationDialog:259 com.android.server.usb.UsbDebuggingManager.access$900:46 com.android.server.usb.UsbDebuggingManager$UsbDebuggingHandler.handleMessage:215 
I/ActivityManager(  375): START u0 {flg=0x10000000 cmp=com.android.systemui/.usb.UsbDebuggingActivity (has extras)} from pid 375
I/EntropyMixer(  375): Writing entropy...
W/PowerUI (  449): unknown intent: Intent { act=android.intent.action.ACTION_POWER_CONNECTED flg=0x8000010 }
W/InputMethodManagerService(  375): Window already focused, ignoring focus gain of: com.android.internal.view.IInputMethodClient$Stub$Proxy@42bbecd8 attribute=null, token = android.os.BinderProxy@4281e460
I/ActivityManager(  375): Start proc com.google.android.apps.genie.geniewidget for broadcast com.google.android.apps.genie.geniewidget/.miniwidget.UpdateReceiver: pid=2113 uid=10018 gids={50018, 3003, 1015, 1028}
W/ActivityThread(  739): ClassLoader.loadClass: The class loader returned by Thread.getContextClassLoader() may fail for processes that host multiple applications. You should explicitly specify a context class loader. For example: Thread.setContextClassLoader(getClass().getClassLoader());
I/ActivityManager(  375): Start proc com.google.android.gms:snet for service com.google.android.gms/.security.snet.SnetLaunchService: pid=2185 uid=10009 gids={50009, 3003, 1007, 1028, 1015, 1006, 3002, 3001, 2001, 3006}
E/ActivityThread(  768): Failed to find provider info for com.google.android.wearable.settings
V/PanelView(  449): animationTick called with dtms=0; nothing to do (h=620.0 v=-4278.8403)
V/PanelView(  449): animationTick called with dtms=0; nothing to do (h=620.0 v=-4278.8403)
W/InputMethodManagerService(  375): Window already focused, ignoring focus gain of: com.android.internal.view.IInputMethodClient$Stub$Proxy@429f68c8 attribute=null, token = android.os.BinderProxy@4281e460
I/ActivityManager(  375): Start proc com.google.android.configupdater for broadcast com.google.android.configupdater/.CertPin.CertPinUpdateRequestReceiver: pid=2252 uid=10069 gids={50069, 3003, 2001, 1028}
I/ActivityManager(  375): Start proc com.google.android.partnersetup for broadcast com.google.android.partnersetup/.GservicesChangedReceiver: pid=2281 uid=10023 gids={50023, 3003, 1028}
I/ActivityManager(  375): Config changes=1400 {1.0 999mcc?mnc es_ES ldltr sw360dp w360dp h567dp 320dpi nrml port finger -keyb/v/h -nav/h s.7}
I/ActivityManager(  375): Start proc com.google.android.setupwizard for broadcast com.google.android.setupwizard/.GservicesChangedReceiver: pid=2302 uid=10044 gids={50044, 3003, 1028}
E/ActivityThread(  768): Failed to find provider info for com.google.android.wearable.settings
W/ActivityThread( 2185): ClassLoader.loadClass: The class loader returned by Thread.getContextClassLoader() may fail for processes that host multiple applications. You should explicitly specify a context class loader. For example: Thread.setContextClassLoader(getClass().getClassLoader());
I/ActivityManager(  375): No longer want android.process.acore (pid 1766): empty #17
I/ActivityManager(  375): No longer want com.google.android.gm (pid 1467): empty #18
I/ActivityManager(  375): No longer want com.google.android.music:main (pid 1668): empty #17
I/EntropyMixer(  375): Writing entropy...
W/PowerUI (  449): unknown intent: Intent { act=android.intent.action.ACTION_POWER_CONNECTED flg=0x8000010 }
D/UsbDebuggingManager(  375): Received public key: QAAAADPqPoYF3zFF+DmFDGU6AOwUvdCVtK/a3H5wQZhe08qRcioJVdRUb317a8CNuVbsDezkfziQDqbA1CkWxMN80Fm/gcZfSU2rL1f6soec2EgkP4IeLuIxiCUI1jZZsQti8kvdWCC8WvUF0rRZ9p2Nf/dByGUyuS5s0kru5kKBwQvcdGY9ynkqabDBzOe77TPFEb8TkVvRrmHqsCUYw9f2JMmEfgx9BJxuWs2qZ+TIg27RqwiIm7Id0rXWrZUyBc4XgIdfcBr8zYzRg6/xIDFQNeLjlT0+FUbcq/xBv972HvozG53doH9MSWXP6f1fskOFEhL59O/60nSyn0sNR4o0dWayMNCx4URN7M08c0mqY2ftpnFcy8h07htZrxc2RWaMqPJYyNt8AMRAJ5AYFjDjDXaJ0VS/SnD14j9KPLQG/sIeu+9IfU/qNYJTrBnYLYp/DeYFwMog73+FyM2hTZF2HCEB5mG3adGVk/ZhKihrtxfRYw22lCeF8ZWqc0dG4QU6N8Iqfml7jOf6rkpzadGv/pcZnuhQy4Jf2MzvmIbbXeYOgLY2C2Fa9iAAf4AKURFBqGcAA1MmQfZXQW0afN4KwuBhpMvjMuCFVvz1MBTrtMlwdHEMx1g8yghLmr/NTl9kPzYXCmWw1jvdHs7HO06kaIFlSsvjyTirUR0wPQocWDO1riswGAEAAQA= @synergy-training12
W/ContextImpl(  375): Calling a method in the system process without a qualified user: android.app.ContextImpl.startActivity:939 com.android.server.usb.UsbDebuggingManager.showConfirmationDialog:259 com.android.server.usb.UsbDebuggingManager.access$900:46 com.android.server.usb.UsbDebuggingManager$UsbDebuggingHandler.handleMessage:215 android.os.Handler.dispatchMessage:99 
W/ContextImpl(  375): Calling a method in the system process without a qualified user: android.app.ContextImpl.startActivity:951 android.app.ContextImpl.startActivity:940 com.android.server.usb.UsbDebuggingManager.showConfirmationDialog:259 com.android.server.usb.UsbDebuggingManager.access$900:46 com.android.server.usb.UsbDebuggingManager$UsbDebuggingHandler.handleMessage:215 
I/ActivityManager(  375): START u0 {flg=0x10000000 cmp=com.android.systemui/.usb.UsbDebuggingActivity (has extras)} from pid 375
I/ConfigUpdateInstallReceiver(  375): Not installing, new version is <= current version
W/InputMethodManagerService(  375): Window already focused, ignoring focus gain of: com.android.internal.view.IInputMethodClient$Stub$Proxy@42c20980 attribute=null, token = android.os.BinderProxy@4281e460
I/ActivityManager(  375): Start proc android.process.acore for broadcast com.android.providers.contacts/.PackageIntentReceiver: pid=2412 uid=10000 gids={50000, 3003, 1015, 1028}
I/ActivityManager(  375): No longer want com.android.mms (pid 1275): empty #17
D/CountryDetector(  375): No listener is left
W/ActivityThread(  576): ClassLoader.loadClass: The class loader returned by Thread.getContextClassLoader() may fail for processes that host multiple applications. You should explicitly specify a context class loader. For example: Thread.setContextClassLoader(getClass().getClassLoader());
I/ActivityManager(  375): No longer want com.google.android.apps.magazines (pid 2013): empty #17
E/ActivityThread(  768): Failed to find provider info for com.google.android.wearable.settings
E/ActivityThread(  768): Failed to find provider info for com.google.android.wearable.settings
E/ActivityThread(  768): Failed to find provider info for com.google.android.wearable.settings
I/ActivityManager(  375): No longer want com.google.android.calendar (pid 1107): empty #17
I/ActivityManager(  375): Start proc com.android.defcontainer for service com.android.defcontainer/.DefaultContainerService: pid=2786 uid=10011 gids={50011, 1015, 1023, 2001, 1028}
W/ActivityManager(  375): No content provider found for permission revoke: file:///data/data/com.android.providers.downloads/cache/downloadfile.apk
W/ActivityManager(  375): No content provider found for permission revoke: file:///data/data/com.android.providers.downloads/cache/downloadfile.apk
I/PackageManager(  375): Copying native libraries to /data/app-lib/vmdl-1134299285
I/ActivityManager(  375): Force stopping package com.android.vending appid=10042 user=-1
I/ActivityManager(  375): Killing proc 1546:com.android.vending/u0a10042: force stop com.android.vending
W/PackageManager(  375): Trying to update system app code path from /data/app/com.android.vending-1.apk to /data/app/com.android.vending-2.apk
I/ActivityManager(  375): Force stopping package com.android.vending appid=10042 user=-1
W/PackageManager(  375): Code path for pkg : com.android.vending changing from /data/app/com.android.vending-1.apk to /data/app/com.android.vending-2.apk
W/PackageManager(  375): Resource path for pkg : com.android.vending changing from /data/app/com.android.vending-1.apk to /data/app/com.android.vending-2.apk
W/PackageManager(  375): Not granting permission android.permission.SEND_DOWNLOAD_COMPLETED_INTENTS to package com.google.android.browser (protectionLevel=2 flags=0x89be45)
W/PackageManager(  375): Not granting permission android.permission.READ_LOGS to package com.synergygb.tebca (protectionLevel=50 flags=0x88be44)
W/PackageManager(  375): Unknown permission android.permission.ADD_SYSTEM_SERVICE in package com.android.phone
W/PackageManager(  375): Unknown permission com.android.smspush.WAPPUSH_MANAGER_BIND in package com.android.phone
W/PackageManager(  375): Unknown permission com.android.vending.billing.IBillingAccountService.BIND2 in package com.google.android.gsf.login
W/PackageManager(  375): Unknown permission com.android.chrome.TOS_ACKED in package com.google.android.gsf.login
W/PackageManager(  375): Unknown permission com.android.gallery3d.permission.GALLERY_PROVIDER in package com.android.bluetooth
W/PackageManager(  375): Not granting permission android.permission.DEVICE_POWER to package com.google.android.deskclock (protectionLevel=2 flags=0xc8be45)
W/PackageManager(  375): Unknown permission android.permission.RECOVERY in package com.google.android.gms
W/PackageManager(  375): Not granting permission android.permission.READ_DREAM_STATE to package com.google.android.gms (protectionLevel=2 flags=0xc83ec5)
W/PackageManager(  375): Unknown permission android.permission.PROVIDE_TRUST_AGENT in package com.google.android.gms
W/PackageManager(  375): Unknown permission com.google.android.apps.enterprise.dmagent.permission.AutoSyncPermission in package com.google.android.gms
W/PackageManager(  375): Not granting permission android.permission.GET_APP_OPS_STATS to package com.google.android.gms (protectionLevel=50 flags=0xc83ec5)
W/PackageManager(  375): Not granting permission android.permission.UPDATE_APP_OPS_STATS to package com.google.android.gms (protectionLevel=18 flags=0xc83ec5)
W/PackageManager(  375): Unknown permission android.permission.CAPTURE_AUDIO_HOTWORD in package com.google.android.gms
W/PackageManager(  375): Unknown permission android.permission.MANAGE_VOICE_KEYPHRASES in package com.google.android.gms
W/PackageManager(  375): Unknown permission android.permission.REAL_GET_TASKS in package com.google.android.gms
W/PackageManager(  375): Unknown permission android.permission.ACCESS_NETWORK_CONDITIONS in package com.google.android.gms
W/PackageManager(  375): Unknown permission android.permission.MANAGE_DEVICE_ADMINS in package com.google.android.gms
W/PackageManager(  375): Unknown permission android.permission.READ_WIFI_CREDENTIAL in package com.google.android.gms
W/PackageManager(  375): Not granting permission android.permission.MODIFY_PHONE_STATE to package com.google.android.gms (protectionLevel=18 flags=0xc83ec5)
W/PackageManager(  375): Unknown permission android.permission.CONTROL_INCALL_EXPERIENCE in package com.google.android.gms
W/PackageManager(  375): Not granting permission android.permission.MANAGE_USB to package com.google.android.gms (protectionLevel=18 flags=0xc83ec5)
W/PackageManager(  375): Not granting permission android.permission.CALL_PRIVILEGED to package com.google.android.gms (protectionLevel=18 flags=0xc83ec5)
W/PackageManager(  375): Unknown permission android.permission.BLUETOOTH_PRIVILEGED in package com.google.android.gms
W/PackageManager(  375): Unknown permission android.permission.USER_ACTIVITY in package com.google.android.gms
W/PackageManager(  375): Unknown permission android.permission.MODIFY_AUDIO_ROUTING in package com.google.android.gms
W/PackageManager(  375): Unknown permission android.permission.CAPTURE_AUDIO_OUTPUT in package com.google.android.gms
W/PackageManager(  375): Unknown permission android.permission.CAPTURE_VIDEO_OUTPUT in package com.google.android.gms
W/PackageManager(  375): Unknown permission android.permission.CAPTURE_SECURE_VIDEO_OUTPUT in package com.google.android.gms
W/PackageManager(  375): Not granting permission android.permission.READ_FRAME_BUFFER to package com.google.android.gms (protectionLevel=18 flags=0xc83ec5)
W/PackageManager(  375): Unknown permission com.google.android.wearable.READ_SETTINGS in package com.google.android.gms
W/PackageManager(  375): Not granting permission android.permission.MODIFY_NETWORK_ACCOUNTING to package com.google.android.gms (protectionLevel=18 flags=0xc83ec5)
W/PackageManager(  375): Unknown permission android.permission.BODY_SENSORS in package com.google.android.gms
W/PackageManager(  375): Unknown permission com.android.voicemail.permission.READ_VOICEMAIL in package com.google.android.gms
W/PackageManager(  375): Not granting permission android.permission.FORCE_STOP_PACKAGES to package com.google.android.gms (protectionLevel=2 flags=0xc83ec5)
W/PackageManager(  375): Unknown permission android.permission.READ_OWNER_DATA in package com.google.android.setupwizard
W/PackageManager(  375): Unknown permission android.permission.WRITE_OWNER_DATA in package com.google.android.setupwizard
W/PackageManager(  375): Unknown permission com.facebook.orca.provider.ACCESS in package com.facebook.katana
W/PackageManager(  375): Unknown permission com.facebook.pages.app.provider.ACCESS in package com.facebook.katana
W/PackageManager(  375): Unknown permission com.sec.android.provider.badge.permission.READ in package com.facebook.katana
W/PackageManager(  375): Unknown permission com.sec.android.provider.badge.permission.WRITE in package com.facebook.katana
W/PackageManager(  375): Unknown permission com.htc.launcher.permission.READ_SETTINGS in package com.facebook.katana
W/PackageManager(  375): Unknown permission com.htc.launcher.permission.UPDATE_SHORTCUT in package com.facebook.katana
W/PackageManager(  375): Unknown permission com.sonyericsson.home.permission.BROADCAST_BADGE in package com.facebook.katana
W/PackageManager(  375): Unknown permission com.facebook.home.permission.WRITE_BADGES in package com.facebook.katana
W/PackageManager(  375): Unknown permission com.nokia.pushnotifications.permission.RECEIVE in package com.facebook.katana
W/PackageManager(  375): Unknown permission com.amazon.device.messaging.permission.RECEIVE in package com.facebook.katana
W/PackageManager(  375): Unknown permission com.google.android.voicesearch.SHORTCUTS_ACCESS in package com.google.android.googlequicksearchbox
W/PackageManager(  375): Unknown permission android.permission.MEDIA_CONTENT_CONTROL in package com.google.android.googlequicksearchbox
W/PackageManager(  375): Unknown permission com.google.android.apps.googlevoice.permission.AUTO_SEND in package com.google.android.googlequicksearchbox
W/PackageManager(  375): Unknown permission com.android.chrome.PRERENDER_URL in package com.google.android.googlequicksearchbox
W/PackageManager(  375): Unknown permission android.permission.CAPTURE_AUDIO_HOTWORD in package com.google.android.googlequicksearchbox
W/PackageManager(  375): Not granting permission android.permission.STOP_APP_SWITCHES to package com.google.android.googlequicksearchbox (protectionLevel=18 flags=0xdbbec5)
W/PackageManager(  375): Not granting permission android.permission.STATUS_BAR to package com.google.android.googlequicksearchbox (protectionLevel=18 flags=0xdbbec5)
W/PackageManager(  375): Unknown permission com.google.android.launcher.permission.CONTENT_REDIRECT in package com.google.android.googlequicksearchbox
W/PackageManager(  375): Not granting permission android.permission.BIND_APPWIDGET to package com.google.android.googlequicksearchbox (protectionLevel=18 flags=0xdbbec5)
W/PackageManager(  375): Not granting permission android.permission.UPDATE_DEVICE_STATS to package io.appium.settings (protectionLevel=18 flags=0x808446)
W/PackageManager(  375): Not granting permission android.permission.MODIFY_PHONE_STATE to package io.appium.settings (protectionLevel=18 flags=0x808446)
W/PackageManager(  375): Not granting permission android.permission.WRITE_SECURE_SETTINGS to package io.appium.settings (protectionLevel=50 flags=0x808446)
W/PackageManager(  375): Unknown permission android.permission.MANAGE_DOCUMENTS in package com.google.android.youtube
W/PackageManager(  375): Not granting permission android.permission.WRITE_MEDIA_STORAGE to package com.metago.astro (protectionLevel=18 flags=0x98be44)
W/PackageManager(  375): Not granting permission android.permission.READ_DREAM_STATE to package com.google.android.gsf (protectionLevel=2 flags=0x883e45)
W/PackageManager(  375): Unknown permission android.permission.REAL_GET_TASKS in package com.android.vending
W/PackageManager(  375): Not granting permission android.permission.SEND_DOWNLOAD_COMPLETED_INTENTS to package com.android.vending (protectionLevel=2 flags=0xabec5)
W/PackageManager(  375): Not granting permission android.permission.WRITE_SECURE_SETTINGS to package com.android.vending (protectionLevel=50 flags=0xabec5)
W/PackageManager(  375): Not granting permission android.permission.FORCE_STOP_PACKAGES to package com.android.vending (protectionLevel=2 flags=0xabec5)
I/ActivityManager(  375): Force stopping package com.android.vending appid=10042 user=0
I/ActivityManager(  375): Start proc com.android.keychain for broadcast com.android.keychain/.KeyChainBroadcastReceiver: pid=2872 uid=1000 gids={41000, 1015, 1028, 3002, 3001, 3003, 3007}
W/ContextImpl( 2872): Calling a method in the system process without a qualified user: android.app.ContextImpl.startService:1385 android.content.ContextWrapper.startService:473 android.content.ContextWrapper.startService:473 com.android.keychain.KeyChainBroadcastReceiver.onReceive:12 android.app.ActivityThread.handleReceiver:2424 
I/ActivityManager(  375): Start proc com.android.musicfx for broadcast com.android.musicfx/.Compatibility$Receiver: pid=2886 uid=10037 gids={50037, 3003, 3002, 1028}
I/ActivityManager(  375): No longer want com.google.android.deskclock (pid 1149): empty #17
D/BackupManagerService(  375): Received broadcast Intent { act=android.intent.action.PACKAGE_REMOVED dat=package:com.android.vending flg=0x8000010 (has extras) }
D/BackupManagerService(  375): Received broadcast Intent { act=android.intent.action.PACKAGE_ADDED dat=package:com.android.vending flg=0x8000010 (has extras) }
V/BackupManagerService(  375): removePackageParticipantsLocked: uid=10042 #1
V/BackupManagerService(  375): addPackageParticipantsLocked: #1
I/BackupManagerService(  375): Scheduling backup for new app com.android.vending
D/BackupManagerService(  375): Now staging backup of com.android.vending
I/ActivityManager(  375): No longer want com.google.android.keep (pid 510): empty #17
I/PackageManager(  375): Observer no longer exists.
I/ActivityManager(  375): Start proc com.android.vending for broadcast com.android.vending/com.google.android.finsky.receivers.PackageMonitorReceiver$RegisteredReceiver: pid=2906 uid=10042 gids={50042, 3003, 1015, 1028}
I/ActivityManager(  375): Start proc com.facebook.katana:dash for broadcast com.facebook.katana/com.facebook.dash.receivers.DashPackageUninstallReceiver: pid=2941 uid=10085 gids={50085, 1006, 1015, 1028, 3003}
I/ActivityManager(  375): No longer want com.android.providers.calendar (pid 1678): empty #17
I/ActivityManager(  375): No longer want com.google.android.gms:snet (pid 2185): empty #17
I/ActivityManager(  375): Start proc com.google.android.talk for broadcast com.google.android.talk/com.google.android.apps.babel.phone.PackageReplacedReceiver: pid=3007 uid=10050 gids={50050, 3003, 1015, 1006, 3002, 1028}
W/BroadcastQueue(  375): Permission Denial: broadcasting Intent { act=android.net.conn.INET_CONDITION_ACTION flg=0x8000010 (has extras) } from null (pid=-1, uid=-1) requires com.facebook.permission.prod.FB_APP_COMMUNICATION due to registered receiver BroadcastFilter{427d0280 u0 ReceiverList{431a9d88 2941 com.facebook.katana:dash/10085/u0 remote:431a4dd8}}
W/BroadcastQueue(  375): Permission Denial: broadcasting Intent { act=android.net.conn.CONNECTIVITY_CHANGE flg=0x8000010 (has extras) } from null (pid=-1, uid=-1) requires com.facebook.permission.prod.FB_APP_COMMUNICATION due to registered receiver BroadcastFilter{427d0280 u0 ReceiverList{431a9d88 2941 com.facebook.katana:dash/10085/u0 remote:431a4dd8}}
I/ActivityManager(  375): No longer want com.google.android.setupwizard (pid 2302): empty #17
I/ActivityManager(  375): Start proc com.google.android.apps.magazines for broadcast com.google.android.apps.magazines/com.google.apps.dots.android.app.receiver.FirstInstallNotificationReceiver: pid=3035 uid=10032 gids={50032, 3003, 1015, 1028}
I/ActivityManager(  375): No longer want com.google.android.gsf.login (pid 1942): empty #17
W/BroadcastQueue(  375): Permission Denial: broadcasting Intent { act=android.net.conn.CONNECTIVITY_CHANGE flg=0x8000010 (has extras) } from null (pid=-1, uid=-1) requires com.facebook.permission.prod.FB_APP_COMMUNICATION due to registered receiver BroadcastFilter{42904120 u0 ReceiverList{4291fd80 2941 com.facebook.katana:dash/10085/u0 remote:42980660}}
I/ActivityManager(  375): Start proc com.google.android.gsf.login for service com.google.android.gsf.login/com.google.android.gsf.loginservice.GoogleLoginService: pid=3190 uid=10009 gids={50009, 3003, 1007, 1028, 1015, 1006, 3002, 3001, 2001, 3006}
I/ActivityManager(  375): No longer want com.google.android.apps.uploader (pid 1841): empty #17
I/PowerManagerService(  375): Going to sleep due to screen timeout...
I/WindowManager(  375): No lock screen!
I/WindowManager(  375): Screenshot Window{42a08890 u0 com.android.launcher/com.android.launcher2.Launcher} was all black! mSurfaceLayer=21005 minLayer=21000 maxLayer=21005
I/ActivityManager(  375): Start proc com.google.android.deskclock for service com.google.android.deskclock/com.android.alarmclock.DigitalAppWidgetService: pid=3563 uid=10012 gids={50012, 1028}
D/PhoneStatusBar(  449): disable: < expand icons alerts ticker system_info back home RECENT* clock search >
D/PhoneStatusBar(  449): disable: < expand icons alerts ticker system_info BACK* HOME* RECENT CLOCK* search >
I/ActivityManager(  375): No longer want com.google.android.configupdater (pid 2252): empty #17
D/ConnectivityService(  375): handleInetConditionHoldEnd: net=1, condition=100, published condition=100
W/ProcessStats(  375): Skipping unknown process pid 4380
I/ActivityManager(  375): Start proc com.google.android.gms:snet for service com.google.android.gms/.security.snet.SnetLaunchService: pid=4559 uid=10009 gids={50009, 3003, 1007, 1028, 1015, 1006, 3002, 3001, 2001, 3006}
I/ActivityManager(  375): No longer want com.google.android.apps.genie.geniewidget (pid 2113): empty #17
I/PowerManagerService(  375): Waking up from sleep...
I/WindowManager(  375): Lock screen displayed!
I/ActivityManager(  375): Start proc com.google.android.apps.uploader for broadcast com.google.android.apps.uploader/com.google.android.picasasync.BatteryReceiver: pid=5368 uid=10034 gids={50034, 3003, 1015, 1028}
I/ActivityManager(  375): No longer want com.google.android.gms.unstable (pid 2074): empty #17
I/ActivityManager(  375): No longer want com.android.defcontainer (pid 2786): empty #17
I/PowerManagerService(  375): Going to sleep due to screen timeout...
D/ConnectivityService(  375): handleInetConditionHoldEnd: net=1, condition=100, published condition=100
W/ProcessStats(  375): Skipping unknown process pid 5404
W/ProcessStats(  375): Skipping unknown process pid 5405
W/ProcessStats(  375): Skipping unknown process pid 5406
W/ProcessStats(  375): Skipping unknown process pid 5407
W/ProcessStats(  375): Skipping unknown process pid 5408
D/ConnectivityService(  375): handleInetConditionHoldEnd: net=1, condition=100, published condition=100
D/ConnectivityService(  375): handleInetConditionHoldEnd: net=1, condition=100, published condition=100
D/ConnectivityService(  375): handleInetConditionHoldEnd: net=1, condition=100, published condition=100
D/ConnectivityService(  375): handleInetConditionHoldEnd: net=1, condition=100, published condition=100
D/ConnectivityService(  375): handleInetConditionHoldEnd: net=1, condition=100, published condition=100
D/ConnectivityService(  375): handleInetConditionHoldEnd: net=1, condition=100, published condition=100
D/ConnectivityService(  375): handleInetConditionHoldEnd: net=1, condition=100, published condition=100
D/ConnectivityService(  375): handleInetConditionHoldEnd: net=1, condition=100, published condition=100
D/ConnectivityService(  375): handleInetConditionHoldEnd: net=1, condition=100, published condition=100
D/ConnectivityService(  375): handleInetConditionHoldEnd: net=1, condition=100, published condition=100
D/ConnectivityService(  375): handleInetConditionHoldEnd: net=1, condition=100, published condition=100
D/ConnectivityService(  375): handleInetConditionHoldEnd: net=1, condition=100, published condition=100
D/ConnectivityService(  375): handleInetConditionHoldEnd: net=1, condition=100, published condition=100
D/ConnectivityService(  375): handleInetConditionHoldEnd: net=1, condition=100, published condition=100
D/ConnectivityService(  375): handleInetConditionHoldEnd: net=1, condition=100, published condition=100
D/ConnectivityService(  375): handleInetConditionHoldEnd: net=1, condition=100, published condition=100
I/ActivityManager(  375): Start proc com.google.android.apps.genie.geniewidget for broadcast com.google.android.apps.genie.geniewidget/.miniwidget.UpdateReceiver: pid=5861 uid=10018 gids={50018, 3003, 1015, 1028}
I/ActivityManager(  375): No longer want com.android.keychain (pid 2872): empty #17
D/ConnectivityService(  375): handleInetConditionHoldEnd: net=1, condition=100, published condition=100
D/ConnectivityService(  375): handleInetConditionHoldEnd: net=1, condition=100, published condition=100
D/ConnectivityService(  375): handleInetConditionHoldEnd: net=1, condition=100, published condition=100
D/ConnectivityService(  375): handleInetConditionHoldEnd: net=1, condition=100, published condition=100
D/ConnectivityService(  375): handleInetConditionHoldEnd: net=1, condition=100, published condition=100
D/ConnectivityService(  375): handleInetConditionHoldEnd: net=1, condition=100, published condition=100
D/ConnectivityService(  375): handleInetConditionHoldEnd: net=1, condition=100, published condition=100
D/ConnectivityService(  375): handleInetConditionHoldEnd: net=1, condition=100, published condition=100
D/ConnectivityService(  375): handleInetConditionHoldEnd: net=1, condition=100, published condition=100
D/ConnectivityService(  375): handleInetConditionHoldEnd: net=1, condition=100, published condition=100
I/PowerManagerService(  375): Waking up from sleep...
I/WindowManager(  375): Lock screen displayed!
I/EntropyMixer(  375): Writing entropy...
D/UsbDebuggingManager(  375): Received public key: QAAAAJOgQMJlgvJAxPP9jxs5zCeeeYMMsI8uhqfUQMW0tb3PyPHNCKi0oMUWBQGZ7LqTUaQSKg/Aj+N4fPUAGMzqUnLQRFUtfxnyTtEkW2PhI9NmJunfK+RfXJU/gYIjUaCmhylfHnqrGztjWm3sP509ydF97JzBG6AQq30MmZQSpyfud2n+BKCZGS65hKQZ8JZuw+GMRSiR/cPL4RVQcYTgWUap1yjejeeQM4rd2+f3c4eD9rhwhRIUXTjhnNOZguxyYgWkmnuEjsrb9M0mVvSIdbrLfb1nlHDyLjqh96VjoeGsZPdxuNsGLVtQmw0GvTbZvR9oekQ4Oo8Nb6c3J9DLtaAbGXDiAAgnuzDIUTRHpiwlWmZduUiGbhCv0O13C6NqFzPNhuL8HYBMmmuUzsca7mV9JsYJ0NQK/7kFGnO0wYkxWx3sMHTbpJj53roL+GjnrFGGdmbgHe7xoCRbaUYFLE93xWe4cpEFzk2A1OmocODOCDsxHPThvXVWY3BPKjjK8E/1YkwxFltzNmIinREz1ztuSIX5FcFRXEb0V/6QpXzbfSw1OlgUh2w/mnZ5eDJsDNzZDGoxUb54JOWS3yvjC8pWgJ+JUua3ijHnYo1G63xvvf9qqTp32tXE3/AIl+awXTX5l7047u54tsWTbn8+hg1JYk0ANyTU88vaq8yxtxVDHs7mbwEAAQA=
W/ContextImpl(  375): Calling a method in the system process without a qualified user: android.app.ContextImpl.startActivity:939 com.android.server.usb.UsbDebuggingManager.showConfirmationDialog:259 com.android.server.usb.UsbDebuggingManager.access$900:46 com.android.server.usb.UsbDebuggingManager$UsbDebuggingHandler.handleMessage:215 android.os.Handler.dispatchMessage:99 
W/ContextImpl(  375): Calling a method in the system process without a qualified user: android.app.ContextImpl.startActivity:951 android.app.ContextImpl.startActivity:940 com.android.server.usb.UsbDebuggingManager.showConfirmationDialog:259 com.android.server.usb.UsbDebuggingManager.access$900:46 com.android.server.usb.UsbDebuggingManager$UsbDebuggingHandler.handleMessage:215 
I/ActivityManager(  375): START u0 {flg=0x10000000 cmp=com.android.systemui/.usb.UsbDebuggingActivity (has extras)} from pid 375
W/PowerUI (  449): unknown intent: Intent { act=android.intent.action.ACTION_POWER_CONNECTED flg=0x8000010 }
D/PhoneStatusBar(  449): disable: < expand icons alerts ticker system_info BACK HOME recent* CLOCK search >
D/PhoneStatusBar(  449): disable: < expand icons alerts ticker system_info back* home* recent clock* search >
W/InputMethodManagerService(  375): Window already focused, ignoring focus gain of: com.android.internal.view.IInputMethodClient$Stub$Proxy@42c4ef98 attribute=android.view.inputmethod.EditorInfo@43247930, token = android.os.BinderProxy@4281e460
D/ConnectivityService(  375): handleInetConditionHoldEnd: net=1, condition=100, published condition=100
V/PanelView(  449): animationTick called with dtms=0; nothing to do (h=815.0 v=2068.2822)
V/PanelView(  449): animationTick called with dtms=-8; nothing to do (h=815.0 v=2068.2822)
V/PanelView(  449): animationTick called with dtms=0; nothing to do (h=1184.0 v=-4000.0)
V/PanelView(  449): animationTick called with dtms=0; nothing to do (h=1184.0 v=-4000.0)
W/InputMethodManagerService(  375): Window already focused, ignoring focus gain of: com.android.internal.view.IInputMethodClient$Stub$Proxy@42998678 attribute=null, token = android.os.BinderProxy@4281e460
D/UsbDebuggingManager(  375): Received public key: QAAAADPqPoYF3zFF+DmFDGU6AOwUvdCVtK/a3H5wQZhe08qRcioJVdRUb317a8CNuVbsDezkfziQDqbA1CkWxMN80Fm/gcZfSU2rL1f6soec2EgkP4IeLuIxiCUI1jZZsQti8kvdWCC8WvUF0rRZ9p2Nf/dByGUyuS5s0kru5kKBwQvcdGY9ynkqabDBzOe77TPFEb8TkVvRrmHqsCUYw9f2JMmEfgx9BJxuWs2qZ+TIg27RqwiIm7Id0rXWrZUyBc4XgIdfcBr8zYzRg6/xIDFQNeLjlT0+FUbcq/xBv972HvozG53doH9MSWXP6f1fskOFEhL59O/60nSyn0sNR4o0dWayMNCx4URN7M08c0mqY2ftpnFcy8h07htZrxc2RWaMqPJYyNt8AMRAJ5AYFjDjDXaJ0VS/SnD14j9KPLQG/sIeu+9IfU/qNYJTrBnYLYp/DeYFwMog73+FyM2hTZF2HCEB5mG3adGVk/ZhKihrtxfRYw22lCeF8ZWqc0dG4QU6N8Iqfml7jOf6rkpzadGv/pcZnuhQy4Jf2MzvmIbbXeYOgLY2C2Fa9iAAf4AKURFBqGcAA1MmQfZXQW0afN4KwuBhpMvjMuCFVvz1MBTrtMlwdHEMx1g8yghLmr/NTl9kPzYXCmWw1jvdHs7HO06kaIFlSsvjyTirUR0wPQocWDO1riswGAEAAQA= @synergy-training12
W/ContextImpl(  375): Calling a method in the system process without a qualified user: android.app.ContextImpl.startActivity:939 com.android.server.usb.UsbDebuggingManager.showConfirmationDialog:259 com.android.server.usb.UsbDebuggingManager.access$900:46 com.android.server.usb.UsbDebuggingManager$UsbDebuggingHandler.handleMessage:215 android.os.Handler.dispatchMessage:99 
W/ContextImpl(  375): Calling a method in the system process without a qualified user: android.app.ContextImpl.startActivity:951 android.app.ContextImpl.startActivity:940 com.android.server.usb.UsbDebuggingManager.showConfirmationDialog:259 com.android.server.usb.UsbDebuggingManager.access$900:46 com.android.server.usb.UsbDebuggingManager$UsbDebuggingHandler.handleMessage:215 
I/ActivityManager(  375): START u0 {flg=0x10000000 cmp=com.android.systemui/.usb.UsbDebuggingActivity (has extras)} from pid 375
I/EntropyMixer(  375): Writing entropy...
W/PowerUI (  449): unknown intent: Intent { act=android.intent.action.ACTION_POWER_CONNECTED flg=0x8000010 }
W/InputMethodManagerService(  375): Window already focused, ignoring focus gain of: com.android.internal.view.IInputMethodClient$Stub$Proxy@42c1e158 attribute=null, token = android.os.BinderProxy@4281e460
I/ActivityManager(  375): START u0 {act=android.intent.action.MAIN cat=[android.intent.category.HOME] flg=0x10200000 cmp=com.android.launcher/com.android.launcher2.Launcher} from pid 375
I/ActivityManager(  375): START u0 {act=com.android.systemui.recent.action.TOGGLE_RECENTS flg=0x10800000 cmp=com.android.systemui/.recent.RecentsActivity} from pid 449
I/ActivityManager(  375): START u0 {act=com.android.systemui.recent.action.TOGGLE_RECENTS flg=0x10800000 cmp=com.android.systemui/.recent.RecentsActivity} from pid 449
I/ActivityManager(  375): START u0 {act=android.intent.action.MAIN cat=[android.intent.category.HOME] flg=0x10200000 cmp=com.android.launcher/com.android.launcher2.Launcher} from pid 375
I/PowerManagerService(  375): Going to sleep due to screen timeout...
I/WindowManager(  375): Screenshot Window{42a08890 u0 com.android.launcher/com.android.launcher2.Launcher} was all black! mSurfaceLayer=21005 minLayer=21000 maxLayer=21005
I/PowerManagerService(  375): Waking up from sleep...
I/WindowManager(  375): No lock screen!
V/PanelView(  449): animationTick called with dtms=0; nothing to do (h=990.0 v=-991.2275)
V/PanelView(  449): animationTick called with dtms=-2; nothing to do (h=990.0 v=-991.2275)
W/InputMethodManagerService(  375): Window already focused, ignoring focus gain of: com.android.internal.view.IInputMethodClient$Stub$Proxy@42c2c1a8 attribute=android.view.inputmethod.EditorInfo@42c327c0, token = android.os.BinderProxy@4281e460
V/PanelView(  449): animationTick called with dtms=0; nothing to do (h=403.0 v=849.462)
V/PanelView(  449): animationTick called with dtms=-14; nothing to do (h=403.0 v=849.462)
V/PanelView(  449): animationTick called with dtms=0; nothing to do (h=1184.0 v=-4000.0)
W/InputMethodManagerService(  375): Window already focused, ignoring focus gain of: com.android.internal.view.IInputMethodClient$Stub$Proxy@429db7e8 attribute=null, token = android.os.BinderProxy@4281e460
V/DeadZone(  449): consuming errant click: (164.0,21.0)
V/DeadZone(  449): consuming errant click: (139.0,18.0)
V/DeadZone(  449): consuming errant click: (179.0,18.0)
V/DeadZone(  449): consuming errant click: (200.0,18.0)
W/ProcessStats(  375): Skipping unknown process pid 7649
D/ConnectivityService(  375): handleInetConditionHoldEnd: net=1, condition=100, published condition=100
V/PanelView(  449): animationTick called with dtms=0; nothing to do (h=1.8185472 v=0.0)
V/PanelView(  449): animationTick called with dtms=-10; nothing to do (h=1.8185472 v=0.0)
W/InputMethodManagerService(  375): Window already focused, ignoring focus gain of: com.android.internal.view.IInputMethodClient$Stub$Proxy@42c46178 attribute=null, token = android.os.BinderProxy@4281e460
I/PowerManagerService(  375): Going to sleep due to screen timeout...
D/PhoneStatusBar(  449): disable: < expand icons alerts ticker system_info back home RECENT* clock search >
D/PhoneStatusBar(  449): disable: < expand icons alerts ticker system_info BACK* HOME* RECENT CLOCK* search >
W/ProcessStats(  375): Skipping unknown process pid 9356
D/ConnectivityService(  375): ConnectivityChange for WIFI: DISCONNECTED/DISCONNECTED
D/ConnectivityService(  375): Attempting to switch to mobile
D/ConnectivityService(  375): Attempting to switch to BLUETOOTH_TETHER
D/ConnectivityService(  375): Attempting to switch to ETHERNET
D/ConnectivityService(  375): resetConnections(wlan0, 3)
D/Nat464Xlat(  375): requiresClat: netType=1, hasIPv4Address=false
D/ConnectivityService(  375): handleInetConditionChange: no active default network - ignore
D/ConnectivityService(  375): handleInetConditionChange: no active default network - ignore
I/ActivityManager(  375): Start proc com.google.android.music:main for broadcast com.google.android.music/.homewidgets.IFLWidgetProvider: pid=9674 uid=10036 gids={50036, 3003, 1015, 1028}
I/ActivityManager(  375): Start proc com.android.mms for broadcast com.android.mms/.transaction.MmsSystemEventReceiver: pid=9704 uid=10035 gids={50035, 3003, 1015, 1028}
D/CountryDetector(  375): The first listener is added
I/ActivityManager(  375): No longer want com.facebook.katana:dash (pid 2941): empty #17
W/SocketClient(  121): write error (Broken pipe)
D/ConnectivityService(  375): handleInetConditionChange: no active default network - ignore
D/ConnectivityService(  375): Captive portal check NetworkInfo: type: WIFI[], state: CONNECTING/CAPTIVE_PORTAL_CHECK, reason: (unspecified), extra: "SGB-TS", roaming: false, failover: false, isAvailable: true
D/ConnectivityService(  375): ConnectivityChange for WIFI: CONNECTED/CONNECTED
D/Nat464Xlat(  375): requiresClat: netType=1, hasIPv4Address=true
D/ConnectivityService(  375): NetTransition Wakelock for ConnectedState released by timeout
D/ConnectivityService(  375): handleInetConditionHoldEnd: net=1, condition=100, published condition=0
W/ProcessStats(  375): Skipping unknown process pid 10106
I/PowerManagerService(  375): Waking up from sleep...
I/WindowManager(  375): Lock screen displayed!
D/PhoneStatusBar(  449): disable: < expand icons alerts ticker system_info BACK HOME recent* CLOCK search >
D/PhoneStatusBar(  449): disable: < expand icons alerts ticker system_info back* home* recent clock* search >
W/InputMethodManagerService(  375): Window already focused, ignoring focus gain of: com.android.internal.view.IInputMethodClient$Stub$Proxy@42990fd0 attribute=android.view.inputmethod.EditorInfo@42b7c200, token = android.os.BinderProxy@4281e460
I/ActivityManager(  375): START u0 {act=android.intent.action.MAIN cat=[android.intent.category.LAUNCHER] flg=0x10200000 pkg=com.metago.astro cmp=com.metago.astro/.MainActivity bnds=[360,585][520,785]} from pid 631
I/ActivityManager(  375): Start proc com.metago.astro for activity com.metago.astro/.MainActivity: pid=10263 uid=10063 gids={50063, 3003, 1015, 1028}
I/ActivityManager(  375): START u0 {act=android.intent.action.MAIN cat=[android.intent.category.HOME] flg=0x10200000 cmp=com.android.launcher/com.android.launcher2.Launcher} from pid 375
I/ActivityManager(  375): START u0 {act=android.intent.action.MAIN cat=[android.intent.category.HOME] flg=0x10200000 cmp=com.android.launcher/com.android.launcher2.Launcher} from pid 375
I/ActivityManager(  375): START u0 {act=android.intent.action.MAIN cat=[android.intent.category.HOME] flg=0x10200000 cmp=com.android.launcher/com.android.launcher2.Launcher} from pid 375
I/ActivityManager(  375): START u0 {act=android.intent.action.MAIN cat=[android.intent.category.HOME] flg=0x10200000 cmp=com.android.launcher/com.android.launcher2.Launcher} from pid 375
I/ActivityManager(  375): START u0 {act=android.intent.action.MAIN cat=[android.intent.category.HOME] flg=0x10200000 cmp=com.android.launcher/com.android.launcher2.Launcher} from pid 375
I/ActivityManager(  375): START u0 {act=android.intent.action.MAIN cat=[android.intent.category.HOME] flg=0x10200000 cmp=com.android.launcher/com.android.launcher2.Launcher} from pid 375
I/ActivityManager(  375): START u0 {act=android.intent.action.MAIN cat=[android.intent.category.HOME] flg=0x10200000 cmp=com.android.launcher/com.android.launcher2.Launcher} from pid 375
I/ActivityManager(  375): START u0 {act=android.intent.action.MAIN cat=[android.intent.category.HOME] flg=0x10200000 cmp=com.android.launcher/com.android.launcher2.Launcher} from pid 375
I/ActivityManager(  375): START u0 {act=android.intent.action.MAIN cat=[android.intent.category.HOME] flg=0x10200000 cmp=com.android.launcher/com.android.launcher2.Launcher} from pid 375
I/ActivityManager(  375): START u0 {act=android.intent.action.MAIN cat=[android.intent.category.HOME] flg=0x10200000 cmp=com.android.launcher/com.android.launcher2.Launcher} from pid 375
I/ActivityManager(  375): START u0 {act=android.intent.action.MAIN cat=[android.intent.category.HOME] flg=0x10200000 cmp=com.android.launcher/com.android.launcher2.Launcher} from pid 375
I/ActivityManager(  375): START u0 {act=android.intent.action.MAIN cat=[android.intent.category.HOME] flg=0x10200000 cmp=com.android.launcher/com.android.launcher2.Launcher} from pid 375
D/ConnectivityService(  375): ConnectivityChange for WIFI: DISCONNECTED/DISCONNECTED
D/ConnectivityService(  375): Attempting to switch to mobile
D/ConnectivityService(  375): Attempting to switch to BLUETOOTH_TETHER
D/ConnectivityService(  375): Attempting to switch to ETHERNET
D/ConnectivityService(  375): resetConnections(wlan0, 3)
D/Nat464Xlat(  375): requiresClat: netType=1, hasIPv4Address=false
D/ConnectivityService(  375): handleInetConditionChange: no active default network - ignore
D/ConnectivityService(  375): handleInetConditionChange: no active default network - ignore
D/ConnectivityService(  375): handleInetConditionChange: no active default network - ignore
W/ProcessStats(  375): Skipping unknown process pid 10878
D/ConnectivityService(  375): Captive portal check NetworkInfo: type: WIFI[], state: CONNECTING/CAPTIVE_PORTAL_CHECK, reason: (unspecified), extra: "SGB-TS", roaming: false, failover: false, isAvailable: true
D/ConnectivityService(  375): ConnectivityChange for WIFI: CONNECTED/CONNECTED
D/Nat464Xlat(  375): requiresClat: netType=1, hasIPv4Address=true
D/ConnectivityService(  375): NetTransition Wakelock for ConnectedState released by timeout
D/ConnectivityService(  375): handleInetConditionHoldEnd: net=1, condition=100, published condition=0
I/PowerManagerService(  375): Going to sleep due to screen timeout...
I/WindowManager(  375): Screenshot Window{42a08890 u0 com.android.launcher/com.android.launcher2.Launcher} was all black! mSurfaceLayer=21010 minLayer=21005 maxLayer=21010
W/ProcessStats(  375): Skipping unknown process pid 11390
I/PowerManagerService(  375): Waking up from sleep...
I/WindowManager(  375): No lock screen!
I/ActivityManager(  375): Start proc com.android.defcontainer for service com.android.defcontainer/.DefaultContainerService: pid=12028 uid=10011 gids={50011, 1015, 1023, 2001, 1028}
I/ActivityManager(  375): No longer want com.google.android.partnersetup (pid 2281): empty #17
W/ActivityManager(  375): No content provider found for permission revoke: file:///data/local/tmp/CordovaApp-debug.apk
W/ActivityManager(  375): No content provider found for permission revoke: file:///data/local/tmp/CordovaApp-debug.apk
I/PackageManager(  375): Copying native libraries to /data/app-lib/vmdl-1458058571
I/ActivityManager(  375): Force stopping package com.ionicframework.banca386741 appid=10086 user=-1
I/PackageManager(  375): Package com.ionicframework.banca386741 codePath changed from /data/app/com.ionicframework.banca386741-1.apk to /data/app/com.ionicframework.banca386741-2.apk; Retaining data and using new
I/ActivityManager(  375): Force stopping package com.ionicframework.banca386741 appid=10086 user=-1
W/PackageManager(  375): Code path for pkg : com.ionicframework.banca386741 changing from /data/app/com.ionicframework.banca386741-1.apk to /data/app/com.ionicframework.banca386741-2.apk
W/PackageManager(  375): Resource path for pkg : com.ionicframework.banca386741 changing from /data/app/com.ionicframework.banca386741-1.apk to /data/app/com.ionicframework.banca386741-2.apk
I/ActivityManager(  375): Force stopping package com.ionicframework.banca386741 appid=10086 user=0
I/ActivityManager(  375): Start proc com.android.keychain for broadcast com.android.keychain/.KeyChainBroadcastReceiver: pid=12098 uid=1000 gids={41000, 1015, 1028, 3002, 3001, 3003, 3007}
W/ContextImpl(12098): Calling a method in the system process without a qualified user: android.app.ContextImpl.startService:1385 android.content.ContextWrapper.startService:473 android.content.ContextWrapper.startService:473 com.android.keychain.KeyChainBroadcastReceiver.onReceive:12 android.app.ActivityThread.handleReceiver:2424 
I/ActivityManager(  375): No longer want com.android.vending (pid 2906): empty #17
I/ActivityManager(  375): Start proc com.android.vending for broadcast com.android.vending/com.google.android.finsky.receivers.PackageMonitorReceiver$RegisteredReceiver: pid=12129 uid=10042 gids={50042, 3003, 1015, 1028}
D/BackupManagerService(  375): Received broadcast Intent { act=android.intent.action.PACKAGE_REMOVED dat=package:com.ionicframework.banca386741 flg=0x8000010 (has extras) }
